[2023-05-07T01:02:15.333-0300][gc] Using G1
[2023-05-07T01:02:15.390-0300][gc,init] Version: 17.0.6+10-Ubuntu-0ubuntu122.04 (release)
[2023-05-07T01:02:15.390-0300][gc,init] CPUs: 4 total, 4 available
[2023-05-07T01:02:15.390-0300][gc,init] Memory: 7834M
[2023-05-07T01:02:15.390-0300][gc,init] Large Page Support: Disabled
[2023-05-07T01:02:15.390-0300][gc,init] NUMA Support: Disabled
[2023-05-07T01:02:15.390-0300][gc,init] Compressed Oops: Enabled (32-bit)
[2023-05-07T01:02:15.390-0300][gc,init] Heap Region Size: 1M
[2023-05-07T01:02:15.390-0300][gc,init] Heap Min Capacity: 1G
[2023-05-07T01:02:15.390-0300][gc,init] Heap Initial Capacity: 1G
[2023-05-07T01:02:15.390-0300][gc,init] Heap Max Capacity: 1G
[2023-05-07T01:02:15.390-0300][gc,init] Pre-touch: Disabled
[2023-05-07T01:02:15.390-0300][gc,init] Parallel Workers: 4
[2023-05-07T01:02:15.390-0300][gc,init] Concurrent Workers: 1
[2023-05-07T01:02:15.390-0300][gc,init] Concurrent Refinement Workers: 4
[2023-05-07T01:02:15.390-0300][gc,init] Periodic GC: Disabled
[2023-05-07T01:02:15.390-0300][gc,metaspace] CDS archive(s) mapped at: [0x0000000800000000-0x0000000800be3000-0x0000000800be3000), size 12464128, SharedBaseAddress: 0x0000000800000000, ArchiveRelocationMode: 0.
[2023-05-07T01:02:15.390-0300][gc,metaspace] Compressed class space mapped at: 0x0000000800c00000-0x0000000840c00000, reserved size: 1073741824
[2023-05-07T01:02:15.390-0300][gc,metaspace] Narrow klass base: 0x0000000800000000, Narrow klass shift: 0, Narrow klass range: 0x100000000
[2023-05-07T01:02:20.439-0300][gc,start    ] GC(0) Pause Young (Normal) (G1 Evacuation Pause)
[2023-05-07T01:02:20.442-0300][gc,task     ] GC(0) Using 4 workers of 4 for evacuation
[2023-05-07T01:02:20.472-0300][gc,mmu      ] GC(0) MMU target violated: 21,0ms (20,0ms/21,0ms)
[2023-05-07T01:02:20.472-0300][gc,phases   ] GC(0)   Pre Evacuate Collection Set: 0,6ms
[2023-05-07T01:02:20.473-0300][gc,phases   ] GC(0)   Merge Heap Roots: 0,1ms
[2023-05-07T01:02:20.473-0300][gc,phases   ] GC(0)   Evacuate Collection Set: 28,1ms
[2023-05-07T01:02:20.473-0300][gc,phases   ] GC(0)   Post Evacuate Collection Set: 1,0ms
[2023-05-07T01:02:20.473-0300][gc,phases   ] GC(0)   Other: 4,0ms
[2023-05-07T01:02:20.473-0300][gc,heap     ] GC(0) Eden regions: 51->0(44)
[2023-05-07T01:02:20.473-0300][gc,heap     ] GC(0) Survivor regions: 0->7(7)
[2023-05-07T01:02:20.473-0300][gc,heap     ] GC(0) Old regions: 0->1
[2023-05-07T01:02:20.473-0300][gc,heap     ] GC(0) Archive regions: 2->2
[2023-05-07T01:02:20.473-0300][gc,heap     ] GC(0) Humongous regions: 0->0
[2023-05-07T01:02:20.473-0300][gc,metaspace] GC(0) Metaspace: 18669K(18816K)->18669K(18816K) NonClass: 16444K(16512K)->16444K(16512K) Class: 2225K(2304K)->2225K(2304K)
[2023-05-07T01:02:20.473-0300][gc          ] GC(0) Pause Young (Normal) (G1 Evacuation Pause) 51M->8M(1024M) 34,021ms
[2023-05-07T01:02:20.473-0300][gc,cpu      ] GC(0) User=0,02s Sys=0,01s Real=0,04s
[2023-05-07T01:02:21.501-0300][gc,start    ] GC(1) Pause Young (Concurrent Start) (Metadata GC Threshold)
[2023-05-07T01:02:21.501-0300][gc,task     ] GC(1) Using 4 workers of 4 for evacuation
[2023-05-07T01:02:21.512-0300][gc,phases   ] GC(1)   Pre Evacuate Collection Set: 0,2ms
[2023-05-07T01:02:21.512-0300][gc,phases   ] GC(1)   Merge Heap Roots: 0,0ms
[2023-05-07T01:02:21.512-0300][gc,phases   ] GC(1)   Evacuate Collection Set: 8,0ms
[2023-05-07T01:02:21.512-0300][gc,phases   ] GC(1)   Post Evacuate Collection Set: 2,1ms
[2023-05-07T01:02:21.512-0300][gc,phases   ] GC(1)   Other: 0,3ms
[2023-05-07T01:02:21.512-0300][gc,heap     ] GC(1) Eden regions: 12->0(49)
[2023-05-07T01:02:21.512-0300][gc,heap     ] GC(1) Survivor regions: 7->2(7)
[2023-05-07T01:02:21.512-0300][gc,heap     ] GC(1) Old regions: 1->8
[2023-05-07T01:02:21.512-0300][gc,heap     ] GC(1) Archive regions: 2->2
[2023-05-07T01:02:21.512-0300][gc,heap     ] GC(1) Humongous regions: 129->129
[2023-05-07T01:02:21.512-0300][gc,metaspace] GC(1) Metaspace: 21299K(21504K)->21299K(21504K) NonClass: 18739K(18816K)->18739K(18816K) Class: 2559K(2688K)->2559K(2688K)
[2023-05-07T01:02:21.512-0300][gc          ] GC(1) Pause Young (Concurrent Start) (Metadata GC Threshold) 149M->138M(1024M) 10,748ms
[2023-05-07T01:02:21.512-0300][gc,cpu      ] GC(1) User=0,03s Sys=0,01s Real=0,02s
[2023-05-07T01:02:21.512-0300][gc          ] GC(2) Concurrent Mark Cycle
[2023-05-07T01:02:21.512-0300][gc,marking  ] GC(2) Concurrent Clear Claimed Marks
[2023-05-07T01:02:21.512-0300][gc,marking  ] GC(2) Concurrent Clear Claimed Marks 0,026ms
[2023-05-07T01:02:21.512-0300][gc,marking  ] GC(2) Concurrent Scan Root Regions
[2023-05-07T01:02:21.519-0300][gc,marking  ] GC(2) Concurrent Scan Root Regions 6,774ms
[2023-05-07T01:02:21.519-0300][gc,marking  ] GC(2) Concurrent Mark
[2023-05-07T01:02:21.519-0300][gc,marking  ] GC(2) Concurrent Mark From Roots
[2023-05-07T01:02:21.519-0300][gc,task     ] GC(2) Using 1 workers of 1 for marking
[2023-05-07T01:02:21.523-0300][gc,marking  ] GC(2) Concurrent Mark From Roots 3,943ms
[2023-05-07T01:02:21.523-0300][gc,marking  ] GC(2) Concurrent Preclean
[2023-05-07T01:02:21.523-0300][gc,marking  ] GC(2) Concurrent Preclean 0,084ms
[2023-05-07T01:02:21.524-0300][gc,start    ] GC(2) Pause Remark
[2023-05-07T01:02:21.527-0300][gc          ] GC(2) Pause Remark 139M->139M(1024M) 2,722ms
[2023-05-07T01:02:21.527-0300][gc,cpu      ] GC(2) User=0,01s Sys=0,00s Real=0,00s
[2023-05-07T01:02:21.528-0300][gc,marking  ] GC(2) Concurrent Mark 8,593ms
[2023-05-07T01:02:21.528-0300][gc,marking  ] GC(2) Concurrent Rebuild Remembered Sets
[2023-05-07T01:02:21.533-0300][gc,marking  ] GC(2) Concurrent Rebuild Remembered Sets 5,567ms
[2023-05-07T01:02:21.534-0300][gc,start    ] GC(2) Pause Cleanup
[2023-05-07T01:02:21.535-0300][gc          ] GC(2) Pause Cleanup 139M->139M(1024M) 0,275ms
[2023-05-07T01:02:21.535-0300][gc,cpu      ] GC(2) User=0,00s Sys=0,00s Real=0,00s
[2023-05-07T01:02:21.535-0300][gc,marking  ] GC(2) Concurrent Cleanup for Next Mark
[2023-05-07T01:02:21.552-0300][gc,marking  ] GC(2) Concurrent Cleanup for Next Mark 17,517ms
[2023-05-07T01:02:21.553-0300][gc          ] GC(2) Concurrent Mark Cycle 40,195ms
[2023-05-07T01:02:25.059-0300][gc,start    ] GC(3) Pause Young (Normal) (G1 Evacuation Pause)
[2023-05-07T01:02:25.059-0300][gc,task     ] GC(3) Using 4 workers of 4 for evacuation
[2023-05-07T01:02:25.086-0300][gc,mmu      ] GC(3) MMU target violated: 21,0ms (20,0ms/21,0ms)
[2023-05-07T01:02:25.086-0300][gc,phases   ] GC(3)   Pre Evacuate Collection Set: 0,3ms
[2023-05-07T01:02:25.086-0300][gc,phases   ] GC(3)   Merge Heap Roots: 0,1ms
[2023-05-07T01:02:25.086-0300][gc,phases   ] GC(3)   Evacuate Collection Set: 25,1ms
[2023-05-07T01:02:25.086-0300][gc,phases   ] GC(3)   Post Evacuate Collection Set: 1,3ms
[2023-05-07T01:02:25.086-0300][gc,phases   ] GC(3)   Other: 0,3ms
[2023-05-07T01:02:25.086-0300][gc,heap     ] GC(3) Eden regions: 49->0(45)
[2023-05-07T01:02:25.086-0300][gc,heap     ] GC(3) Survivor regions: 2->6(7)
[2023-05-07T01:02:25.086-0300][gc,heap     ] GC(3) Old regions: 8->8
[2023-05-07T01:02:25.086-0300][gc,heap     ] GC(3) Archive regions: 2->2
[2023-05-07T01:02:25.086-0300][gc,heap     ] GC(3) Humongous regions: 129->129
[2023-05-07T01:02:25.086-0300][gc,metaspace] GC(3) Metaspace: 32782K(33024K)->32782K(33024K) NonClass: 29108K(29248K)->29108K(29248K) Class: 3674K(3776K)->3674K(3776K)
[2023-05-07T01:02:25.086-0300][gc          ] GC(3) Pause Young (Normal) (G1 Evacuation Pause) 187M->142M(1024M) 27,177ms
[2023-05-07T01:02:25.086-0300][gc,cpu      ] GC(3) User=0,03s Sys=0,00s Real=0,03s
[2023-05-07T01:02:32.255-0300][gc,start    ] GC(4) Pause Young (Concurrent Start) (Metadata GC Threshold)
[2023-05-07T01:02:32.255-0300][gc,task     ] GC(4) Using 4 workers of 4 for evacuation
[2023-05-07T01:02:32.272-0300][gc,phases   ] GC(4)   Pre Evacuate Collection Set: 0,3ms
[2023-05-07T01:02:32.272-0300][gc,phases   ] GC(4)   Merge Heap Roots: 0,1ms
[2023-05-07T01:02:32.272-0300][gc,phases   ] GC(4)   Evacuate Collection Set: 15,4ms
[2023-05-07T01:02:32.272-0300][gc,phases   ] GC(4)   Post Evacuate Collection Set: 0,8ms
[2023-05-07T01:02:32.272-0300][gc,phases   ] GC(4)   Other: 0,2ms
[2023-05-07T01:02:32.272-0300][gc,heap     ] GC(4) Eden regions: 15->0(49)
[2023-05-07T01:02:32.272-0300][gc,heap     ] GC(4) Survivor regions: 6->2(7)
[2023-05-07T01:02:32.272-0300][gc,heap     ] GC(4) Old regions: 8->13
[2023-05-07T01:02:32.272-0300][gc,heap     ] GC(4) Archive regions: 2->2
[2023-05-07T01:02:32.272-0300][gc,heap     ] GC(4) Humongous regions: 129->129
[2023-05-07T01:02:32.272-0300][gc,metaspace] GC(4) Metaspace: 35752K(36096K)->35752K(36096K) NonClass: 31565K(31744K)->31565K(31744K) Class: 4186K(4352K)->4186K(4352K)
[2023-05-07T01:02:32.272-0300][gc          ] GC(4) Pause Young (Concurrent Start) (Metadata GC Threshold) 156M->143M(1024M) 17,002ms
[2023-05-07T01:02:32.272-0300][gc,cpu      ] GC(4) User=0,02s Sys=0,00s Real=0,02s
[2023-05-07T01:02:32.272-0300][gc          ] GC(5) Concurrent Mark Cycle
[2023-05-07T01:02:32.272-0300][gc,marking  ] GC(5) Concurrent Clear Claimed Marks
[2023-05-07T01:02:32.272-0300][gc,marking  ] GC(5) Concurrent Clear Claimed Marks 0,033ms
[2023-05-07T01:02:32.272-0300][gc,marking  ] GC(5) Concurrent Scan Root Regions
[2023-05-07T01:02:32.279-0300][gc,marking  ] GC(5) Concurrent Scan Root Regions 6,656ms
[2023-05-07T01:02:32.279-0300][gc,marking  ] GC(5) Concurrent Mark
[2023-05-07T01:02:32.279-0300][gc,marking  ] GC(5) Concurrent Mark From Roots
[2023-05-07T01:02:32.279-0300][gc,task     ] GC(5) Using 1 workers of 1 for marking
[2023-05-07T01:02:32.315-0300][gc,marking  ] GC(5) Concurrent Mark From Roots 35,982ms
[2023-05-07T01:02:32.315-0300][gc,marking  ] GC(5) Concurrent Preclean
[2023-05-07T01:02:32.315-0300][gc,marking  ] GC(5) Concurrent Preclean 0,148ms
[2023-05-07T01:02:32.322-0300][gc,start    ] GC(5) Pause Remark
[2023-05-07T01:02:32.326-0300][gc          ] GC(5) Pause Remark 144M->144M(1024M) 3,856ms
[2023-05-07T01:02:32.326-0300][gc,cpu      ] GC(5) User=0,01s Sys=0,00s Real=0,00s
[2023-05-07T01:02:32.334-0300][gc,marking  ] GC(5) Concurrent Mark 55,465ms
[2023-05-07T01:02:32.334-0300][gc,marking  ] GC(5) Concurrent Rebuild Remembered Sets
[2023-05-07T01:02:32.363-0300][gc,marking  ] GC(5) Concurrent Rebuild Remembered Sets 29,060ms
[2023-05-07T01:02:32.364-0300][gc,start    ] GC(5) Pause Cleanup
[2023-05-07T01:02:32.364-0300][gc          ] GC(5) Pause Cleanup 145M->145M(1024M) 0,236ms
[2023-05-07T01:02:32.364-0300][gc,cpu      ] GC(5) User=0,00s Sys=0,00s Real=0,00s
[2023-05-07T01:02:32.364-0300][gc,marking  ] GC(5) Concurrent Cleanup for Next Mark
[2023-05-07T01:02:32.387-0300][gc,marking  ] GC(5) Concurrent Cleanup for Next Mark 23,463ms
[2023-05-07T01:02:32.388-0300][gc          ] GC(5) Concurrent Mark Cycle 115,579ms
[2023-05-07T01:03:45.891-0300][gc,start    ] GC(6) Pause Young (Prepare Mixed) (G1 Evacuation Pause)
[2023-05-07T01:03:45.891-0300][gc,task     ] GC(6) Using 4 workers of 4 for evacuation
[2023-05-07T01:03:45.902-0300][gc,phases   ] GC(6)   Pre Evacuate Collection Set: 0,3ms
[2023-05-07T01:03:45.902-0300][gc,phases   ] GC(6)   Merge Heap Roots: 0,2ms
[2023-05-07T01:03:45.902-0300][gc,phases   ] GC(6)   Evacuate Collection Set: 9,6ms
[2023-05-07T01:03:45.902-0300][gc,phases   ] GC(6)   Post Evacuate Collection Set: 0,8ms
[2023-05-07T01:03:45.902-0300][gc,phases   ] GC(6)   Other: 0,2ms
[2023-05-07T01:03:45.902-0300][gc,heap     ] GC(6) Eden regions: 49->0(46)
[2023-05-07T01:03:45.902-0300][gc,heap     ] GC(6) Survivor regions: 2->5(7)
[2023-05-07T01:03:45.902-0300][gc,heap     ] GC(6) Old regions: 13->13
[2023-05-07T01:03:45.902-0300][gc,heap     ] GC(6) Archive regions: 2->2
[2023-05-07T01:03:45.902-0300][gc,heap     ] GC(6) Humongous regions: 129->129
[2023-05-07T01:03:45.902-0300][gc,metaspace] GC(6) Metaspace: 41264K(41856K)->41264K(41856K) NonClass: 36348K(36672K)->36348K(36672K) Class: 4916K(5184K)->4916K(5184K)
[2023-05-07T01:03:45.902-0300][gc          ] GC(6) Pause Young (Prepare Mixed) (G1 Evacuation Pause) 192M->147M(1024M) 11,140ms
[2023-05-07T01:03:45.902-0300][gc,cpu      ] GC(6) User=0,02s Sys=0,00s Real=0,01s
[2023-05-07T01:06:13.063-0300][gc,start    ] GC(7) Pause Young (Mixed) (G1 Evacuation Pause)
[2023-05-07T01:06:13.063-0300][gc,task     ] GC(7) Using 4 workers of 4 for evacuation
[2023-05-07T01:06:13.092-0300][gc,mmu      ] GC(7) MMU target violated: 21,0ms (20,0ms/21,0ms)
[2023-05-07T01:06:13.092-0300][gc,phases   ] GC(7)   Pre Evacuate Collection Set: 0,6ms
[2023-05-07T01:06:13.092-0300][gc,phases   ] GC(7)   Merge Heap Roots: 0,3ms
[2023-05-07T01:06:13.092-0300][gc,phases   ] GC(7)   Evacuate Collection Set: 26,2ms
[2023-05-07T01:06:13.092-0300][gc,phases   ] GC(7)   Post Evacuate Collection Set: 1,6ms
[2023-05-07T01:06:13.092-0300][gc,phases   ] GC(7)   Other: 0,3ms
[2023-05-07T01:06:13.092-0300][gc,heap     ] GC(7) Eden regions: 46->0(48)
[2023-05-07T01:06:13.092-0300][gc,heap     ] GC(7) Survivor regions: 5->3(7)
[2023-05-07T01:06:13.092-0300][gc,heap     ] GC(7) Old regions: 13->17
[2023-05-07T01:06:13.092-0300][gc,heap     ] GC(7) Archive regions: 2->2
[2023-05-07T01:06:13.092-0300][gc,heap     ] GC(7) Humongous regions: 129->129
[2023-05-07T01:06:13.092-0300][gc,metaspace] GC(7) Metaspace: 41950K(42496K)->41950K(42496K) NonClass: 37001K(37312K)->37001K(37312K) Class: 4948K(5184K)->4948K(5184K)
[2023-05-07T01:06:13.092-0300][gc          ] GC(7) Pause Young (Mixed) (G1 Evacuation Pause) 193M->148M(1024M) 29,293ms
[2023-05-07T01:06:13.092-0300][gc,cpu      ] GC(7) User=0,04s Sys=0,00s Real=0,03s
[2023-05-07T01:08:54.340-0300][gc,start    ] GC(8) Pause Young (Normal) (G1 Evacuation Pause)
[2023-05-07T01:08:54.341-0300][gc,task     ] GC(8) Using 4 workers of 4 for evacuation
[2023-05-07T01:08:54.350-0300][gc,phases   ] GC(8)   Pre Evacuate Collection Set: 0,2ms
[2023-05-07T01:08:54.350-0300][gc,phases   ] GC(8)   Merge Heap Roots: 0,1ms
[2023-05-07T01:08:54.350-0300][gc,phases   ] GC(8)   Evacuate Collection Set: 8,0ms
[2023-05-07T01:08:54.350-0300][gc,phases   ] GC(8)   Post Evacuate Collection Set: 0,5ms
[2023-05-07T01:08:54.350-0300][gc,phases   ] GC(8)   Other: 0,3ms
[2023-05-07T01:08:54.350-0300][gc,heap     ] GC(8) Eden regions: 48->0(45)
[2023-05-07T01:08:54.350-0300][gc,heap     ] GC(8) Survivor regions: 3->6(7)
[2023-05-07T01:08:54.350-0300][gc,heap     ] GC(8) Old regions: 17->17
[2023-05-07T01:08:54.350-0300][gc,heap     ] GC(8) Archive regions: 2->2
[2023-05-07T01:08:54.350-0300][gc,heap     ] GC(8) Humongous regions: 129->129
[2023-05-07T01:08:54.350-0300][gc,metaspace] GC(8) Metaspace: 42546K(43136K)->42546K(43136K) NonClass: 37573K(37888K)->37573K(37888K) Class: 4973K(5248K)->4973K(5248K)
[2023-05-07T01:08:54.350-0300][gc          ] GC(8) Pause Young (Normal) (G1 Evacuation Pause) 196M->151M(1024M) 9,296ms
[2023-05-07T01:08:54.350-0300][gc,cpu      ] GC(8) User=0,03s Sys=0,00s Real=0,01s
[2023-05-07T01:11:40.597-0300][gc,start    ] GC(9) Pause Young (Normal) (G1 Evacuation Pause)
[2023-05-07T01:11:40.597-0300][gc,task     ] GC(9) Using 4 workers of 4 for evacuation
[2023-05-07T01:11:40.611-0300][gc,phases   ] GC(9)   Pre Evacuate Collection Set: 0,3ms
[2023-05-07T01:11:40.612-0300][gc,phases   ] GC(9)   Merge Heap Roots: 0,1ms
[2023-05-07T01:11:40.612-0300][gc,phases   ] GC(9)   Evacuate Collection Set: 13,6ms
[2023-05-07T01:11:40.612-0300][gc,phases   ] GC(9)   Post Evacuate Collection Set: 0,6ms
[2023-05-07T01:11:40.612-0300][gc,phases   ] GC(9)   Other: 0,2ms
[2023-05-07T01:11:40.612-0300][gc,heap     ] GC(9) Eden regions: 45->0(46)
[2023-05-07T01:11:40.612-0300][gc,heap     ] GC(9) Survivor regions: 6->5(7)
[2023-05-07T01:11:40.612-0300][gc,heap     ] GC(9) Old regions: 17->22
[2023-05-07T01:11:40.612-0300][gc,heap     ] GC(9) Archive regions: 2->2
[2023-05-07T01:11:40.612-0300][gc,heap     ] GC(9) Humongous regions: 129->129
[2023-05-07T01:11:40.612-0300][gc,metaspace] GC(9) Metaspace: 42690K(43264K)->42690K(43264K) NonClass: 37716K(38016K)->37716K(38016K) Class: 4973K(5248K)->4973K(5248K)
[2023-05-07T01:11:40.612-0300][gc          ] GC(9) Pause Young (Normal) (G1 Evacuation Pause) 196M->155M(1024M) 14,969ms
[2023-05-07T01:11:40.612-0300][gc,cpu      ] GC(9) User=0,05s Sys=0,00s Real=0,02s
[2023-05-07T01:14:23.542-0300][gc,start    ] GC(10) Pause Young (Normal) (G1 Evacuation Pause)
[2023-05-07T01:14:23.542-0300][gc,task     ] GC(10) Using 4 workers of 4 for evacuation
[2023-05-07T01:14:23.558-0300][gc,phases   ] GC(10)   Pre Evacuate Collection Set: 0,2ms
[2023-05-07T01:14:23.558-0300][gc,phases   ] GC(10)   Merge Heap Roots: 0,2ms
[2023-05-07T01:14:23.558-0300][gc,phases   ] GC(10)   Evacuate Collection Set: 15,4ms
[2023-05-07T01:14:23.558-0300][gc,phases   ] GC(10)   Post Evacuate Collection Set: 0,4ms
[2023-05-07T01:14:23.558-0300][gc,phases   ] GC(10)   Other: 0,4ms
[2023-05-07T01:14:23.558-0300][gc,heap     ] GC(10) Eden regions: 46->0(46)
[2023-05-07T01:14:23.558-0300][gc,heap     ] GC(10) Survivor regions: 5->5(7)
[2023-05-07T01:14:23.558-0300][gc,heap     ] GC(10) Old regions: 22->26
[2023-05-07T01:14:23.558-0300][gc,heap     ] GC(10) Archive regions: 2->2
[2023-05-07T01:14:23.558-0300][gc,heap     ] GC(10) Humongous regions: 129->129
[2023-05-07T01:14:23.558-0300][gc,metaspace] GC(10) Metaspace: 42936K(43520K)->42936K(43520K) NonClass: 37940K(38272K)->37940K(38272K) Class: 4996K(5248K)->4996K(5248K)
[2023-05-07T01:14:23.558-0300][gc          ] GC(10) Pause Young (Normal) (G1 Evacuation Pause) 201M->159M(1024M) 16,779ms
[2023-05-07T01:14:23.558-0300][gc,cpu      ] GC(10) User=0,04s Sys=0,00s Real=0,02s
[2023-05-07T01:14:38.979-0300][gc,heap,exit] Heap
[2023-05-07T01:14:38.979-0300][gc,heap,exit]  garbage-first heap   total 1048576K, used 176545K [0x00000000c0000000, 0x0000000100000000)
[2023-05-07T01:14:38.979-0300][gc,heap,exit]   region size 1024K, 18 young (18432K), 5 survivors (5120K)
[2023-05-07T01:14:38.979-0300][gc,heap,exit]  Metaspace       used 43612K, committed 44224K, reserved 1089536K
[2023-05-07T01:14:38.980-0300][gc,heap,exit]   class space    used 5153K, committed 5440K, reserved 1048576K
