[2023-05-07T00:56:39.343-0300][gc] Using G1
[2023-05-07T00:56:39.360-0300][gc,init] Version: 17.0.6+10-Ubuntu-0ubuntu122.04 (release)
[2023-05-07T00:56:39.360-0300][gc,init] CPUs: 4 total, 4 available
[2023-05-07T00:56:39.360-0300][gc,init] Memory: 7834M
[2023-05-07T00:56:39.360-0300][gc,init] Large Page Support: Disabled
[2023-05-07T00:56:39.360-0300][gc,init] NUMA Support: Disabled
[2023-05-07T00:56:39.360-0300][gc,init] Compressed Oops: Enabled (32-bit)
[2023-05-07T00:56:39.360-0300][gc,init] Heap Region Size: 1M
[2023-05-07T00:56:39.360-0300][gc,init] Heap Min Capacity: 1G
[2023-05-07T00:56:39.360-0300][gc,init] Heap Initial Capacity: 1G
[2023-05-07T00:56:39.360-0300][gc,init] Heap Max Capacity: 1G
[2023-05-07T00:56:39.360-0300][gc,init] Pre-touch: Disabled
[2023-05-07T00:56:39.360-0300][gc,init] Parallel Workers: 4
[2023-05-07T00:56:39.360-0300][gc,init] Concurrent Workers: 1
[2023-05-07T00:56:39.360-0300][gc,init] Concurrent Refinement Workers: 4
[2023-05-07T00:56:39.360-0300][gc,init] Periodic GC: Disabled
[2023-05-07T00:56:39.360-0300][gc,metaspace] CDS archive(s) mapped at: [0x0000000800000000-0x0000000800be3000-0x0000000800be3000), size 12464128, SharedBaseAddress: 0x0000000800000000, ArchiveRelocationMode: 0.
[2023-05-07T00:56:39.360-0300][gc,metaspace] Compressed class space mapped at: 0x0000000800c00000-0x0000000840c00000, reserved size: 1073741824
[2023-05-07T00:56:39.360-0300][gc,metaspace] Narrow klass base: 0x0000000800000000, Narrow klass shift: 0, Narrow klass range: 0x100000000
[2023-05-07T00:56:42.205-0300][gc,start    ] GC(0) Pause Young (Normal) (G1 Evacuation Pause)
[2023-05-07T00:56:42.206-0300][gc,task     ] GC(0) Using 4 workers of 4 for evacuation
[2023-05-07T00:56:42.217-0300][gc,phases   ] GC(0)   Pre Evacuate Collection Set: 0,2ms
[2023-05-07T00:56:42.217-0300][gc,phases   ] GC(0)   Merge Heap Roots: 0,1ms
[2023-05-07T00:56:42.217-0300][gc,phases   ] GC(0)   Evacuate Collection Set: 10,1ms
[2023-05-07T00:56:42.217-0300][gc,phases   ] GC(0)   Post Evacuate Collection Set: 0,6ms
[2023-05-07T00:56:42.217-0300][gc,phases   ] GC(0)   Other: 1,0ms
[2023-05-07T00:56:42.217-0300][gc,heap     ] GC(0) Eden regions: 51->0(44)
[2023-05-07T00:56:42.217-0300][gc,heap     ] GC(0) Survivor regions: 0->7(7)
[2023-05-07T00:56:42.217-0300][gc,heap     ] GC(0) Old regions: 0->1
[2023-05-07T00:56:42.217-0300][gc,heap     ] GC(0) Archive regions: 2->2
[2023-05-07T00:56:42.217-0300][gc,heap     ] GC(0) Humongous regions: 0->0
[2023-05-07T00:56:42.217-0300][gc,metaspace] GC(0) Metaspace: 18700K(18880K)->18700K(18880K) NonClass: 16474K(16576K)->16474K(16576K) Class: 2225K(2304K)->2225K(2304K)
[2023-05-07T00:56:42.217-0300][gc          ] GC(0) Pause Young (Normal) (G1 Evacuation Pause) 51M->8M(1024M) 12,224ms
[2023-05-07T00:56:42.217-0300][gc,cpu      ] GC(0) User=0,03s Sys=0,01s Real=0,01s
[2023-05-07T00:56:42.622-0300][gc,start    ] GC(1) Pause Young (Concurrent Start) (Metadata GC Threshold)
[2023-05-07T00:56:42.623-0300][gc,task     ] GC(1) Using 4 workers of 4 for evacuation
[2023-05-07T00:56:42.639-0300][gc,phases   ] GC(1)   Pre Evacuate Collection Set: 0,2ms
[2023-05-07T00:56:42.639-0300][gc,phases   ] GC(1)   Merge Heap Roots: 0,1ms
[2023-05-07T00:56:42.639-0300][gc,phases   ] GC(1)   Evacuate Collection Set: 11,3ms
[2023-05-07T00:56:42.639-0300][gc,phases   ] GC(1)   Post Evacuate Collection Set: 4,3ms
[2023-05-07T00:56:42.639-0300][gc,phases   ] GC(1)   Other: 0,3ms
[2023-05-07T00:56:42.639-0300][gc,heap     ] GC(1) Eden regions: 12->0(49)
[2023-05-07T00:56:42.639-0300][gc,heap     ] GC(1) Survivor regions: 7->2(7)
[2023-05-07T00:56:42.639-0300][gc,heap     ] GC(1) Old regions: 1->8
[2023-05-07T00:56:42.639-0300][gc,heap     ] GC(1) Archive regions: 2->2
[2023-05-07T00:56:42.639-0300][gc,heap     ] GC(1) Humongous regions: 129->129
[2023-05-07T00:56:42.639-0300][gc,metaspace] GC(1) Metaspace: 21245K(21504K)->21245K(21504K) NonClass: 18695K(18816K)->18695K(18816K) Class: 2549K(2688K)->2549K(2688K)
[2023-05-07T00:56:42.639-0300][gc          ] GC(1) Pause Young (Concurrent Start) (Metadata GC Threshold) 149M->138M(1024M) 16,414ms
[2023-05-07T00:56:42.639-0300][gc,cpu      ] GC(1) User=0,02s Sys=0,00s Real=0,01s
[2023-05-07T00:56:42.639-0300][gc          ] GC(2) Concurrent Mark Cycle
[2023-05-07T00:56:42.639-0300][gc,marking  ] GC(2) Concurrent Clear Claimed Marks
[2023-05-07T00:56:42.639-0300][gc,marking  ] GC(2) Concurrent Clear Claimed Marks 0,026ms
[2023-05-07T00:56:42.639-0300][gc,marking  ] GC(2) Concurrent Scan Root Regions
[2023-05-07T00:56:42.644-0300][gc,marking  ] GC(2) Concurrent Scan Root Regions 4,832ms
[2023-05-07T00:56:42.644-0300][gc,marking  ] GC(2) Concurrent Mark
[2023-05-07T00:56:42.644-0300][gc,marking  ] GC(2) Concurrent Mark From Roots
[2023-05-07T00:56:42.644-0300][gc,task     ] GC(2) Using 1 workers of 1 for marking
[2023-05-07T00:56:42.649-0300][gc,marking  ] GC(2) Concurrent Mark From Roots 4,660ms
[2023-05-07T00:56:42.649-0300][gc,marking  ] GC(2) Concurrent Preclean
[2023-05-07T00:56:42.649-0300][gc,marking  ] GC(2) Concurrent Preclean 0,079ms
[2023-05-07T00:56:42.654-0300][gc,start    ] GC(2) Pause Remark
[2023-05-07T00:56:42.657-0300][gc          ] GC(2) Pause Remark 139M->139M(1024M) 2,865ms
[2023-05-07T00:56:42.657-0300][gc,cpu      ] GC(2) User=0,00s Sys=0,00s Real=0,00s
[2023-05-07T00:56:42.657-0300][gc,marking  ] GC(2) Concurrent Mark 13,347ms
[2023-05-07T00:56:42.658-0300][gc,marking  ] GC(2) Concurrent Rebuild Remembered Sets
[2023-05-07T00:56:42.666-0300][gc,marking  ] GC(2) Concurrent Rebuild Remembered Sets 8,651ms
[2023-05-07T00:56:42.672-0300][gc,start    ] GC(2) Pause Cleanup
[2023-05-07T00:56:42.672-0300][gc          ] GC(2) Pause Cleanup 139M->139M(1024M) 0,501ms
[2023-05-07T00:56:42.672-0300][gc,cpu      ] GC(2) User=0,00s Sys=0,00s Real=0,00s
[2023-05-07T00:56:42.672-0300][gc,marking  ] GC(2) Concurrent Cleanup for Next Mark
[2023-05-07T00:56:42.717-0300][gc,marking  ] GC(2) Concurrent Cleanup for Next Mark 44,544ms
[2023-05-07T00:56:42.717-0300][gc          ] GC(2) Concurrent Mark Cycle 77,893ms
[2023-05-07T00:56:44.428-0300][gc,start    ] GC(3) Pause Young (Normal) (G1 Evacuation Pause)
[2023-05-07T00:56:44.428-0300][gc,task     ] GC(3) Using 4 workers of 4 for evacuation
[2023-05-07T00:56:44.437-0300][gc,phases   ] GC(3)   Pre Evacuate Collection Set: 0,3ms
[2023-05-07T00:56:44.438-0300][gc,phases   ] GC(3)   Merge Heap Roots: 0,1ms
[2023-05-07T00:56:44.438-0300][gc,phases   ] GC(3)   Evacuate Collection Set: 8,5ms
[2023-05-07T00:56:44.438-0300][gc,phases   ] GC(3)   Post Evacuate Collection Set: 0,7ms
[2023-05-07T00:56:44.438-0300][gc,phases   ] GC(3)   Other: 0,2ms
[2023-05-07T00:56:44.438-0300][gc,heap     ] GC(3) Eden regions: 49->0(45)
[2023-05-07T00:56:44.438-0300][gc,heap     ] GC(3) Survivor regions: 2->6(7)
[2023-05-07T00:56:44.438-0300][gc,heap     ] GC(3) Old regions: 8->8
[2023-05-07T00:56:44.438-0300][gc,heap     ] GC(3) Archive regions: 2->2
[2023-05-07T00:56:44.438-0300][gc,heap     ] GC(3) Humongous regions: 129->129
[2023-05-07T00:56:44.438-0300][gc,metaspace] GC(3) Metaspace: 32807K(33024K)->32807K(33024K) NonClass: 29120K(29248K)->29120K(29248K) Class: 3686K(3776K)->3686K(3776K)
[2023-05-07T00:56:44.438-0300][gc          ] GC(3) Pause Young (Normal) (G1 Evacuation Pause) 187M->142M(1024M) 9,894ms
[2023-05-07T00:56:44.438-0300][gc,cpu      ] GC(3) User=0,02s Sys=0,00s Real=0,01s
[2023-05-07T00:56:55.958-0300][gc,start    ] GC(4) Pause Young (Concurrent Start) (Metadata GC Threshold)
[2023-05-07T00:56:55.958-0300][gc,task     ] GC(4) Using 4 workers of 4 for evacuation
[2023-05-07T00:56:55.968-0300][gc,phases   ] GC(4)   Pre Evacuate Collection Set: 0,3ms
[2023-05-07T00:56:55.968-0300][gc,phases   ] GC(4)   Merge Heap Roots: 0,1ms
[2023-05-07T00:56:55.968-0300][gc,phases   ] GC(4)   Evacuate Collection Set: 8,2ms
[2023-05-07T00:56:55.968-0300][gc,phases   ] GC(4)   Post Evacuate Collection Set: 0,5ms
[2023-05-07T00:56:55.968-0300][gc,phases   ] GC(4)   Other: 0,2ms
[2023-05-07T00:56:55.968-0300][gc,heap     ] GC(4) Eden regions: 15->0(49)
[2023-05-07T00:56:55.968-0300][gc,heap     ] GC(4) Survivor regions: 6->2(7)
[2023-05-07T00:56:55.968-0300][gc,heap     ] GC(4) Old regions: 8->13
[2023-05-07T00:56:55.968-0300][gc,heap     ] GC(4) Archive regions: 2->2
[2023-05-07T00:56:55.968-0300][gc,heap     ] GC(4) Humongous regions: 129->129
[2023-05-07T00:56:55.968-0300][gc,metaspace] GC(4) Metaspace: 35709K(36096K)->35709K(36096K) NonClass: 31526K(31744K)->31526K(31744K) Class: 4182K(4352K)->4182K(4352K)
[2023-05-07T00:56:55.968-0300][gc          ] GC(4) Pause Young (Concurrent Start) (Metadata GC Threshold) 157M->143M(1024M) 9,420ms
[2023-05-07T00:56:55.968-0300][gc,cpu      ] GC(4) User=0,03s Sys=0,00s Real=0,01s
[2023-05-07T00:56:55.968-0300][gc          ] GC(5) Concurrent Mark Cycle
[2023-05-07T00:56:55.968-0300][gc,marking  ] GC(5) Concurrent Clear Claimed Marks
[2023-05-07T00:56:55.968-0300][gc,marking  ] GC(5) Concurrent Clear Claimed Marks 0,036ms
[2023-05-07T00:56:55.968-0300][gc,marking  ] GC(5) Concurrent Scan Root Regions
[2023-05-07T00:56:55.974-0300][gc,marking  ] GC(5) Concurrent Scan Root Regions 6,465ms
[2023-05-07T00:56:55.974-0300][gc,marking  ] GC(5) Concurrent Mark
[2023-05-07T00:56:55.974-0300][gc,marking  ] GC(5) Concurrent Mark From Roots
[2023-05-07T00:56:55.974-0300][gc,task     ] GC(5) Using 1 workers of 1 for marking
[2023-05-07T00:56:55.991-0300][gc,marking  ] GC(5) Concurrent Mark From Roots 16,364ms
[2023-05-07T00:56:55.991-0300][gc,marking  ] GC(5) Concurrent Preclean
[2023-05-07T00:56:55.991-0300][gc,marking  ] GC(5) Concurrent Preclean 0,161ms
[2023-05-07T00:56:55.991-0300][gc,start    ] GC(5) Pause Remark
[2023-05-07T00:56:55.994-0300][gc          ] GC(5) Pause Remark 144M->144M(1024M) 2,572ms
[2023-05-07T00:56:55.994-0300][gc,cpu      ] GC(5) User=0,00s Sys=0,00s Real=0,00s
[2023-05-07T00:56:55.994-0300][gc,marking  ] GC(5) Concurrent Mark 19,489ms
[2023-05-07T00:56:55.994-0300][gc,marking  ] GC(5) Concurrent Rebuild Remembered Sets
[2023-05-07T00:56:56.008-0300][gc,marking  ] GC(5) Concurrent Rebuild Remembered Sets 13,649ms
[2023-05-07T00:56:56.008-0300][gc,start    ] GC(5) Pause Cleanup
[2023-05-07T00:56:56.008-0300][gc          ] GC(5) Pause Cleanup 145M->145M(1024M) 0,195ms
[2023-05-07T00:56:56.008-0300][gc,cpu      ] GC(5) User=0,00s Sys=0,00s Real=0,00s
[2023-05-07T00:56:56.008-0300][gc,marking  ] GC(5) Concurrent Cleanup for Next Mark
[2023-05-07T00:56:56.023-0300][gc,marking  ] GC(5) Concurrent Cleanup for Next Mark 15,073ms
[2023-05-07T00:56:56.023-0300][gc          ] GC(5) Concurrent Mark Cycle 55,342ms
[2023-05-07T00:58:12.475-0300][gc,start    ] GC(6) Pause Young (Prepare Mixed) (G1 Evacuation Pause)
[2023-05-07T00:58:12.475-0300][gc,task     ] GC(6) Using 4 workers of 4 for evacuation
[2023-05-07T00:58:12.501-0300][gc,mmu      ] GC(6) MMU target violated: 21,0ms (20,0ms/21,0ms)
[2023-05-07T00:58:12.502-0300][gc,phases   ] GC(6)   Pre Evacuate Collection Set: 0,5ms
[2023-05-07T00:58:12.502-0300][gc,phases   ] GC(6)   Merge Heap Roots: 0,1ms
[2023-05-07T00:58:12.502-0300][gc,phases   ] GC(6)   Evacuate Collection Set: 23,6ms
[2023-05-07T00:58:12.502-0300][gc,phases   ] GC(6)   Post Evacuate Collection Set: 1,8ms
[2023-05-07T00:58:12.502-0300][gc,phases   ] GC(6)   Other: 0,3ms
[2023-05-07T00:58:12.502-0300][gc,heap     ] GC(6) Eden regions: 49->0(46)
[2023-05-07T00:58:12.502-0300][gc,heap     ] GC(6) Survivor regions: 2->5(7)
[2023-05-07T00:58:12.502-0300][gc,heap     ] GC(6) Old regions: 13->13
[2023-05-07T00:58:12.502-0300][gc,heap     ] GC(6) Archive regions: 2->2
[2023-05-07T00:58:12.502-0300][gc,heap     ] GC(6) Humongous regions: 129->129
[2023-05-07T00:58:12.502-0300][gc,metaspace] GC(6) Metaspace: 41325K(41920K)->41325K(41920K) NonClass: 36413K(36736K)->36413K(36736K) Class: 4912K(5184K)->4912K(5184K)
[2023-05-07T00:58:12.502-0300][gc          ] GC(6) Pause Young (Prepare Mixed) (G1 Evacuation Pause) 192M->147M(1024M) 26,377ms
[2023-05-07T00:58:12.502-0300][gc,cpu      ] GC(6) User=0,03s Sys=0,00s Real=0,02s
[2023-05-07T01:00:12.730-0300][gc,heap,exit] Heap
[2023-05-07T01:00:12.731-0300][gc,heap,exit]  garbage-first heap   total 1048576K, used 192319K [0x00000000c0000000, 0x0000000100000000)
[2023-05-07T01:00:12.731-0300][gc,heap,exit]   region size 1024K, 46 young (47104K), 5 survivors (5120K)
[2023-05-07T01:00:12.731-0300][gc,heap,exit]  Metaspace       used 41933K, committed 42496K, reserved 1089536K
[2023-05-07T01:00:12.731-0300][gc,heap,exit]   class space    used 4946K, committed 5184K, reserved 1048576K
