[2023-05-07T00:30:22.487-0300][gc] Using G1
[2023-05-07T00:30:22.501-0300][gc,init] Version: 17.0.6+10-Ubuntu-0ubuntu122.04 (release)
[2023-05-07T00:30:22.501-0300][gc,init] CPUs: 4 total, 4 available
[2023-05-07T00:30:22.501-0300][gc,init] Memory: 7834M
[2023-05-07T00:30:22.501-0300][gc,init] Large Page Support: Disabled
[2023-05-07T00:30:22.501-0300][gc,init] NUMA Support: Disabled
[2023-05-07T00:30:22.501-0300][gc,init] Compressed Oops: Enabled (32-bit)
[2023-05-07T00:30:22.501-0300][gc,init] Heap Region Size: 1M
[2023-05-07T00:30:22.501-0300][gc,init] Heap Min Capacity: 1G
[2023-05-07T00:30:22.501-0300][gc,init] Heap Initial Capacity: 1G
[2023-05-07T00:30:22.501-0300][gc,init] Heap Max Capacity: 1G
[2023-05-07T00:30:22.501-0300][gc,init] Pre-touch: Disabled
[2023-05-07T00:30:22.501-0300][gc,init] Parallel Workers: 4
[2023-05-07T00:30:22.501-0300][gc,init] Concurrent Workers: 1
[2023-05-07T00:30:22.501-0300][gc,init] Concurrent Refinement Workers: 4
[2023-05-07T00:30:22.501-0300][gc,init] Periodic GC: Disabled
[2023-05-07T00:30:22.502-0300][gc,metaspace] CDS archive(s) mapped at: [0x0000000800000000-0x0000000800be3000-0x0000000800be3000), size 12464128, SharedBaseAddress: 0x0000000800000000, ArchiveRelocationMode: 0.
[2023-05-07T00:30:22.502-0300][gc,metaspace] Compressed class space mapped at: 0x0000000800c00000-0x0000000840c00000, reserved size: 1073741824
[2023-05-07T00:30:22.502-0300][gc,metaspace] Narrow klass base: 0x0000000800000000, Narrow klass shift: 0, Narrow klass range: 0x100000000
[2023-05-07T00:30:25.437-0300][gc,start    ] GC(0) Pause Young (Normal) (G1 Evacuation Pause)
[2023-05-07T00:30:25.453-0300][gc,task     ] GC(0) Using 4 workers of 4 for evacuation
[2023-05-07T00:30:25.473-0300][gc,mmu      ] GC(0) MMU target violated: 20,3ms (20,0ms/21,0ms)
[2023-05-07T00:30:25.473-0300][gc,phases   ] GC(0)   Pre Evacuate Collection Set: 0,5ms
[2023-05-07T00:30:25.473-0300][gc,phases   ] GC(0)   Merge Heap Roots: 0,1ms
[2023-05-07T00:30:25.473-0300][gc,phases   ] GC(0)   Evacuate Collection Set: 18,6ms
[2023-05-07T00:30:25.473-0300][gc,phases   ] GC(0)   Post Evacuate Collection Set: 1,1ms
[2023-05-07T00:30:25.473-0300][gc,phases   ] GC(0)   Other: 16,4ms
[2023-05-07T00:30:25.473-0300][gc,heap     ] GC(0) Eden regions: 51->0(44)
[2023-05-07T00:30:25.473-0300][gc,heap     ] GC(0) Survivor regions: 0->7(7)
[2023-05-07T00:30:25.473-0300][gc,heap     ] GC(0) Old regions: 0->1
[2023-05-07T00:30:25.473-0300][gc,heap     ] GC(0) Archive regions: 2->2
[2023-05-07T00:30:25.473-0300][gc,heap     ] GC(0) Humongous regions: 0->0
[2023-05-07T00:30:25.473-0300][gc,metaspace] GC(0) Metaspace: 18666K(18880K)->18666K(18880K) NonClass: 16440K(16576K)->16440K(16576K) Class: 2225K(2304K)->2225K(2304K)
[2023-05-07T00:30:25.473-0300][gc          ] GC(0) Pause Young (Normal) (G1 Evacuation Pause) 51M->8M(1024M) 36,847ms
[2023-05-07T00:30:25.474-0300][gc,cpu      ] GC(0) User=0,05s Sys=0,01s Real=0,04s
[2023-05-07T00:30:25.957-0300][gc,start    ] GC(1) Pause Young (Concurrent Start) (Metadata GC Threshold)
[2023-05-07T00:30:25.957-0300][gc,task     ] GC(1) Using 4 workers of 4 for evacuation
[2023-05-07T00:30:25.969-0300][gc,phases   ] GC(1)   Pre Evacuate Collection Set: 0,3ms
[2023-05-07T00:30:25.970-0300][gc,phases   ] GC(1)   Merge Heap Roots: 0,1ms
[2023-05-07T00:30:25.970-0300][gc,phases   ] GC(1)   Evacuate Collection Set: 10,7ms
[2023-05-07T00:30:25.970-0300][gc,phases   ] GC(1)   Post Evacuate Collection Set: 0,6ms
[2023-05-07T00:30:25.970-0300][gc,phases   ] GC(1)   Other: 0,3ms
[2023-05-07T00:30:25.970-0300][gc,heap     ] GC(1) Eden regions: 13->0(49)
[2023-05-07T00:30:25.970-0300][gc,heap     ] GC(1) Survivor regions: 7->2(7)
[2023-05-07T00:30:25.970-0300][gc,heap     ] GC(1) Old regions: 1->8
[2023-05-07T00:30:25.970-0300][gc,heap     ] GC(1) Archive regions: 2->2
[2023-05-07T00:30:25.970-0300][gc,heap     ] GC(1) Humongous regions: 129->129
[2023-05-07T00:30:25.970-0300][gc,metaspace] GC(1) Metaspace: 21298K(21504K)->21298K(21504K) NonClass: 18739K(18816K)->18739K(18816K) Class: 2558K(2688K)->2558K(2688K)
[2023-05-07T00:30:25.970-0300][gc          ] GC(1) Pause Young (Concurrent Start) (Metadata GC Threshold) 149M->138M(1024M) 12,315ms
[2023-05-07T00:30:25.970-0300][gc,cpu      ] GC(1) User=0,03s Sys=0,00s Real=0,01s
[2023-05-07T00:30:25.970-0300][gc          ] GC(2) Concurrent Mark Cycle
[2023-05-07T00:30:25.970-0300][gc,marking  ] GC(2) Concurrent Clear Claimed Marks
[2023-05-07T00:30:25.970-0300][gc,marking  ] GC(2) Concurrent Clear Claimed Marks 0,041ms
[2023-05-07T00:30:25.970-0300][gc,marking  ] GC(2) Concurrent Scan Root Regions
[2023-05-07T00:30:25.988-0300][gc,marking  ] GC(2) Concurrent Scan Root Regions 18,300ms
[2023-05-07T00:30:25.988-0300][gc,marking  ] GC(2) Concurrent Mark
[2023-05-07T00:30:25.988-0300][gc,marking  ] GC(2) Concurrent Mark From Roots
[2023-05-07T00:30:25.988-0300][gc,task     ] GC(2) Using 1 workers of 1 for marking
[2023-05-07T00:30:25.993-0300][gc,marking  ] GC(2) Concurrent Mark From Roots 4,151ms
[2023-05-07T00:30:25.993-0300][gc,marking  ] GC(2) Concurrent Preclean
[2023-05-07T00:30:25.993-0300][gc,marking  ] GC(2) Concurrent Preclean 0,088ms
[2023-05-07T00:30:25.994-0300][gc,start    ] GC(2) Pause Remark
[2023-05-07T00:30:25.997-0300][gc          ] GC(2) Pause Remark 139M->139M(1024M) 3,862ms
[2023-05-07T00:30:25.997-0300][gc,cpu      ] GC(2) User=0,01s Sys=0,00s Real=0,00s
[2023-05-07T00:30:25.998-0300][gc,marking  ] GC(2) Concurrent Mark 9,122ms
[2023-05-07T00:30:25.998-0300][gc,marking  ] GC(2) Concurrent Rebuild Remembered Sets
[2023-05-07T00:30:26.003-0300][gc,marking  ] GC(2) Concurrent Rebuild Remembered Sets 5,645ms
[2023-05-07T00:30:26.003-0300][gc,start    ] GC(2) Pause Cleanup
[2023-05-07T00:30:26.004-0300][gc          ] GC(2) Pause Cleanup 139M->139M(1024M) 0,196ms
[2023-05-07T00:30:26.004-0300][gc,cpu      ] GC(2) User=0,00s Sys=0,00s Real=0,00s
[2023-05-07T00:30:26.004-0300][gc,marking  ] GC(2) Concurrent Cleanup for Next Mark
[2023-05-07T00:30:26.020-0300][gc,marking  ] GC(2) Concurrent Cleanup for Next Mark 16,536ms
[2023-05-07T00:30:26.020-0300][gc          ] GC(2) Concurrent Mark Cycle 50,377ms
[2023-05-07T00:30:27.418-0300][gc,start    ] GC(3) Pause Young (Normal) (G1 Evacuation Pause)
[2023-05-07T00:30:27.419-0300][gc,task     ] GC(3) Using 4 workers of 4 for evacuation
[2023-05-07T00:30:27.434-0300][gc,phases   ] GC(3)   Pre Evacuate Collection Set: 0,9ms
[2023-05-07T00:30:27.434-0300][gc,phases   ] GC(3)   Merge Heap Roots: 0,1ms
[2023-05-07T00:30:27.434-0300][gc,phases   ] GC(3)   Evacuate Collection Set: 13,7ms
[2023-05-07T00:30:27.434-0300][gc,phases   ] GC(3)   Post Evacuate Collection Set: 1,0ms
[2023-05-07T00:30:27.435-0300][gc,phases   ] GC(3)   Other: 0,2ms
[2023-05-07T00:30:27.435-0300][gc,heap     ] GC(3) Eden regions: 49->0(45)
[2023-05-07T00:30:27.435-0300][gc,heap     ] GC(3) Survivor regions: 2->6(7)
[2023-05-07T00:30:27.435-0300][gc,heap     ] GC(3) Old regions: 8->8
[2023-05-07T00:30:27.435-0300][gc,heap     ] GC(3) Archive regions: 2->2
[2023-05-07T00:30:27.435-0300][gc,heap     ] GC(3) Humongous regions: 129->129
[2023-05-07T00:30:27.435-0300][gc,metaspace] GC(3) Metaspace: 32790K(33024K)->32790K(33024K) NonClass: 29110K(29248K)->29110K(29248K) Class: 3680K(3776K)->3680K(3776K)
[2023-05-07T00:30:27.435-0300][gc          ] GC(3) Pause Young (Normal) (G1 Evacuation Pause) 187M->142M(1024M) 16,127ms
[2023-05-07T00:30:27.435-0300][gc,cpu      ] GC(3) User=0,02s Sys=0,00s Real=0,02s
[2023-05-07T00:30:37.560-0300][gc,start    ] GC(4) Pause Young (Concurrent Start) (Metadata GC Threshold)
[2023-05-07T00:30:37.560-0300][gc,task     ] GC(4) Using 4 workers of 4 for evacuation
[2023-05-07T00:30:37.574-0300][gc,phases   ] GC(4)   Pre Evacuate Collection Set: 0,2ms
[2023-05-07T00:30:37.574-0300][gc,phases   ] GC(4)   Merge Heap Roots: 0,0ms
[2023-05-07T00:30:37.574-0300][gc,phases   ] GC(4)   Evacuate Collection Set: 12,4ms
[2023-05-07T00:30:37.574-0300][gc,phases   ] GC(4)   Post Evacuate Collection Set: 0,9ms
[2023-05-07T00:30:37.574-0300][gc,phases   ] GC(4)   Other: 0,3ms
[2023-05-07T00:30:37.574-0300][gc,heap     ] GC(4) Eden regions: 16->0(49)
[2023-05-07T00:30:37.574-0300][gc,heap     ] GC(4) Survivor regions: 6->2(7)
[2023-05-07T00:30:37.574-0300][gc,heap     ] GC(4) Old regions: 8->13
[2023-05-07T00:30:37.574-0300][gc,heap     ] GC(4) Archive regions: 2->2
[2023-05-07T00:30:37.574-0300][gc,heap     ] GC(4) Humongous regions: 129->129
[2023-05-07T00:30:37.574-0300][gc,metaspace] GC(4) Metaspace: 35996K(36288K)->35996K(36288K) NonClass: 31783K(31936K)->31783K(31936K) Class: 4213K(4352K)->4213K(4352K)
[2023-05-07T00:30:37.574-0300][gc          ] GC(4) Pause Young (Concurrent Start) (Metadata GC Threshold) 158M->143M(1024M) 13,918ms
[2023-05-07T00:30:37.574-0300][gc,cpu      ] GC(4) User=0,02s Sys=0,00s Real=0,02s
[2023-05-07T00:30:37.574-0300][gc          ] GC(5) Concurrent Mark Cycle
[2023-05-07T00:30:37.574-0300][gc,marking  ] GC(5) Concurrent Clear Claimed Marks
[2023-05-07T00:30:37.574-0300][gc,marking  ] GC(5) Concurrent Clear Claimed Marks 0,034ms
[2023-05-07T00:30:37.574-0300][gc,marking  ] GC(5) Concurrent Scan Root Regions
[2023-05-07T00:30:37.584-0300][gc,marking  ] GC(5) Concurrent Scan Root Regions 10,399ms
[2023-05-07T00:30:37.584-0300][gc,marking  ] GC(5) Concurrent Mark
[2023-05-07T00:30:37.584-0300][gc,marking  ] GC(5) Concurrent Mark From Roots
[2023-05-07T00:30:37.584-0300][gc,task     ] GC(5) Using 1 workers of 1 for marking
[2023-05-07T00:30:37.631-0300][gc,marking  ] GC(5) Concurrent Mark From Roots 46,731ms
[2023-05-07T00:30:37.631-0300][gc,marking  ] GC(5) Concurrent Preclean
[2023-05-07T00:30:37.631-0300][gc,marking  ] GC(5) Concurrent Preclean 0,168ms
[2023-05-07T00:30:37.632-0300][gc,start    ] GC(5) Pause Remark
[2023-05-07T00:30:37.646-0300][gc          ] GC(5) Pause Remark 145M->145M(1024M) 14,704ms
[2023-05-07T00:30:37.647-0300][gc,cpu      ] GC(5) User=0,01s Sys=0,00s Real=0,01s
[2023-05-07T00:30:37.647-0300][gc,marking  ] GC(5) Concurrent Mark 62,128ms
[2023-05-07T00:30:37.647-0300][gc,marking  ] GC(5) Concurrent Rebuild Remembered Sets
[2023-05-07T00:30:37.668-0300][gc,marking  ] GC(5) Concurrent Rebuild Remembered Sets 21,478ms
[2023-05-07T00:30:37.668-0300][gc,start    ] GC(5) Pause Cleanup
[2023-05-07T00:30:37.669-0300][gc          ] GC(5) Pause Cleanup 146M->146M(1024M) 0,528ms
[2023-05-07T00:30:37.669-0300][gc,cpu      ] GC(5) User=0,00s Sys=0,00s Real=0,00s
[2023-05-07T00:30:37.669-0300][gc,marking  ] GC(5) Concurrent Cleanup for Next Mark
[2023-05-07T00:30:37.715-0300][gc,marking  ] GC(5) Concurrent Cleanup for Next Mark 46,397ms
[2023-05-07T00:30:37.715-0300][gc          ] GC(5) Concurrent Mark Cycle 141,419ms
[2023-05-07T00:31:53.456-0300][gc,start    ] GC(6) Pause Young (Prepare Mixed) (G1 Evacuation Pause)
[2023-05-07T00:31:53.456-0300][gc,task     ] GC(6) Using 4 workers of 4 for evacuation
[2023-05-07T00:31:53.464-0300][gc,phases   ] GC(6)   Pre Evacuate Collection Set: 0,2ms
[2023-05-07T00:31:53.464-0300][gc,phases   ] GC(6)   Merge Heap Roots: 0,1ms
[2023-05-07T00:31:53.464-0300][gc,phases   ] GC(6)   Evacuate Collection Set: 6,3ms
[2023-05-07T00:31:53.464-0300][gc,phases   ] GC(6)   Post Evacuate Collection Set: 1,0ms
[2023-05-07T00:31:53.464-0300][gc,phases   ] GC(6)   Other: 0,3ms
[2023-05-07T00:31:53.464-0300][gc,heap     ] GC(6) Eden regions: 49->0(46)
[2023-05-07T00:31:53.464-0300][gc,heap     ] GC(6) Survivor regions: 2->5(7)
[2023-05-07T00:31:53.464-0300][gc,heap     ] GC(6) Old regions: 13->13
[2023-05-07T00:31:53.464-0300][gc,heap     ] GC(6) Archive regions: 2->2
[2023-05-07T00:31:53.464-0300][gc,heap     ] GC(6) Humongous regions: 129->129
[2023-05-07T00:31:53.464-0300][gc,metaspace] GC(6) Metaspace: 41296K(41920K)->41296K(41920K) NonClass: 36381K(36736K)->36381K(36736K) Class: 4914K(5184K)->4914K(5184K)
[2023-05-07T00:31:53.464-0300][gc          ] GC(6) Pause Young (Prepare Mixed) (G1 Evacuation Pause) 192M->147M(1024M) 8,129ms
[2023-05-07T00:31:53.464-0300][gc,cpu      ] GC(6) User=0,03s Sys=0,00s Real=0,01s
[2023-05-07T00:35:15.827-0300][gc,start    ] GC(7) Pause Young (Mixed) (G1 Evacuation Pause)
[2023-05-07T00:35:15.827-0300][gc,task     ] GC(7) Using 4 workers of 4 for evacuation
[2023-05-07T00:35:15.847-0300][gc,phases   ] GC(7)   Pre Evacuate Collection Set: 0,5ms
[2023-05-07T00:35:15.847-0300][gc,phases   ] GC(7)   Merge Heap Roots: 0,1ms
[2023-05-07T00:35:15.847-0300][gc,phases   ] GC(7)   Evacuate Collection Set: 17,9ms
[2023-05-07T00:35:15.847-0300][gc,phases   ] GC(7)   Post Evacuate Collection Set: 1,2ms
[2023-05-07T00:35:15.847-0300][gc,phases   ] GC(7)   Other: 0,2ms
[2023-05-07T00:35:15.847-0300][gc,heap     ] GC(7) Eden regions: 46->0(48)
[2023-05-07T00:35:15.847-0300][gc,heap     ] GC(7) Survivor regions: 5->3(7)
[2023-05-07T00:35:15.847-0300][gc,heap     ] GC(7) Old regions: 13->16
[2023-05-07T00:35:15.847-0300][gc,heap     ] GC(7) Archive regions: 2->2
[2023-05-07T00:35:15.847-0300][gc,heap     ] GC(7) Humongous regions: 129->129
[2023-05-07T00:35:15.847-0300][gc,metaspace] GC(7) Metaspace: 41743K(42304K)->41743K(42304K) NonClass: 36822K(37120K)->36822K(37120K) Class: 4921K(5184K)->4921K(5184K)
[2023-05-07T00:35:15.847-0300][gc          ] GC(7) Pause Young (Mixed) (G1 Evacuation Pause) 193M->148M(1024M) 20,136ms
[2023-05-07T00:35:15.847-0300][gc,cpu      ] GC(7) User=0,04s Sys=0,01s Real=0,02s
[2023-05-07T00:38:55.287-0300][gc,start    ] GC(8) Pause Young (Concurrent Start) (G1 Evacuation Pause)
[2023-05-07T00:38:55.287-0300][gc,task     ] GC(8) Using 4 workers of 4 for evacuation
[2023-05-07T00:38:55.298-0300][gc,phases   ] GC(8)   Pre Evacuate Collection Set: 0,2ms
[2023-05-07T00:38:55.298-0300][gc,phases   ] GC(8)   Merge Heap Roots: 0,1ms
[2023-05-07T00:38:55.298-0300][gc,phases   ] GC(8)   Evacuate Collection Set: 9,8ms
[2023-05-07T00:38:55.298-0300][gc,phases   ] GC(8)   Post Evacuate Collection Set: 0,8ms
[2023-05-07T00:38:55.298-0300][gc,phases   ] GC(8)   Other: 0,2ms
[2023-05-07T00:38:55.298-0300][gc,heap     ] GC(8) Eden regions: 48->0(45)
[2023-05-07T00:38:55.298-0300][gc,heap     ] GC(8) Survivor regions: 3->6(7)
[2023-05-07T00:38:55.298-0300][gc,heap     ] GC(8) Old regions: 16->16
[2023-05-07T00:38:55.298-0300][gc,heap     ] GC(8) Archive regions: 2->2
[2023-05-07T00:38:55.298-0300][gc,heap     ] GC(8) Humongous regions: 129->129
[2023-05-07T00:38:55.298-0300][gc,metaspace] GC(8) Metaspace: 42134K(42752K)->42134K(42752K) NonClass: 37167K(37504K)->37167K(37504K) Class: 4967K(5248K)->4967K(5248K)
[2023-05-07T00:38:55.298-0300][gc          ] GC(8) Pause Young (Concurrent Start) (G1 Evacuation Pause) 196M->151M(1024M) 11,320ms
[2023-05-07T00:38:55.298-0300][gc,cpu      ] GC(8) User=0,03s Sys=0,00s Real=0,01s
[2023-05-07T00:38:55.299-0300][gc          ] GC(9) Concurrent Mark Cycle
[2023-05-07T00:38:55.299-0300][gc,marking  ] GC(9) Concurrent Clear Claimed Marks
[2023-05-07T00:38:55.299-0300][gc,marking  ] GC(9) Concurrent Clear Claimed Marks 0,060ms
[2023-05-07T00:38:55.299-0300][gc,marking  ] GC(9) Concurrent Scan Root Regions
[2023-05-07T00:38:55.316-0300][gc,marking  ] GC(9) Concurrent Scan Root Regions 16,869ms
[2023-05-07T00:38:55.316-0300][gc,marking  ] GC(9) Concurrent Mark
[2023-05-07T00:38:55.316-0300][gc,marking  ] GC(9) Concurrent Mark From Roots
[2023-05-07T00:38:55.316-0300][gc,task     ] GC(9) Using 1 workers of 1 for marking
[2023-05-07T00:38:55.407-0300][gc,marking  ] GC(9) Concurrent Mark From Roots 90,986ms
[2023-05-07T00:38:55.407-0300][gc,marking  ] GC(9) Concurrent Preclean
[2023-05-07T00:38:55.407-0300][gc,marking  ] GC(9) Concurrent Preclean 0,185ms
[2023-05-07T00:38:55.414-0300][gc,start    ] GC(9) Pause Remark
[2023-05-07T00:38:55.427-0300][gc          ] GC(9) Pause Remark 153M->153M(1024M) 12,683ms
[2023-05-07T00:38:55.427-0300][gc,cpu      ] GC(9) User=0,01s Sys=0,00s Real=0,01s
[2023-05-07T00:38:55.427-0300][gc,marking  ] GC(9) Concurrent Mark 111,367ms
[2023-05-07T00:38:55.427-0300][gc,marking  ] GC(9) Concurrent Rebuild Remembered Sets
[2023-05-07T00:38:55.464-0300][gc,marking  ] GC(9) Concurrent Rebuild Remembered Sets 37,045ms
[2023-05-07T00:38:55.465-0300][gc,start    ] GC(9) Pause Cleanup
[2023-05-07T00:38:55.465-0300][gc          ] GC(9) Pause Cleanup 154M->154M(1024M) 0,267ms
[2023-05-07T00:38:55.465-0300][gc,cpu      ] GC(9) User=0,00s Sys=0,00s Real=0,00s
[2023-05-07T00:38:55.465-0300][gc,marking  ] GC(9) Concurrent Cleanup for Next Mark
[2023-05-07T00:38:55.467-0300][gc,marking  ] GC(9) Concurrent Cleanup for Next Mark 1,464ms
[2023-05-07T00:38:55.467-0300][gc          ] GC(9) Concurrent Mark Cycle 168,120ms
[2023-05-07T00:38:57.403-0300][gc,heap,exit] Heap
[2023-05-07T00:38:57.403-0300][gc,heap,exit]  garbage-first heap   total 1048576K, used 163604K [0x00000000c0000000, 0x0000000100000000)
[2023-05-07T00:38:57.403-0300][gc,heap,exit]   region size 1024K, 14 young (14336K), 6 survivors (6144K)
[2023-05-07T00:38:57.404-0300][gc,heap,exit]  Metaspace       used 42630K, committed 43200K, reserved 1089536K
[2023-05-07T00:38:57.404-0300][gc,heap,exit]   class space    used 5086K, committed 5312K, reserved 1048576K
