[2023-05-07T02:24:12.157-0300][gc] Using G1
[2023-05-07T02:24:12.170-0300][gc,init] Version: 17.0.6+10-Ubuntu-0ubuntu122.04 (release)
[2023-05-07T02:24:12.170-0300][gc,init] CPUs: 4 total, 4 available
[2023-05-07T02:24:12.170-0300][gc,init] Memory: 7834M
[2023-05-07T02:24:12.170-0300][gc,init] Large Page Support: Disabled
[2023-05-07T02:24:12.170-0300][gc,init] NUMA Support: Disabled
[2023-05-07T02:24:12.170-0300][gc,init] Compressed Oops: Enabled (32-bit)
[2023-05-07T02:24:12.170-0300][gc,init] Heap Region Size: 1M
[2023-05-07T02:24:12.170-0300][gc,init] Heap Min Capacity: 1G
[2023-05-07T02:24:12.170-0300][gc,init] Heap Initial Capacity: 1G
[2023-05-07T02:24:12.170-0300][gc,init] Heap Max Capacity: 1G
[2023-05-07T02:24:12.170-0300][gc,init] Pre-touch: Disabled
[2023-05-07T02:24:12.170-0300][gc,init] Parallel Workers: 4
[2023-05-07T02:24:12.170-0300][gc,init] Concurrent Workers: 1
[2023-05-07T02:24:12.170-0300][gc,init] Concurrent Refinement Workers: 4
[2023-05-07T02:24:12.170-0300][gc,init] Periodic GC: Disabled
[2023-05-07T02:24:12.170-0300][gc,metaspace] CDS archive(s) mapped at: [0x0000000800000000-0x0000000800be3000-0x0000000800be3000), size 12464128, SharedBaseAddress: 0x0000000800000000, ArchiveRelocationMode: 0.
[2023-05-07T02:24:12.170-0300][gc,metaspace] Compressed class space mapped at: 0x0000000800c00000-0x0000000840c00000, reserved size: 1073741824
[2023-05-07T02:24:12.170-0300][gc,metaspace] Narrow klass base: 0x0000000800000000, Narrow klass shift: 0, Narrow klass range: 0x100000000
[2023-05-07T02:24:14.548-0300][gc,start    ] GC(0) Pause Young (Normal) (G1 Evacuation Pause)
[2023-05-07T02:24:14.549-0300][gc,task     ] GC(0) Using 4 workers of 4 for evacuation
[2023-05-07T02:24:14.562-0300][gc,phases   ] GC(0)   Pre Evacuate Collection Set: 0,2ms
[2023-05-07T02:24:14.562-0300][gc,phases   ] GC(0)   Merge Heap Roots: 0,1ms
[2023-05-07T02:24:14.562-0300][gc,phases   ] GC(0)   Evacuate Collection Set: 11,9ms
[2023-05-07T02:24:14.562-0300][gc,phases   ] GC(0)   Post Evacuate Collection Set: 0,7ms
[2023-05-07T02:24:14.562-0300][gc,phases   ] GC(0)   Other: 0,5ms
[2023-05-07T02:24:14.562-0300][gc,heap     ] GC(0) Eden regions: 51->0(44)
[2023-05-07T02:24:14.562-0300][gc,heap     ] GC(0) Survivor regions: 0->7(7)
[2023-05-07T02:24:14.562-0300][gc,heap     ] GC(0) Old regions: 0->1
[2023-05-07T02:24:14.562-0300][gc,heap     ] GC(0) Archive regions: 2->2
[2023-05-07T02:24:14.562-0300][gc,heap     ] GC(0) Humongous regions: 0->0
[2023-05-07T02:24:14.562-0300][gc,metaspace] GC(0) Metaspace: 18656K(18816K)->18656K(18816K) NonClass: 16431K(16512K)->16431K(16512K) Class: 2225K(2304K)->2225K(2304K)
[2023-05-07T02:24:14.562-0300][gc          ] GC(0) Pause Young (Normal) (G1 Evacuation Pause) 51M->8M(1024M) 13,512ms
[2023-05-07T02:24:14.562-0300][gc,cpu      ] GC(0) User=0,03s Sys=0,00s Real=0,01s
[2023-05-07T02:24:14.927-0300][gc,start    ] GC(1) Pause Young (Concurrent Start) (Metadata GC Threshold)
[2023-05-07T02:24:14.927-0300][gc,task     ] GC(1) Using 4 workers of 4 for evacuation
[2023-05-07T02:24:14.942-0300][gc,phases   ] GC(1)   Pre Evacuate Collection Set: 0,2ms
[2023-05-07T02:24:14.942-0300][gc,phases   ] GC(1)   Merge Heap Roots: 0,1ms
[2023-05-07T02:24:14.942-0300][gc,phases   ] GC(1)   Evacuate Collection Set: 13,4ms
[2023-05-07T02:24:14.942-0300][gc,phases   ] GC(1)   Post Evacuate Collection Set: 0,8ms
[2023-05-07T02:24:14.942-0300][gc,phases   ] GC(1)   Other: 0,3ms
[2023-05-07T02:24:14.942-0300][gc,heap     ] GC(1) Eden regions: 12->0(49)
[2023-05-07T02:24:14.942-0300][gc,heap     ] GC(1) Survivor regions: 7->2(7)
[2023-05-07T02:24:14.942-0300][gc,heap     ] GC(1) Old regions: 1->8
[2023-05-07T02:24:14.942-0300][gc,heap     ] GC(1) Archive regions: 2->2
[2023-05-07T02:24:14.942-0300][gc,heap     ] GC(1) Humongous regions: 129->129
[2023-05-07T02:24:14.942-0300][gc,metaspace] GC(1) Metaspace: 21273K(21504K)->21273K(21504K) NonClass: 18715K(18816K)->18715K(18816K) Class: 2558K(2688K)->2558K(2688K)
[2023-05-07T02:24:14.942-0300][gc          ] GC(1) Pause Young (Concurrent Start) (Metadata GC Threshold) 149M->138M(1024M) 14,937ms
[2023-05-07T02:24:14.942-0300][gc,cpu      ] GC(1) User=0,03s Sys=0,00s Real=0,02s
[2023-05-07T02:24:14.942-0300][gc          ] GC(2) Concurrent Mark Cycle
[2023-05-07T02:24:14.942-0300][gc,marking  ] GC(2) Concurrent Clear Claimed Marks
[2023-05-07T02:24:14.942-0300][gc,marking  ] GC(2) Concurrent Clear Claimed Marks 0,022ms
[2023-05-07T02:24:14.942-0300][gc,marking  ] GC(2) Concurrent Scan Root Regions
[2023-05-07T02:24:14.950-0300][gc,marking  ] GC(2) Concurrent Scan Root Regions 7,627ms
[2023-05-07T02:24:14.950-0300][gc,marking  ] GC(2) Concurrent Mark
[2023-05-07T02:24:14.950-0300][gc,marking  ] GC(2) Concurrent Mark From Roots
[2023-05-07T02:24:14.950-0300][gc,task     ] GC(2) Using 1 workers of 1 for marking
[2023-05-07T02:24:14.956-0300][gc,marking  ] GC(2) Concurrent Mark From Roots 5,537ms
[2023-05-07T02:24:14.956-0300][gc,marking  ] GC(2) Concurrent Preclean
[2023-05-07T02:24:14.956-0300][gc,marking  ] GC(2) Concurrent Preclean 0,077ms
[2023-05-07T02:24:14.957-0300][gc,start    ] GC(2) Pause Remark
[2023-05-07T02:24:14.959-0300][gc          ] GC(2) Pause Remark 139M->139M(1024M) 2,742ms
[2023-05-07T02:24:14.959-0300][gc,cpu      ] GC(2) User=0,01s Sys=0,00s Real=0,00s
[2023-05-07T02:24:14.959-0300][gc,marking  ] GC(2) Concurrent Mark 9,329ms
[2023-05-07T02:24:14.959-0300][gc,marking  ] GC(2) Concurrent Rebuild Remembered Sets
[2023-05-07T02:24:14.965-0300][gc,marking  ] GC(2) Concurrent Rebuild Remembered Sets 5,738ms
[2023-05-07T02:24:14.965-0300][gc,start    ] GC(2) Pause Cleanup
[2023-05-07T02:24:14.966-0300][gc          ] GC(2) Pause Cleanup 139M->139M(1024M) 0,196ms
[2023-05-07T02:24:14.966-0300][gc,cpu      ] GC(2) User=0,00s Sys=0,00s Real=0,00s
[2023-05-07T02:24:14.966-0300][gc,marking  ] GC(2) Concurrent Cleanup for Next Mark
[2023-05-07T02:24:14.977-0300][gc,marking  ] GC(2) Concurrent Cleanup for Next Mark 11,066ms
[2023-05-07T02:24:14.977-0300][gc          ] GC(2) Concurrent Mark Cycle 34,419ms
[2023-05-07T02:24:16.771-0300][gc,start    ] GC(3) Pause Young (Normal) (G1 Evacuation Pause)
[2023-05-07T02:24:16.771-0300][gc,task     ] GC(3) Using 4 workers of 4 for evacuation
[2023-05-07T02:24:16.783-0300][gc,phases   ] GC(3)   Pre Evacuate Collection Set: 0,2ms
[2023-05-07T02:24:16.783-0300][gc,phases   ] GC(3)   Merge Heap Roots: 0,1ms
[2023-05-07T02:24:16.783-0300][gc,phases   ] GC(3)   Evacuate Collection Set: 10,7ms
[2023-05-07T02:24:16.783-0300][gc,phases   ] GC(3)   Post Evacuate Collection Set: 1,0ms
[2023-05-07T02:24:16.783-0300][gc,phases   ] GC(3)   Other: 0,2ms
[2023-05-07T02:24:16.783-0300][gc,heap     ] GC(3) Eden regions: 49->0(45)
[2023-05-07T02:24:16.783-0300][gc,heap     ] GC(3) Survivor regions: 2->6(7)
[2023-05-07T02:24:16.783-0300][gc,heap     ] GC(3) Old regions: 8->8
[2023-05-07T02:24:16.783-0300][gc,heap     ] GC(3) Archive regions: 2->2
[2023-05-07T02:24:16.783-0300][gc,heap     ] GC(3) Humongous regions: 129->129
[2023-05-07T02:24:16.783-0300][gc,metaspace] GC(3) Metaspace: 32647K(32896K)->32647K(32896K) NonClass: 28977K(29120K)->28977K(29120K) Class: 3670K(3776K)->3670K(3776K)
[2023-05-07T02:24:16.783-0300][gc          ] GC(3) Pause Young (Normal) (G1 Evacuation Pause) 187M->142M(1024M) 12,176ms
[2023-05-07T02:24:16.783-0300][gc,cpu      ] GC(3) User=0,02s Sys=0,00s Real=0,01s
[2023-05-07T02:24:24.056-0300][gc,start    ] GC(4) Pause Young (Concurrent Start) (Metadata GC Threshold)
[2023-05-07T02:24:24.056-0300][gc,task     ] GC(4) Using 4 workers of 4 for evacuation
[2023-05-07T02:24:24.069-0300][gc,phases   ] GC(4)   Pre Evacuate Collection Set: 0,2ms
[2023-05-07T02:24:24.069-0300][gc,phases   ] GC(4)   Merge Heap Roots: 0,1ms
[2023-05-07T02:24:24.069-0300][gc,phases   ] GC(4)   Evacuate Collection Set: 10,7ms
[2023-05-07T02:24:24.069-0300][gc,phases   ] GC(4)   Post Evacuate Collection Set: 1,7ms
[2023-05-07T02:24:24.069-0300][gc,phases   ] GC(4)   Other: 0,3ms
[2023-05-07T02:24:24.069-0300][gc,heap     ] GC(4) Eden regions: 15->0(49)
[2023-05-07T02:24:24.069-0300][gc,heap     ] GC(4) Survivor regions: 6->2(7)
[2023-05-07T02:24:24.069-0300][gc,heap     ] GC(4) Old regions: 8->13
[2023-05-07T02:24:24.069-0300][gc,heap     ] GC(4) Archive regions: 2->2
[2023-05-07T02:24:24.069-0300][gc,heap     ] GC(4) Humongous regions: 129->129
[2023-05-07T02:24:24.069-0300][gc,metaspace] GC(4) Metaspace: 35743K(36096K)->35743K(36096K) NonClass: 31555K(31744K)->31555K(31744K) Class: 4187K(4352K)->4187K(4352K)
[2023-05-07T02:24:24.069-0300][gc          ] GC(4) Pause Young (Concurrent Start) (Metadata GC Threshold) 157M->144M(1024M) 13,131ms
[2023-05-07T02:24:24.069-0300][gc,cpu      ] GC(4) User=0,03s Sys=0,00s Real=0,01s
[2023-05-07T02:24:24.069-0300][gc          ] GC(5) Concurrent Mark Cycle
[2023-05-07T02:24:24.069-0300][gc,marking  ] GC(5) Concurrent Clear Claimed Marks
[2023-05-07T02:24:24.069-0300][gc,marking  ] GC(5) Concurrent Clear Claimed Marks 0,036ms
[2023-05-07T02:24:24.069-0300][gc,marking  ] GC(5) Concurrent Scan Root Regions
[2023-05-07T02:24:24.076-0300][gc,marking  ] GC(5) Concurrent Scan Root Regions 6,765ms
[2023-05-07T02:24:24.076-0300][gc,marking  ] GC(5) Concurrent Mark
[2023-05-07T02:24:24.076-0300][gc,marking  ] GC(5) Concurrent Mark From Roots
[2023-05-07T02:24:24.076-0300][gc,task     ] GC(5) Using 1 workers of 1 for marking
[2023-05-07T02:24:24.111-0300][gc,marking  ] GC(5) Concurrent Mark From Roots 34,560ms
[2023-05-07T02:24:24.111-0300][gc,marking  ] GC(5) Concurrent Preclean
[2023-05-07T02:24:24.111-0300][gc,marking  ] GC(5) Concurrent Preclean 0,145ms
[2023-05-07T02:24:24.111-0300][gc,start    ] GC(5) Pause Remark
[2023-05-07T02:24:24.121-0300][gc          ] GC(5) Pause Remark 145M->145M(1024M) 10,069ms
[2023-05-07T02:24:24.121-0300][gc,cpu      ] GC(5) User=0,01s Sys=0,00s Real=0,00s
[2023-05-07T02:24:24.121-0300][gc,marking  ] GC(5) Concurrent Mark 45,113ms
[2023-05-07T02:24:24.121-0300][gc,marking  ] GC(5) Concurrent Rebuild Remembered Sets
[2023-05-07T02:24:24.121-0300][gc,marking  ] GC(5) Concurrent Rebuild Remembered Sets 0,011ms
[2023-05-07T02:24:24.123-0300][gc,start    ] GC(5) Pause Cleanup
[2023-05-07T02:24:24.123-0300][gc          ] GC(5) Pause Cleanup 145M->145M(1024M) 0,060ms
[2023-05-07T02:24:24.124-0300][gc,cpu      ] GC(5) User=0,00s Sys=0,00s Real=0,00s
[2023-05-07T02:24:24.124-0300][gc,marking  ] GC(5) Concurrent Cleanup for Next Mark
[2023-05-07T02:24:24.152-0300][gc,marking  ] GC(5) Concurrent Cleanup for Next Mark 28,545ms
[2023-05-07T02:24:24.152-0300][gc          ] GC(5) Concurrent Mark Cycle 83,065ms
[2023-05-07T02:25:13.711-0300][gc,start    ] GC(6) Pause Young (Normal) (G1 Evacuation Pause)
[2023-05-07T02:25:13.715-0300][gc,task     ] GC(6) Using 4 workers of 4 for evacuation
[2023-05-07T02:25:13.729-0300][gc,phases   ] GC(6)   Pre Evacuate Collection Set: 0,2ms
[2023-05-07T02:25:13.729-0300][gc,phases   ] GC(6)   Merge Heap Roots: 0,1ms
[2023-05-07T02:25:13.729-0300][gc,phases   ] GC(6)   Evacuate Collection Set: 12,3ms
[2023-05-07T02:25:13.729-0300][gc,phases   ] GC(6)   Post Evacuate Collection Set: 0,8ms
[2023-05-07T02:25:13.729-0300][gc,phases   ] GC(6)   Other: 4,4ms
[2023-05-07T02:25:13.729-0300][gc,heap     ] GC(6) Eden regions: 49->0(46)
[2023-05-07T02:25:13.729-0300][gc,heap     ] GC(6) Survivor regions: 2->5(7)
[2023-05-07T02:25:13.729-0300][gc,heap     ] GC(6) Old regions: 13->13
[2023-05-07T02:25:13.729-0300][gc,heap     ] GC(6) Archive regions: 2->2
[2023-05-07T02:25:13.729-0300][gc,heap     ] GC(6) Humongous regions: 129->129
[2023-05-07T02:25:13.729-0300][gc,metaspace] GC(6) Metaspace: 41462K(42112K)->41462K(42112K) NonClass: 36502K(36864K)->36502K(36864K) Class: 4959K(5248K)->4959K(5248K)
[2023-05-07T02:25:13.729-0300][gc          ] GC(6) Pause Young (Normal) (G1 Evacuation Pause) 193M->147M(1024M) 18,035ms
[2023-05-07T02:25:13.729-0300][gc,cpu      ] GC(6) User=0,03s Sys=0,00s Real=0,01s
[2023-05-07T02:27:25.626-0300][gc,start    ] GC(7) Pause Young (Normal) (G1 Evacuation Pause)
[2023-05-07T02:27:25.627-0300][gc,task     ] GC(7) Using 4 workers of 4 for evacuation
[2023-05-07T02:27:25.640-0300][gc,phases   ] GC(7)   Pre Evacuate Collection Set: 0,4ms
[2023-05-07T02:27:25.640-0300][gc,phases   ] GC(7)   Merge Heap Roots: 0,5ms
[2023-05-07T02:27:25.640-0300][gc,phases   ] GC(7)   Evacuate Collection Set: 11,1ms
[2023-05-07T02:27:25.640-0300][gc,phases   ] GC(7)   Post Evacuate Collection Set: 1,0ms
[2023-05-07T02:27:25.640-0300][gc,phases   ] GC(7)   Other: 1,2ms
[2023-05-07T02:27:25.640-0300][gc,heap     ] GC(7) Eden regions: 46->0(48)
[2023-05-07T02:27:25.640-0300][gc,heap     ] GC(7) Survivor regions: 5->3(7)
[2023-05-07T02:27:25.641-0300][gc,heap     ] GC(7) Old regions: 13->17
[2023-05-07T02:27:25.641-0300][gc,heap     ] GC(7) Archive regions: 2->2
[2023-05-07T02:27:25.641-0300][gc,heap     ] GC(7) Humongous regions: 129->129
[2023-05-07T02:27:25.641-0300][gc,metaspace] GC(7) Metaspace: 42332K(42944K)->42332K(42944K) NonClass: 37369K(37696K)->37369K(37696K) Class: 4962K(5248K)->4962K(5248K)
[2023-05-07T02:27:25.641-0300][gc          ] GC(7) Pause Young (Normal) (G1 Evacuation Pause) 193M->148M(1024M) 14,403ms
[2023-05-07T02:27:25.641-0300][gc,cpu      ] GC(7) User=0,03s Sys=0,00s Real=0,01s
[2023-05-07T02:29:32.700-0300][gc,start    ] GC(8) Pause Young (Normal) (G1 Evacuation Pause)
[2023-05-07T02:29:32.700-0300][gc,task     ] GC(8) Using 4 workers of 4 for evacuation
[2023-05-07T02:29:32.709-0300][gc,phases   ] GC(8)   Pre Evacuate Collection Set: 0,1ms
[2023-05-07T02:29:32.709-0300][gc,phases   ] GC(8)   Merge Heap Roots: 0,1ms
[2023-05-07T02:29:32.709-0300][gc,phases   ] GC(8)   Evacuate Collection Set: 8,6ms
[2023-05-07T02:29:32.709-0300][gc,phases   ] GC(8)   Post Evacuate Collection Set: 0,5ms
[2023-05-07T02:29:32.709-0300][gc,phases   ] GC(8)   Other: 0,2ms
[2023-05-07T02:29:32.709-0300][gc,heap     ] GC(8) Eden regions: 48->0(45)
[2023-05-07T02:29:32.709-0300][gc,heap     ] GC(8) Survivor regions: 3->6(7)
[2023-05-07T02:29:32.709-0300][gc,heap     ] GC(8) Old regions: 17->17
[2023-05-07T02:29:32.709-0300][gc,heap     ] GC(8) Archive regions: 2->2
[2023-05-07T02:29:32.709-0300][gc,heap     ] GC(8) Humongous regions: 129->129
[2023-05-07T02:29:32.709-0300][gc,metaspace] GC(8) Metaspace: 43418K(44032K)->43418K(44032K) NonClass: 38301K(38656K)->38301K(38656K) Class: 5117K(5376K)->5117K(5376K)
[2023-05-07T02:29:32.709-0300][gc          ] GC(8) Pause Young (Normal) (G1 Evacuation Pause) 196M->152M(1024M) 9,538ms
[2023-05-07T02:29:32.709-0300][gc,cpu      ] GC(8) User=0,03s Sys=0,00s Real=0,01s
[2023-05-07T02:29:32.742-0300][gc,heap,exit] Heap
[2023-05-07T02:29:32.743-0300][gc,heap,exit]  garbage-first heap   total 1048576K, used 158412K [0x00000000c0000000, 0x0000000100000000)
[2023-05-07T02:29:32.743-0300][gc,heap,exit]   region size 1024K, 9 young (9216K), 6 survivors (6144K)
[2023-05-07T02:29:32.743-0300][gc,heap,exit]  Metaspace       used 43451K, committed 44032K, reserved 1089536K
[2023-05-07T02:29:32.743-0300][gc,heap,exit]   class space    used 5124K, committed 5376K, reserved 1048576K
