[2023-05-07T00:14:51.191-0300][gc] Using G1
[2023-05-07T00:14:51.221-0300][gc,init] Version: 17.0.6+10-Ubuntu-0ubuntu122.04 (release)
[2023-05-07T00:14:51.221-0300][gc,init] CPUs: 4 total, 4 available
[2023-05-07T00:14:51.221-0300][gc,init] Memory: 7834M
[2023-05-07T00:14:51.221-0300][gc,init] Large Page Support: Disabled
[2023-05-07T00:14:51.221-0300][gc,init] NUMA Support: Disabled
[2023-05-07T00:14:51.221-0300][gc,init] Compressed Oops: Enabled (32-bit)
[2023-05-07T00:14:51.221-0300][gc,init] Heap Region Size: 1M
[2023-05-07T00:14:51.221-0300][gc,init] Heap Min Capacity: 1G
[2023-05-07T00:14:51.221-0300][gc,init] Heap Initial Capacity: 1G
[2023-05-07T00:14:51.221-0300][gc,init] Heap Max Capacity: 1G
[2023-05-07T00:14:51.221-0300][gc,init] Pre-touch: Disabled
[2023-05-07T00:14:51.221-0300][gc,init] Parallel Workers: 4
[2023-05-07T00:14:51.221-0300][gc,init] Concurrent Workers: 1
[2023-05-07T00:14:51.221-0300][gc,init] Concurrent Refinement Workers: 4
[2023-05-07T00:14:51.221-0300][gc,init] Periodic GC: Disabled
[2023-05-07T00:14:51.221-0300][gc,metaspace] CDS archive(s) mapped at: [0x0000000800000000-0x0000000800be3000-0x0000000800be3000), size 12464128, SharedBaseAddress: 0x0000000800000000, ArchiveRelocationMode: 0.
[2023-05-07T00:14:51.221-0300][gc,metaspace] Compressed class space mapped at: 0x0000000800c00000-0x0000000840c00000, reserved size: 1073741824
[2023-05-07T00:14:51.221-0300][gc,metaspace] Narrow klass base: 0x0000000800000000, Narrow klass shift: 0, Narrow klass range: 0x100000000
[2023-05-07T00:14:56.837-0300][gc,start    ] GC(0) Pause Young (Normal) (G1 Evacuation Pause)
[2023-05-07T00:14:56.870-0300][gc,task     ] GC(0) Using 4 workers of 4 for evacuation
[2023-05-07T00:14:56.896-0300][gc,mmu      ] GC(0) MMU target violated: 21,0ms (20,0ms/21,0ms)
[2023-05-07T00:14:56.896-0300][gc,phases   ] GC(0)   Pre Evacuate Collection Set: 0,3ms
[2023-05-07T00:14:56.896-0300][gc,phases   ] GC(0)   Merge Heap Roots: 0,1ms
[2023-05-07T00:14:56.896-0300][gc,phases   ] GC(0)   Evacuate Collection Set: 24,7ms
[2023-05-07T00:14:56.896-0300][gc,phases   ] GC(0)   Post Evacuate Collection Set: 0,8ms
[2023-05-07T00:14:56.896-0300][gc,phases   ] GC(0)   Other: 33,0ms
[2023-05-07T00:14:56.896-0300][gc,heap     ] GC(0) Eden regions: 51->0(44)
[2023-05-07T00:14:56.896-0300][gc,heap     ] GC(0) Survivor regions: 0->7(7)
[2023-05-07T00:14:56.896-0300][gc,heap     ] GC(0) Old regions: 0->1
[2023-05-07T00:14:56.896-0300][gc,heap     ] GC(0) Archive regions: 2->2
[2023-05-07T00:14:56.896-0300][gc,heap     ] GC(0) Humongous regions: 0->0
[2023-05-07T00:14:56.896-0300][gc,metaspace] GC(0) Metaspace: 18691K(18816K)->18691K(18816K) NonClass: 16466K(16512K)->16466K(16512K) Class: 2225K(2304K)->2225K(2304K)
[2023-05-07T00:14:56.896-0300][gc          ] GC(0) Pause Young (Normal) (G1 Evacuation Pause) 51M->8M(1024M) 59,001ms
[2023-05-07T00:14:56.896-0300][gc,cpu      ] GC(0) User=0,03s Sys=0,01s Real=0,06s
[2023-05-07T00:14:58.093-0300][gc,start    ] GC(1) Pause Young (Concurrent Start) (Metadata GC Threshold)
[2023-05-07T00:14:58.093-0300][gc,task     ] GC(1) Using 4 workers of 4 for evacuation
[2023-05-07T00:14:58.120-0300][gc,mmu      ] GC(1) MMU target violated: 21,0ms (20,0ms/21,0ms)
[2023-05-07T00:14:58.120-0300][gc,phases   ] GC(1)   Pre Evacuate Collection Set: 0,3ms
[2023-05-07T00:14:58.120-0300][gc,phases   ] GC(1)   Merge Heap Roots: 0,1ms
[2023-05-07T00:14:58.120-0300][gc,phases   ] GC(1)   Evacuate Collection Set: 25,7ms
[2023-05-07T00:14:58.120-0300][gc,phases   ] GC(1)   Post Evacuate Collection Set: 0,6ms
[2023-05-07T00:14:58.120-0300][gc,phases   ] GC(1)   Other: 0,4ms
[2023-05-07T00:14:58.120-0300][gc,heap     ] GC(1) Eden regions: 12->0(49)
[2023-05-07T00:14:58.120-0300][gc,heap     ] GC(1) Survivor regions: 7->2(7)
[2023-05-07T00:14:58.120-0300][gc,heap     ] GC(1) Old regions: 1->8
[2023-05-07T00:14:58.120-0300][gc,heap     ] GC(1) Archive regions: 2->2
[2023-05-07T00:14:58.120-0300][gc,heap     ] GC(1) Humongous regions: 129->129
[2023-05-07T00:14:58.120-0300][gc,metaspace] GC(1) Metaspace: 21255K(21504K)->21255K(21504K) NonClass: 18704K(18816K)->18704K(18816K) Class: 2551K(2688K)->2551K(2688K)
[2023-05-07T00:14:58.120-0300][gc          ] GC(1) Pause Young (Concurrent Start) (Metadata GC Threshold) 149M->138M(1024M) 27,241ms
[2023-05-07T00:14:58.120-0300][gc,cpu      ] GC(1) User=0,02s Sys=0,01s Real=0,02s
[2023-05-07T00:14:58.120-0300][gc          ] GC(2) Concurrent Mark Cycle
[2023-05-07T00:14:58.120-0300][gc,marking  ] GC(2) Concurrent Clear Claimed Marks
[2023-05-07T00:14:58.120-0300][gc,marking  ] GC(2) Concurrent Clear Claimed Marks 0,028ms
[2023-05-07T00:14:58.120-0300][gc,marking  ] GC(2) Concurrent Scan Root Regions
[2023-05-07T00:14:58.133-0300][gc,marking  ] GC(2) Concurrent Scan Root Regions 12,757ms
[2023-05-07T00:14:58.133-0300][gc,marking  ] GC(2) Concurrent Mark
[2023-05-07T00:14:58.133-0300][gc,marking  ] GC(2) Concurrent Mark From Roots
[2023-05-07T00:14:58.133-0300][gc,task     ] GC(2) Using 1 workers of 1 for marking
[2023-05-07T00:14:58.137-0300][gc,marking  ] GC(2) Concurrent Mark From Roots 3,824ms
[2023-05-07T00:14:58.137-0300][gc,marking  ] GC(2) Concurrent Preclean
[2023-05-07T00:14:58.137-0300][gc,marking  ] GC(2) Concurrent Preclean 0,085ms
[2023-05-07T00:14:58.137-0300][gc,start    ] GC(2) Pause Remark
[2023-05-07T00:14:58.141-0300][gc          ] GC(2) Pause Remark 139M->139M(1024M) 3,481ms
[2023-05-07T00:14:58.141-0300][gc,cpu      ] GC(2) User=0,01s Sys=0,00s Real=0,00s
[2023-05-07T00:14:58.141-0300][gc,marking  ] GC(2) Concurrent Mark 7,816ms
[2023-05-07T00:14:58.141-0300][gc,marking  ] GC(2) Concurrent Rebuild Remembered Sets
[2023-05-07T00:14:58.148-0300][gc,marking  ] GC(2) Concurrent Rebuild Remembered Sets 7,432ms
[2023-05-07T00:14:58.154-0300][gc,start    ] GC(2) Pause Cleanup
[2023-05-07T00:14:58.154-0300][gc          ] GC(2) Pause Cleanup 139M->139M(1024M) 0,291ms
[2023-05-07T00:14:58.154-0300][gc,cpu      ] GC(2) User=0,00s Sys=0,00s Real=0,00s
[2023-05-07T00:14:58.154-0300][gc,marking  ] GC(2) Concurrent Cleanup for Next Mark
[2023-05-07T00:14:58.243-0300][gc,marking  ] GC(2) Concurrent Cleanup for Next Mark 88,777ms
[2023-05-07T00:14:58.243-0300][gc          ] GC(2) Concurrent Mark Cycle 122,897ms
[2023-05-07T00:15:00.750-0300][gc,start    ] GC(3) Pause Young (Normal) (G1 Evacuation Pause)
[2023-05-07T00:15:00.750-0300][gc,task     ] GC(3) Using 4 workers of 4 for evacuation
[2023-05-07T00:15:00.763-0300][gc,phases   ] GC(3)   Pre Evacuate Collection Set: 0,3ms
[2023-05-07T00:15:00.763-0300][gc,phases   ] GC(3)   Merge Heap Roots: 0,1ms
[2023-05-07T00:15:00.763-0300][gc,phases   ] GC(3)   Evacuate Collection Set: 11,3ms
[2023-05-07T00:15:00.763-0300][gc,phases   ] GC(3)   Post Evacuate Collection Set: 0,6ms
[2023-05-07T00:15:00.763-0300][gc,phases   ] GC(3)   Other: 0,2ms
[2023-05-07T00:15:00.763-0300][gc,heap     ] GC(3) Eden regions: 49->0(45)
[2023-05-07T00:15:00.763-0300][gc,heap     ] GC(3) Survivor regions: 2->6(7)
[2023-05-07T00:15:00.763-0300][gc,heap     ] GC(3) Old regions: 8->8
[2023-05-07T00:15:00.763-0300][gc,heap     ] GC(3) Archive regions: 2->2
[2023-05-07T00:15:00.763-0300][gc,heap     ] GC(3) Humongous regions: 129->129
[2023-05-07T00:15:00.763-0300][gc,metaspace] GC(3) Metaspace: 32446K(32640K)->32446K(32640K) NonClass: 28823K(28928K)->28823K(28928K) Class: 3622K(3712K)->3622K(3712K)
[2023-05-07T00:15:00.763-0300][gc          ] GC(3) Pause Young (Normal) (G1 Evacuation Pause) 187M->142M(1024M) 12,676ms
[2023-05-07T00:15:00.763-0300][gc,cpu      ] GC(3) User=0,02s Sys=0,00s Real=0,01s
[2023-05-07T00:15:08.812-0300][gc,start    ] GC(4) Pause Young (Concurrent Start) (Metadata GC Threshold)
[2023-05-07T00:15:08.812-0300][gc,task     ] GC(4) Using 4 workers of 4 for evacuation
[2023-05-07T00:15:08.823-0300][gc,phases   ] GC(4)   Pre Evacuate Collection Set: 0,3ms
[2023-05-07T00:15:08.823-0300][gc,phases   ] GC(4)   Merge Heap Roots: 0,1ms
[2023-05-07T00:15:08.823-0300][gc,phases   ] GC(4)   Evacuate Collection Set: 9,8ms
[2023-05-07T00:15:08.823-0300][gc,phases   ] GC(4)   Post Evacuate Collection Set: 0,7ms
[2023-05-07T00:15:08.823-0300][gc,phases   ] GC(4)   Other: 0,3ms
[2023-05-07T00:15:08.823-0300][gc,heap     ] GC(4) Eden regions: 16->0(49)
[2023-05-07T00:15:08.823-0300][gc,heap     ] GC(4) Survivor regions: 6->2(7)
[2023-05-07T00:15:08.823-0300][gc,heap     ] GC(4) Old regions: 8->13
[2023-05-07T00:15:08.823-0300][gc,heap     ] GC(4) Archive regions: 2->2
[2023-05-07T00:15:08.823-0300][gc,heap     ] GC(4) Humongous regions: 129->129
[2023-05-07T00:15:08.823-0300][gc,metaspace] GC(4) Metaspace: 35754K(36096K)->35754K(36096K) NonClass: 31568K(31744K)->31568K(31744K) Class: 4185K(4352K)->4185K(4352K)
[2023-05-07T00:15:08.823-0300][gc          ] GC(4) Pause Young (Concurrent Start) (Metadata GC Threshold) 158M->143M(1024M) 11,340ms
[2023-05-07T00:15:08.823-0300][gc,cpu      ] GC(4) User=0,04s Sys=0,00s Real=0,01s
[2023-05-07T00:15:08.823-0300][gc          ] GC(5) Concurrent Mark Cycle
[2023-05-07T00:15:08.823-0300][gc,marking  ] GC(5) Concurrent Clear Claimed Marks
[2023-05-07T00:15:08.823-0300][gc,marking  ] GC(5) Concurrent Clear Claimed Marks 0,035ms
[2023-05-07T00:15:08.823-0300][gc,marking  ] GC(5) Concurrent Scan Root Regions
[2023-05-07T00:15:08.831-0300][gc,marking  ] GC(5) Concurrent Scan Root Regions 7,199ms
[2023-05-07T00:15:08.831-0300][gc,marking  ] GC(5) Concurrent Mark
[2023-05-07T00:15:08.831-0300][gc,marking  ] GC(5) Concurrent Mark From Roots
[2023-05-07T00:15:08.831-0300][gc,task     ] GC(5) Using 1 workers of 1 for marking
[2023-05-07T00:15:08.850-0300][gc,marking  ] GC(5) Concurrent Mark From Roots 19,877ms
[2023-05-07T00:15:08.851-0300][gc,marking  ] GC(5) Concurrent Preclean
[2023-05-07T00:15:08.851-0300][gc,marking  ] GC(5) Concurrent Preclean 0,163ms
[2023-05-07T00:15:08.851-0300][gc,start    ] GC(5) Pause Remark
[2023-05-07T00:15:08.854-0300][gc          ] GC(5) Pause Remark 144M->144M(1024M) 2,909ms
[2023-05-07T00:15:08.854-0300][gc,cpu      ] GC(5) User=0,00s Sys=0,01s Real=0,00s
[2023-05-07T00:15:08.855-0300][gc,marking  ] GC(5) Concurrent Mark 24,182ms
[2023-05-07T00:15:08.855-0300][gc,marking  ] GC(5) Concurrent Rebuild Remembered Sets
[2023-05-07T00:15:08.868-0300][gc,marking  ] GC(5) Concurrent Rebuild Remembered Sets 13,053ms
[2023-05-07T00:15:08.868-0300][gc,start    ] GC(5) Pause Cleanup
[2023-05-07T00:15:08.868-0300][gc          ] GC(5) Pause Cleanup 144M->144M(1024M) 0,205ms
[2023-05-07T00:15:08.868-0300][gc,cpu      ] GC(5) User=0,00s Sys=0,00s Real=0,00s
[2023-05-07T00:15:08.869-0300][gc,marking  ] GC(5) Concurrent Cleanup for Next Mark
[2023-05-07T00:15:08.891-0300][gc,marking  ] GC(5) Concurrent Cleanup for Next Mark 22,153ms
[2023-05-07T00:15:08.891-0300][gc          ] GC(5) Concurrent Mark Cycle 67,534ms
[2023-05-07T00:16:14.624-0300][gc,start    ] GC(6) Pause Young (Normal) (G1 Evacuation Pause)
[2023-05-07T00:16:14.624-0300][gc,task     ] GC(6) Using 4 workers of 4 for evacuation
[2023-05-07T00:16:14.638-0300][gc,phases   ] GC(6)   Pre Evacuate Collection Set: 0,2ms
[2023-05-07T00:16:14.639-0300][gc,phases   ] GC(6)   Merge Heap Roots: 0,1ms
[2023-05-07T00:16:14.639-0300][gc,phases   ] GC(6)   Evacuate Collection Set: 12,7ms
[2023-05-07T00:16:14.639-0300][gc,phases   ] GC(6)   Post Evacuate Collection Set: 1,0ms
[2023-05-07T00:16:14.639-0300][gc,phases   ] GC(6)   Other: 0,2ms
[2023-05-07T00:16:14.639-0300][gc,heap     ] GC(6) Eden regions: 49->0(46)
[2023-05-07T00:16:14.639-0300][gc,heap     ] GC(6) Survivor regions: 2->5(7)
[2023-05-07T00:16:14.639-0300][gc,heap     ] GC(6) Old regions: 13->13
[2023-05-07T00:16:14.639-0300][gc,heap     ] GC(6) Archive regions: 2->2
[2023-05-07T00:16:14.639-0300][gc,heap     ] GC(6) Humongous regions: 129->129
[2023-05-07T00:16:14.639-0300][gc,metaspace] GC(6) Metaspace: 41292K(41920K)->41292K(41920K) NonClass: 36375K(36736K)->36375K(36736K) Class: 4916K(5184K)->4916K(5184K)
[2023-05-07T00:16:14.639-0300][gc          ] GC(6) Pause Young (Normal) (G1 Evacuation Pause) 192M->146M(1024M) 14,432ms
[2023-05-07T00:16:14.639-0300][gc,cpu      ] GC(6) User=0,03s Sys=0,00s Real=0,01s
[2023-05-07T00:18:05.701-0300][gc,start    ] GC(7) Pause Young (Normal) (G1 Evacuation Pause)
[2023-05-07T00:18:05.706-0300][gc,task     ] GC(7) Using 4 workers of 4 for evacuation
[2023-05-07T00:18:05.718-0300][gc,phases   ] GC(7)   Pre Evacuate Collection Set: 0,2ms
[2023-05-07T00:18:05.718-0300][gc,phases   ] GC(7)   Merge Heap Roots: 0,1ms
[2023-05-07T00:18:05.718-0300][gc,phases   ] GC(7)   Evacuate Collection Set: 11,0ms
[2023-05-07T00:18:05.718-0300][gc,phases   ] GC(7)   Post Evacuate Collection Set: 0,8ms
[2023-05-07T00:18:05.718-0300][gc,phases   ] GC(7)   Other: 4,8ms
[2023-05-07T00:18:05.718-0300][gc,heap     ] GC(7) Eden regions: 46->0(48)
[2023-05-07T00:18:05.718-0300][gc,heap     ] GC(7) Survivor regions: 5->3(7)
[2023-05-07T00:18:05.718-0300][gc,heap     ] GC(7) Old regions: 13->16
[2023-05-07T00:18:05.718-0300][gc,heap     ] GC(7) Archive regions: 2->2
[2023-05-07T00:18:05.718-0300][gc,heap     ] GC(7) Humongous regions: 129->129
[2023-05-07T00:18:05.718-0300][gc,metaspace] GC(7) Metaspace: 42132K(42752K)->42132K(42752K) NonClass: 37166K(37504K)->37166K(37504K) Class: 4966K(5248K)->4966K(5248K)
[2023-05-07T00:18:05.718-0300][gc          ] GC(7) Pause Young (Normal) (G1 Evacuation Pause) 192M->148M(1024M) 17,248ms
[2023-05-07T00:18:05.718-0300][gc,cpu      ] GC(7) User=0,03s Sys=0,00s Real=0,02s
[2023-05-07T00:20:56.136-0300][gc,start    ] GC(8) Pause Young (Normal) (G1 Evacuation Pause)
[2023-05-07T00:20:56.136-0300][gc,task     ] GC(8) Using 4 workers of 4 for evacuation
[2023-05-07T00:20:56.155-0300][gc,phases   ] GC(8)   Pre Evacuate Collection Set: 0,3ms
[2023-05-07T00:20:56.155-0300][gc,phases   ] GC(8)   Merge Heap Roots: 0,1ms
[2023-05-07T00:20:56.155-0300][gc,phases   ] GC(8)   Evacuate Collection Set: 18,2ms
[2023-05-07T00:20:56.155-0300][gc,phases   ] GC(8)   Post Evacuate Collection Set: 0,5ms
[2023-05-07T00:20:56.155-0300][gc,phases   ] GC(8)   Other: 0,3ms
[2023-05-07T00:20:56.155-0300][gc,heap     ] GC(8) Eden regions: 48->0(45)
[2023-05-07T00:20:56.155-0300][gc,heap     ] GC(8) Survivor regions: 3->6(7)
[2023-05-07T00:20:56.155-0300][gc,heap     ] GC(8) Old regions: 16->16
[2023-05-07T00:20:56.155-0300][gc,heap     ] GC(8) Archive regions: 2->2
[2023-05-07T00:20:56.155-0300][gc,heap     ] GC(8) Humongous regions: 129->129
[2023-05-07T00:20:56.155-0300][gc,metaspace] GC(8) Metaspace: 42592K(43200K)->42592K(43200K) NonClass: 37615K(37952K)->37615K(37952K) Class: 4977K(5248K)->4977K(5248K)
[2023-05-07T00:20:56.155-0300][gc          ] GC(8) Pause Young (Normal) (G1 Evacuation Pause) 196M->151M(1024M) 19,563ms
[2023-05-07T00:20:56.155-0300][gc,cpu      ] GC(8) User=0,05s Sys=0,01s Real=0,02s
[2023-05-07T00:23:45.582-0300][gc,start    ] GC(9) Pause Young (Normal) (G1 Evacuation Pause)
[2023-05-07T00:23:45.587-0300][gc,task     ] GC(9) Using 4 workers of 4 for evacuation
[2023-05-07T00:23:45.601-0300][gc,phases   ] GC(9)   Pre Evacuate Collection Set: 0,1ms
[2023-05-07T00:23:45.601-0300][gc,phases   ] GC(9)   Merge Heap Roots: 0,1ms
[2023-05-07T00:23:45.601-0300][gc,phases   ] GC(9)   Evacuate Collection Set: 13,9ms
[2023-05-07T00:23:45.602-0300][gc,phases   ] GC(9)   Post Evacuate Collection Set: 0,5ms
[2023-05-07T00:23:45.602-0300][gc,phases   ] GC(9)   Other: 4,5ms
[2023-05-07T00:23:45.602-0300][gc,heap     ] GC(9) Eden regions: 45->0(46)
[2023-05-07T00:23:45.602-0300][gc,heap     ] GC(9) Survivor regions: 6->5(7)
[2023-05-07T00:23:45.602-0300][gc,heap     ] GC(9) Old regions: 16->22
[2023-05-07T00:23:45.602-0300][gc,heap     ] GC(9) Archive regions: 2->2
[2023-05-07T00:23:45.602-0300][gc,heap     ] GC(9) Humongous regions: 129->129
[2023-05-07T00:23:45.602-0300][gc,metaspace] GC(9) Metaspace: 42727K(43328K)->42727K(43328K) NonClass: 37749K(38080K)->37749K(38080K) Class: 4977K(5248K)->4977K(5248K)
[2023-05-07T00:23:45.602-0300][gc          ] GC(9) Pause Young (Normal) (G1 Evacuation Pause) 196M->155M(1024M) 19,213ms
[2023-05-07T00:23:45.602-0300][gc,cpu      ] GC(9) User=0,05s Sys=0,00s Real=0,01s
[2023-05-07T00:26:41.016-0300][gc,start    ] GC(10) Pause Young (Normal) (G1 Evacuation Pause)
[2023-05-07T00:26:41.016-0300][gc,task     ] GC(10) Using 4 workers of 4 for evacuation
[2023-05-07T00:26:41.036-0300][gc,mmu      ] GC(10) MMU target violated: 20,1ms (20,0ms/21,0ms)
[2023-05-07T00:26:41.037-0300][gc,phases   ] GC(10)   Pre Evacuate Collection Set: 0,2ms
[2023-05-07T00:26:41.037-0300][gc,phases   ] GC(10)   Merge Heap Roots: 0,1ms
[2023-05-07T00:26:41.037-0300][gc,phases   ] GC(10)   Evacuate Collection Set: 19,3ms
[2023-05-07T00:26:41.037-0300][gc,phases   ] GC(10)   Post Evacuate Collection Set: 0,4ms
[2023-05-07T00:26:41.037-0300][gc,phases   ] GC(10)   Other: 0,3ms
[2023-05-07T00:26:41.037-0300][gc,heap     ] GC(10) Eden regions: 46->0(46)
[2023-05-07T00:26:41.037-0300][gc,heap     ] GC(10) Survivor regions: 5->5(7)
[2023-05-07T00:26:41.037-0300][gc,heap     ] GC(10) Old regions: 22->26
[2023-05-07T00:26:41.037-0300][gc,heap     ] GC(10) Archive regions: 2->2
[2023-05-07T00:26:41.037-0300][gc,heap     ] GC(10) Humongous regions: 129->129
[2023-05-07T00:26:41.037-0300][gc,metaspace] GC(10) Metaspace: 43021K(43584K)->43021K(43584K) NonClass: 38020K(38336K)->38020K(38336K) Class: 5001K(5248K)->5001K(5248K)
[2023-05-07T00:26:41.037-0300][gc          ] GC(10) Pause Young (Normal) (G1 Evacuation Pause) 201M->159M(1024M) 20,562ms
[2023-05-07T00:26:41.037-0300][gc,cpu      ] GC(10) User=0,05s Sys=0,00s Real=0,02s
[2023-05-07T00:28:12.164-0300][gc,heap,exit] Heap
[2023-05-07T00:28:12.165-0300][gc,heap,exit]  garbage-first heap   total 1048576K, used 196140K [0x00000000c0000000, 0x0000000100000000)
[2023-05-07T00:28:12.165-0300][gc,heap,exit]   region size 1024K, 37 young (37888K), 5 survivors (5120K)
[2023-05-07T00:28:12.165-0300][gc,heap,exit]  Metaspace       used 43761K, committed 44416K, reserved 1089536K
[2023-05-07T00:28:12.165-0300][gc,heap,exit]   class space    used 5162K, committed 5440K, reserved 1048576K
