[2023-05-07T00:39:27.314-0300][gc] Using G1
[2023-05-07T00:39:27.339-0300][gc,init] Version: 17.0.6+10-Ubuntu-0ubuntu122.04 (release)
[2023-05-07T00:39:27.339-0300][gc,init] CPUs: 4 total, 4 available
[2023-05-07T00:39:27.339-0300][gc,init] Memory: 7834M
[2023-05-07T00:39:27.339-0300][gc,init] Large Page Support: Disabled
[2023-05-07T00:39:27.339-0300][gc,init] NUMA Support: Disabled
[2023-05-07T00:39:27.339-0300][gc,init] Compressed Oops: Enabled (32-bit)
[2023-05-07T00:39:27.339-0300][gc,init] Heap Region Size: 1M
[2023-05-07T00:39:27.339-0300][gc,init] Heap Min Capacity: 1G
[2023-05-07T00:39:27.339-0300][gc,init] Heap Initial Capacity: 1G
[2023-05-07T00:39:27.339-0300][gc,init] Heap Max Capacity: 1G
[2023-05-07T00:39:27.339-0300][gc,init] Pre-touch: Disabled
[2023-05-07T00:39:27.339-0300][gc,init] Parallel Workers: 4
[2023-05-07T00:39:27.339-0300][gc,init] Concurrent Workers: 1
[2023-05-07T00:39:27.339-0300][gc,init] Concurrent Refinement Workers: 4
[2023-05-07T00:39:27.339-0300][gc,init] Periodic GC: Disabled
[2023-05-07T00:39:27.339-0300][gc,metaspace] CDS archive(s) mapped at: [0x0000000800000000-0x0000000800be3000-0x0000000800be3000), size 12464128, SharedBaseAddress: 0x0000000800000000, ArchiveRelocationMode: 0.
[2023-05-07T00:39:27.339-0300][gc,metaspace] Compressed class space mapped at: 0x0000000800c00000-0x0000000840c00000, reserved size: 1073741824
[2023-05-07T00:39:27.339-0300][gc,metaspace] Narrow klass base: 0x0000000800000000, Narrow klass shift: 0, Narrow klass range: 0x100000000
[2023-05-07T00:39:31.608-0300][gc,start    ] GC(0) Pause Young (Normal) (G1 Evacuation Pause)
[2023-05-07T00:39:31.609-0300][gc,task     ] GC(0) Using 4 workers of 4 for evacuation
[2023-05-07T00:39:31.619-0300][gc,phases   ] GC(0)   Pre Evacuate Collection Set: 0,2ms
[2023-05-07T00:39:31.619-0300][gc,phases   ] GC(0)   Merge Heap Roots: 0,1ms
[2023-05-07T00:39:31.619-0300][gc,phases   ] GC(0)   Evacuate Collection Set: 8,7ms
[2023-05-07T00:39:31.619-0300][gc,phases   ] GC(0)   Post Evacuate Collection Set: 0,8ms
[2023-05-07T00:39:31.619-0300][gc,phases   ] GC(0)   Other: 1,5ms
[2023-05-07T00:39:31.619-0300][gc,heap     ] GC(0) Eden regions: 51->0(44)
[2023-05-07T00:39:31.619-0300][gc,heap     ] GC(0) Survivor regions: 0->7(7)
[2023-05-07T00:39:31.619-0300][gc,heap     ] GC(0) Old regions: 0->1
[2023-05-07T00:39:31.619-0300][gc,heap     ] GC(0) Archive regions: 2->2
[2023-05-07T00:39:31.619-0300][gc,heap     ] GC(0) Humongous regions: 0->0
[2023-05-07T00:39:31.619-0300][gc,metaspace] GC(0) Metaspace: 18443K(18624K)->18443K(18624K) NonClass: 16260K(16384K)->16260K(16384K) Class: 2182K(2240K)->2182K(2240K)
[2023-05-07T00:39:31.619-0300][gc          ] GC(0) Pause Young (Normal) (G1 Evacuation Pause) 51M->8M(1024M) 11,357ms
[2023-05-07T00:39:31.619-0300][gc,cpu      ] GC(0) User=0,02s Sys=0,01s Real=0,01s
[2023-05-07T00:39:32.116-0300][gc,start    ] GC(1) Pause Young (Concurrent Start) (Metadata GC Threshold)
[2023-05-07T00:39:32.116-0300][gc,task     ] GC(1) Using 4 workers of 4 for evacuation
[2023-05-07T00:39:32.135-0300][gc,phases   ] GC(1)   Pre Evacuate Collection Set: 0,3ms
[2023-05-07T00:39:32.136-0300][gc,phases   ] GC(1)   Merge Heap Roots: 0,1ms
[2023-05-07T00:39:32.136-0300][gc,phases   ] GC(1)   Evacuate Collection Set: 17,9ms
[2023-05-07T00:39:32.137-0300][gc,phases   ] GC(1)   Post Evacuate Collection Set: 1,0ms
[2023-05-07T00:39:32.137-0300][gc,phases   ] GC(1)   Other: 0,3ms
[2023-05-07T00:39:32.137-0300][gc,heap     ] GC(1) Eden regions: 13->0(49)
[2023-05-07T00:39:32.137-0300][gc,heap     ] GC(1) Survivor regions: 7->2(7)
[2023-05-07T00:39:32.137-0300][gc,heap     ] GC(1) Old regions: 1->8
[2023-05-07T00:39:32.137-0300][gc,heap     ] GC(1) Archive regions: 2->2
[2023-05-07T00:39:32.137-0300][gc,heap     ] GC(1) Humongous regions: 129->129
[2023-05-07T00:39:32.137-0300][gc,metaspace] GC(1) Metaspace: 21258K(21504K)->21258K(21504K) NonClass: 18708K(18816K)->18708K(18816K) Class: 2549K(2688K)->2549K(2688K)
[2023-05-07T00:39:32.137-0300][gc          ] GC(1) Pause Young (Concurrent Start) (Metadata GC Threshold) 149M->138M(1024M) 20,817ms
[2023-05-07T00:39:32.137-0300][gc,cpu      ] GC(1) User=0,02s Sys=0,00s Real=0,02s
[2023-05-07T00:39:32.137-0300][gc          ] GC(2) Concurrent Mark Cycle
[2023-05-07T00:39:32.137-0300][gc,marking  ] GC(2) Concurrent Clear Claimed Marks
[2023-05-07T00:39:32.137-0300][gc,marking  ] GC(2) Concurrent Clear Claimed Marks 0,031ms
[2023-05-07T00:39:32.137-0300][gc,marking  ] GC(2) Concurrent Scan Root Regions
[2023-05-07T00:39:32.150-0300][gc,marking  ] GC(2) Concurrent Scan Root Regions 13,217ms
[2023-05-07T00:39:32.150-0300][gc,marking  ] GC(2) Concurrent Mark
[2023-05-07T00:39:32.150-0300][gc,marking  ] GC(2) Concurrent Mark From Roots
[2023-05-07T00:39:32.150-0300][gc,task     ] GC(2) Using 1 workers of 1 for marking
[2023-05-07T00:39:32.157-0300][gc,marking  ] GC(2) Concurrent Mark From Roots 6,832ms
[2023-05-07T00:39:32.157-0300][gc,marking  ] GC(2) Concurrent Preclean
[2023-05-07T00:39:32.157-0300][gc,marking  ] GC(2) Concurrent Preclean 0,082ms
[2023-05-07T00:39:32.160-0300][gc,start    ] GC(2) Pause Remark
[2023-05-07T00:39:32.163-0300][gc          ] GC(2) Pause Remark 139M->139M(1024M) 2,904ms
[2023-05-07T00:39:32.163-0300][gc,cpu      ] GC(2) User=0,01s Sys=0,00s Real=0,01s
[2023-05-07T00:39:32.163-0300][gc,marking  ] GC(2) Concurrent Mark 12,792ms
[2023-05-07T00:39:32.163-0300][gc,marking  ] GC(2) Concurrent Rebuild Remembered Sets
[2023-05-07T00:39:32.175-0300][gc,marking  ] GC(2) Concurrent Rebuild Remembered Sets 12,142ms
[2023-05-07T00:39:32.176-0300][gc,start    ] GC(2) Pause Cleanup
[2023-05-07T00:39:32.176-0300][gc          ] GC(2) Pause Cleanup 140M->140M(1024M) 0,226ms
[2023-05-07T00:39:32.176-0300][gc,cpu      ] GC(2) User=0,00s Sys=0,00s Real=0,00s
[2023-05-07T00:39:32.176-0300][gc,marking  ] GC(2) Concurrent Cleanup for Next Mark
[2023-05-07T00:39:32.194-0300][gc,marking  ] GC(2) Concurrent Cleanup for Next Mark 18,403ms
[2023-05-07T00:39:32.194-0300][gc          ] GC(2) Concurrent Mark Cycle 57,613ms
[2023-05-07T00:39:33.519-0300][gc,start    ] GC(3) Pause Young (Normal) (G1 Evacuation Pause)
[2023-05-07T00:39:33.519-0300][gc,task     ] GC(3) Using 4 workers of 4 for evacuation
[2023-05-07T00:39:33.532-0300][gc,phases   ] GC(3)   Pre Evacuate Collection Set: 0,3ms
[2023-05-07T00:39:33.532-0300][gc,phases   ] GC(3)   Merge Heap Roots: 0,1ms
[2023-05-07T00:39:33.532-0300][gc,phases   ] GC(3)   Evacuate Collection Set: 11,5ms
[2023-05-07T00:39:33.532-0300][gc,phases   ] GC(3)   Post Evacuate Collection Set: 0,8ms
[2023-05-07T00:39:33.532-0300][gc,phases   ] GC(3)   Other: 0,2ms
[2023-05-07T00:39:33.532-0300][gc,heap     ] GC(3) Eden regions: 49->0(45)
[2023-05-07T00:39:33.532-0300][gc,heap     ] GC(3) Survivor regions: 2->6(7)
[2023-05-07T00:39:33.532-0300][gc,heap     ] GC(3) Old regions: 8->8
[2023-05-07T00:39:33.532-0300][gc,heap     ] GC(3) Archive regions: 2->2
[2023-05-07T00:39:33.532-0300][gc,heap     ] GC(3) Humongous regions: 129->129
[2023-05-07T00:39:33.532-0300][gc,metaspace] GC(3) Metaspace: 32826K(33088K)->32826K(33088K) NonClass: 29136K(29312K)->29136K(29312K) Class: 3689K(3776K)->3689K(3776K)
[2023-05-07T00:39:33.532-0300][gc          ] GC(3) Pause Young (Normal) (G1 Evacuation Pause) 187M->142M(1024M) 13,017ms
[2023-05-07T00:39:33.532-0300][gc,cpu      ] GC(3) User=0,02s Sys=0,00s Real=0,02s
[2023-05-07T00:39:36.382-0300][gc,heap,exit] Heap
[2023-05-07T00:39:36.382-0300][gc,heap,exit]  garbage-first heap   total 1048576K, used 162140K [0x00000000c0000000, 0x0000000100000000)
[2023-05-07T00:39:36.382-0300][gc,heap,exit]   region size 1024K, 22 young (22528K), 6 survivors (6144K)
[2023-05-07T00:39:36.382-0300][gc,heap,exit]  Metaspace       used 34895K, committed 35200K, reserved 1081344K
[2023-05-07T00:39:36.382-0300][gc,heap,exit]   class space    used 4032K, committed 4160K, reserved 1048576K
