[2023-05-07T13:30:05.726+0000][gc,heap] Heap region size: 1M
[2023-05-07T13:30:05.753+0000][gc     ] Using G1
[2023-05-07T13:30:05.753+0000][gc,heap,coops] Heap address: 0x00000000c0000000, size: 1024 MB, Compressed Oops mode: 32-bit
[2023-05-07T13:30:05.754+0000][gc,cds       ] Mark closed archive regions in map: [0x00000000fff00000, 0x00000000fff68ff8]
[2023-05-07T13:30:05.754+0000][gc,cds       ] Mark open archive regions in map: [0x00000000ffe00000, 0x00000000ffe46ff8]
[2023-05-07T13:30:08.711+0000][gc,start     ] GC(0) Pause Young (Normal) (G1 Evacuation Pause)
[2023-05-07T13:30:08.712+0000][gc,task      ] GC(0) Using 4 workers of 4 for evacuation
[2023-05-07T13:30:08.732+0000][gc,phases    ] GC(0)   Pre Evacuate Collection Set: 0.0ms
[2023-05-07T13:30:08.732+0000][gc,phases    ] GC(0)   Evacuate Collection Set: 19.0ms
[2023-05-07T13:30:08.732+0000][gc,phases    ] GC(0)   Post Evacuate Collection Set: 0.5ms
[2023-05-07T13:30:08.732+0000][gc,phases    ] GC(0)   Other: 0.8ms
[2023-05-07T13:30:08.732+0000][gc,heap      ] GC(0) Eden regions: 51->0(44)
[2023-05-07T13:30:08.732+0000][gc,heap      ] GC(0) Survivor regions: 0->7(7)
[2023-05-07T13:30:08.732+0000][gc,heap      ] GC(0) Old regions: 2->2
[2023-05-07T13:30:08.732+0000][gc,heap      ] GC(0) Humongous regions: 0->0
[2023-05-07T13:30:08.732+0000][gc,metaspace ] GC(0) Metaspace: 14184K->14184K(1062912K)
[2023-05-07T13:30:08.732+0000][gc           ] GC(0) Pause Young (Normal) (G1 Evacuation Pause) 51M->7M(1024M) 20.929ms
[2023-05-07T13:30:08.732+0000][gc,cpu       ] GC(0) User=0.05s Sys=0.00s Real=0.02s
[2023-05-07T13:30:09.829+0000][gc,start     ] GC(1) Pause Young (Concurrent Start) (Metadata GC Threshold)
[2023-05-07T13:30:09.829+0000][gc,task      ] GC(1) Using 4 workers of 4 for evacuation
[2023-05-07T13:30:09.849+0000][gc,phases    ] GC(1)   Pre Evacuate Collection Set: 0.1ms
[2023-05-07T13:30:09.849+0000][gc,phases    ] GC(1)   Evacuate Collection Set: 18.3ms
[2023-05-07T13:30:09.849+0000][gc,phases    ] GC(1)   Post Evacuate Collection Set: 0.8ms
[2023-05-07T13:30:09.849+0000][gc,phases    ] GC(1)   Other: 0.4ms
[2023-05-07T13:30:09.849+0000][gc,heap      ] GC(1) Eden regions: 30->0(49)
[2023-05-07T13:30:09.849+0000][gc,heap      ] GC(1) Survivor regions: 7->2(7)
[2023-05-07T13:30:09.849+0000][gc,heap      ] GC(1) Old regions: 2->9
[2023-05-07T13:30:09.849+0000][gc,heap      ] GC(1) Humongous regions: 0->0
[2023-05-07T13:30:09.849+0000][gc,metaspace ] GC(1) Metaspace: 20586K->20586K(1067008K)
[2023-05-07T13:30:09.849+0000][gc           ] GC(1) Pause Young (Concurrent Start) (Metadata GC Threshold) 36M->8M(1024M) 19.784ms
[2023-05-07T13:30:09.849+0000][gc,cpu       ] GC(1) User=0.04s Sys=0.00s Real=0.02s
[2023-05-07T13:30:09.849+0000][gc           ] GC(2) Concurrent Cycle
[2023-05-07T13:30:09.850+0000][gc,marking   ] GC(2) Concurrent Clear Claimed Marks
[2023-05-07T13:30:09.850+0000][gc,marking   ] GC(2) Concurrent Clear Claimed Marks 0.252ms
[2023-05-07T13:30:09.850+0000][gc,marking   ] GC(2) Concurrent Scan Root Regions
[2023-05-07T13:30:09.853+0000][gc,marking   ] GC(2) Concurrent Scan Root Regions 3.020ms
[2023-05-07T13:30:09.858+0000][gc,marking   ] GC(2) Concurrent Mark (4.145s)
[2023-05-07T13:30:09.858+0000][gc,marking   ] GC(2) Concurrent Mark From Roots
[2023-05-07T13:30:09.858+0000][gc,task      ] GC(2) Using 1 workers of 1 for marking
[2023-05-07T13:30:09.885+0000][gc,marking   ] GC(2) Concurrent Mark From Roots 26.555ms
[2023-05-07T13:30:09.885+0000][gc,marking   ] GC(2) Concurrent Preclean
[2023-05-07T13:30:09.885+0000][gc,marking   ] GC(2) Concurrent Preclean 0.169ms
[2023-05-07T13:30:09.885+0000][gc,marking   ] GC(2) Concurrent Mark (4.145s, 4.172s) 27.225ms
[2023-05-07T13:30:09.891+0000][gc,start     ] GC(2) Pause Remark
[2023-05-07T13:30:09.905+0000][gc,stringtable] GC(2) Cleaned string and symbol table, strings: 5241 processed, 0 removed, symbols: 52976 processed, 45 removed
[2023-05-07T13:30:09.908+0000][gc            ] GC(2) Pause Remark 9M->9M(1024M) 17.016ms
[2023-05-07T13:30:09.908+0000][gc,cpu        ] GC(2) User=0.01s Sys=0.00s Real=0.02s
[2023-05-07T13:30:09.910+0000][gc,marking    ] GC(2) Concurrent Rebuild Remembered Sets
[2023-05-07T13:30:09.922+0000][gc,marking    ] GC(2) Concurrent Rebuild Remembered Sets 11.531ms
[2023-05-07T13:30:09.923+0000][gc,start      ] GC(2) Pause Cleanup
[2023-05-07T13:30:09.923+0000][gc            ] GC(2) Pause Cleanup 9M->9M(1024M) 0.602ms
[2023-05-07T13:30:09.923+0000][gc,cpu        ] GC(2) User=0.00s Sys=0.00s Real=0.00s
[2023-05-07T13:30:09.923+0000][gc,marking    ] GC(2) Concurrent Cleanup for Next Mark
[2023-05-07T13:30:09.938+0000][gc,marking    ] GC(2) Concurrent Cleanup for Next Mark 15.208ms
[2023-05-07T13:30:09.939+0000][gc            ] GC(2) Concurrent Cycle 89.221ms
