[2023-05-07T02:29:44.355-0300][gc] Using G1
[2023-05-07T02:29:44.367-0300][gc,init] Version: 17.0.6+10-Ubuntu-0ubuntu122.04 (release)
[2023-05-07T02:29:44.367-0300][gc,init] CPUs: 4 total, 4 available
[2023-05-07T02:29:44.367-0300][gc,init] Memory: 7834M
[2023-05-07T02:29:44.367-0300][gc,init] Large Page Support: Disabled
[2023-05-07T02:29:44.367-0300][gc,init] NUMA Support: Disabled
[2023-05-07T02:29:44.367-0300][gc,init] Compressed Oops: Enabled (32-bit)
[2023-05-07T02:29:44.367-0300][gc,init] Heap Region Size: 1M
[2023-05-07T02:29:44.367-0300][gc,init] Heap Min Capacity: 1G
[2023-05-07T02:29:44.367-0300][gc,init] Heap Initial Capacity: 1G
[2023-05-07T02:29:44.367-0300][gc,init] Heap Max Capacity: 1G
[2023-05-07T02:29:44.367-0300][gc,init] Pre-touch: Disabled
[2023-05-07T02:29:44.367-0300][gc,init] Parallel Workers: 4
[2023-05-07T02:29:44.367-0300][gc,init] Concurrent Workers: 1
[2023-05-07T02:29:44.367-0300][gc,init] Concurrent Refinement Workers: 4
[2023-05-07T02:29:44.367-0300][gc,init] Periodic GC: Disabled
[2023-05-07T02:29:44.367-0300][gc,metaspace] CDS archive(s) mapped at: [0x0000000800000000-0x0000000800be3000-0x0000000800be3000), size 12464128, SharedBaseAddress: 0x0000000800000000, ArchiveRelocationMode: 0.
[2023-05-07T02:29:44.367-0300][gc,metaspace] Compressed class space mapped at: 0x0000000800c00000-0x0000000840c00000, reserved size: 1073741824
[2023-05-07T02:29:44.367-0300][gc,metaspace] Narrow klass base: 0x0000000800000000, Narrow klass shift: 0, Narrow klass range: 0x100000000
[2023-05-07T02:29:46.889-0300][gc,start    ] GC(0) Pause Young (Normal) (G1 Evacuation Pause)
[2023-05-07T02:29:46.890-0300][gc,task     ] GC(0) Using 4 workers of 4 for evacuation
[2023-05-07T02:29:46.899-0300][gc,phases   ] GC(0)   Pre Evacuate Collection Set: 0,3ms
[2023-05-07T02:29:46.899-0300][gc,phases   ] GC(0)   Merge Heap Roots: 0,1ms
[2023-05-07T02:29:46.899-0300][gc,phases   ] GC(0)   Evacuate Collection Set: 8,6ms
[2023-05-07T02:29:46.899-0300][gc,phases   ] GC(0)   Post Evacuate Collection Set: 0,6ms
[2023-05-07T02:29:46.899-0300][gc,phases   ] GC(0)   Other: 0,7ms
[2023-05-07T02:29:46.899-0300][gc,heap     ] GC(0) Eden regions: 51->0(44)
[2023-05-07T02:29:46.899-0300][gc,heap     ] GC(0) Survivor regions: 0->7(7)
[2023-05-07T02:29:46.899-0300][gc,heap     ] GC(0) Old regions: 0->1
[2023-05-07T02:29:46.899-0300][gc,heap     ] GC(0) Archive regions: 2->2
[2023-05-07T02:29:46.899-0300][gc,heap     ] GC(0) Humongous regions: 0->0
[2023-05-07T02:29:46.899-0300][gc,metaspace] GC(0) Metaspace: 18450K(18624K)->18450K(18624K) NonClass: 16266K(16384K)->16266K(16384K) Class: 2183K(2240K)->2183K(2240K)
[2023-05-07T02:29:46.900-0300][gc          ] GC(0) Pause Young (Normal) (G1 Evacuation Pause) 51M->8M(1024M) 10,401ms
[2023-05-07T02:29:46.900-0300][gc,cpu      ] GC(0) User=0,02s Sys=0,01s Real=0,01s
[2023-05-07T02:29:47.351-0300][gc,start    ] GC(1) Pause Young (Concurrent Start) (Metadata GC Threshold)
[2023-05-07T02:29:47.351-0300][gc,task     ] GC(1) Using 4 workers of 4 for evacuation
[2023-05-07T02:29:47.364-0300][gc,phases   ] GC(1)   Pre Evacuate Collection Set: 0,2ms
[2023-05-07T02:29:47.364-0300][gc,phases   ] GC(1)   Merge Heap Roots: 0,0ms
[2023-05-07T02:29:47.364-0300][gc,phases   ] GC(1)   Evacuate Collection Set: 11,8ms
[2023-05-07T02:29:47.364-0300][gc,phases   ] GC(1)   Post Evacuate Collection Set: 0,5ms
[2023-05-07T02:29:47.364-0300][gc,phases   ] GC(1)   Other: 0,2ms
[2023-05-07T02:29:47.364-0300][gc,heap     ] GC(1) Eden regions: 13->0(49)
[2023-05-07T02:29:47.364-0300][gc,heap     ] GC(1) Survivor regions: 7->2(7)
[2023-05-07T02:29:47.364-0300][gc,heap     ] GC(1) Old regions: 1->8
[2023-05-07T02:29:47.364-0300][gc,heap     ] GC(1) Archive regions: 2->2
[2023-05-07T02:29:47.364-0300][gc,heap     ] GC(1) Humongous regions: 129->129
[2023-05-07T02:29:47.364-0300][gc,metaspace] GC(1) Metaspace: 21257K(21504K)->21257K(21504K) NonClass: 18707K(18816K)->18707K(18816K) Class: 2549K(2688K)->2549K(2688K)
[2023-05-07T02:29:47.364-0300][gc          ] GC(1) Pause Young (Concurrent Start) (Metadata GC Threshold) 149M->138M(1024M) 12,876ms
[2023-05-07T02:29:47.364-0300][gc,cpu      ] GC(1) User=0,03s Sys=0,00s Real=0,01s
[2023-05-07T02:29:47.364-0300][gc          ] GC(2) Concurrent Mark Cycle
[2023-05-07T02:29:47.364-0300][gc,marking  ] GC(2) Concurrent Clear Claimed Marks
[2023-05-07T02:29:47.364-0300][gc,marking  ] GC(2) Concurrent Clear Claimed Marks 0,032ms
[2023-05-07T02:29:47.364-0300][gc,marking  ] GC(2) Concurrent Scan Root Regions
[2023-05-07T02:29:47.369-0300][gc,marking  ] GC(2) Concurrent Scan Root Regions 5,042ms
[2023-05-07T02:29:47.369-0300][gc,marking  ] GC(2) Concurrent Mark
[2023-05-07T02:29:47.369-0300][gc,marking  ] GC(2) Concurrent Mark From Roots
[2023-05-07T02:29:47.369-0300][gc,task     ] GC(2) Using 1 workers of 1 for marking
[2023-05-07T02:29:47.374-0300][gc,marking  ] GC(2) Concurrent Mark From Roots 4,110ms
[2023-05-07T02:29:47.374-0300][gc,marking  ] GC(2) Concurrent Preclean
[2023-05-07T02:29:47.374-0300][gc,marking  ] GC(2) Concurrent Preclean 0,073ms
[2023-05-07T02:29:47.374-0300][gc,start    ] GC(2) Pause Remark
[2023-05-07T02:29:47.377-0300][gc          ] GC(2) Pause Remark 139M->139M(1024M) 2,715ms
[2023-05-07T02:29:47.377-0300][gc,cpu      ] GC(2) User=0,00s Sys=0,00s Real=0,00s
[2023-05-07T02:29:47.377-0300][gc,marking  ] GC(2) Concurrent Mark 7,164ms
[2023-05-07T02:29:47.377-0300][gc,marking  ] GC(2) Concurrent Rebuild Remembered Sets
[2023-05-07T02:29:47.382-0300][gc,marking  ] GC(2) Concurrent Rebuild Remembered Sets 5,649ms
[2023-05-07T02:29:47.382-0300][gc,start    ] GC(2) Pause Cleanup
[2023-05-07T02:29:47.383-0300][gc          ] GC(2) Pause Cleanup 139M->139M(1024M) 0,195ms
[2023-05-07T02:29:47.383-0300][gc,cpu      ] GC(2) User=0,00s Sys=0,00s Real=0,00s
[2023-05-07T02:29:47.383-0300][gc,marking  ] GC(2) Concurrent Cleanup for Next Mark
[2023-05-07T02:29:47.394-0300][gc,marking  ] GC(2) Concurrent Cleanup for Next Mark 11,484ms
[2023-05-07T02:29:47.394-0300][gc          ] GC(2) Concurrent Mark Cycle 30,013ms
[2023-05-07T02:29:49.140-0300][gc,start    ] GC(3) Pause Young (Normal) (G1 Evacuation Pause)
[2023-05-07T02:29:49.140-0300][gc,task     ] GC(3) Using 4 workers of 4 for evacuation
[2023-05-07T02:29:49.154-0300][gc,phases   ] GC(3)   Pre Evacuate Collection Set: 0,5ms
[2023-05-07T02:29:49.154-0300][gc,phases   ] GC(3)   Merge Heap Roots: 0,1ms
[2023-05-07T02:29:49.154-0300][gc,phases   ] GC(3)   Evacuate Collection Set: 12,2ms
[2023-05-07T02:29:49.154-0300][gc,phases   ] GC(3)   Post Evacuate Collection Set: 0,9ms
[2023-05-07T02:29:49.154-0300][gc,phases   ] GC(3)   Other: 0,2ms
[2023-05-07T02:29:49.154-0300][gc,heap     ] GC(3) Eden regions: 49->0(45)
[2023-05-07T02:29:49.154-0300][gc,heap     ] GC(3) Survivor regions: 2->6(7)
[2023-05-07T02:29:49.154-0300][gc,heap     ] GC(3) Old regions: 8->8
[2023-05-07T02:29:49.154-0300][gc,heap     ] GC(3) Archive regions: 2->2
[2023-05-07T02:29:49.154-0300][gc,heap     ] GC(3) Humongous regions: 129->129
[2023-05-07T02:29:49.154-0300][gc,metaspace] GC(3) Metaspace: 32888K(33152K)->32888K(33152K) NonClass: 29197K(29376K)->29197K(29376K) Class: 3690K(3776K)->3690K(3776K)
[2023-05-07T02:29:49.154-0300][gc          ] GC(3) Pause Young (Normal) (G1 Evacuation Pause) 187M->142M(1024M) 14,110ms
[2023-05-07T02:29:49.154-0300][gc,cpu      ] GC(3) User=0,01s Sys=0,00s Real=0,02s
[2023-05-07T02:29:57.295-0300][gc,start    ] GC(4) Pause Young (Concurrent Start) (Metadata GC Threshold)
[2023-05-07T02:29:57.295-0300][gc,task     ] GC(4) Using 4 workers of 4 for evacuation
[2023-05-07T02:29:57.327-0300][gc,mmu      ] GC(4) MMU target violated: 21,0ms (20,0ms/21,0ms)
[2023-05-07T02:29:57.327-0300][gc,phases   ] GC(4)   Pre Evacuate Collection Set: 0,2ms
[2023-05-07T02:29:57.327-0300][gc,phases   ] GC(4)   Merge Heap Roots: 0,1ms
[2023-05-07T02:29:57.327-0300][gc,phases   ] GC(4)   Evacuate Collection Set: 30,8ms
[2023-05-07T02:29:57.327-0300][gc,phases   ] GC(4)   Post Evacuate Collection Set: 1,0ms
[2023-05-07T02:29:57.327-0300][gc,phases   ] GC(4)   Other: 0,3ms
[2023-05-07T02:29:57.327-0300][gc,heap     ] GC(4) Eden regions: 14->0(49)
[2023-05-07T02:29:57.327-0300][gc,heap     ] GC(4) Survivor regions: 6->2(7)
[2023-05-07T02:29:57.327-0300][gc,heap     ] GC(4) Old regions: 8->13
[2023-05-07T02:29:57.328-0300][gc,heap     ] GC(4) Archive regions: 2->2
[2023-05-07T02:29:57.328-0300][gc,heap     ] GC(4) Humongous regions: 129->129
[2023-05-07T02:29:57.328-0300][gc,metaspace] GC(4) Metaspace: 35642K(35968K)->35642K(35968K) NonClass: 31465K(31680K)->31465K(31680K) Class: 4176K(4288K)->4176K(4288K)
[2023-05-07T02:29:57.328-0300][gc          ] GC(4) Pause Young (Concurrent Start) (Metadata GC Threshold) 156M->143M(1024M) 32,494ms
[2023-05-07T02:29:57.328-0300][gc,cpu      ] GC(4) User=0,03s Sys=0,01s Real=0,03s
[2023-05-07T02:29:57.328-0300][gc          ] GC(5) Concurrent Mark Cycle
[2023-05-07T02:29:57.328-0300][gc,marking  ] GC(5) Concurrent Clear Claimed Marks
[2023-05-07T02:29:57.328-0300][gc,marking  ] GC(5) Concurrent Clear Claimed Marks 0,037ms
[2023-05-07T02:29:57.328-0300][gc,marking  ] GC(5) Concurrent Scan Root Regions
[2023-05-07T02:29:57.334-0300][gc,marking  ] GC(5) Concurrent Scan Root Regions 6,383ms
[2023-05-07T02:29:57.334-0300][gc,marking  ] GC(5) Concurrent Mark
[2023-05-07T02:29:57.334-0300][gc,marking  ] GC(5) Concurrent Mark From Roots
[2023-05-07T02:29:57.334-0300][gc,task     ] GC(5) Using 1 workers of 1 for marking
[2023-05-07T02:29:57.372-0300][gc,marking  ] GC(5) Concurrent Mark From Roots 37,669ms
[2023-05-07T02:29:57.372-0300][gc,marking  ] GC(5) Concurrent Preclean
[2023-05-07T02:29:57.372-0300][gc,marking  ] GC(5) Concurrent Preclean 0,168ms
[2023-05-07T02:29:57.387-0300][gc,start    ] GC(5) Pause Remark
[2023-05-07T02:29:57.394-0300][gc          ] GC(5) Pause Remark 144M->144M(1024M) 7,140ms
[2023-05-07T02:29:57.394-0300][gc,cpu      ] GC(5) User=0,01s Sys=0,00s Real=0,01s
[2023-05-07T02:29:57.394-0300][gc,marking  ] GC(5) Concurrent Mark 59,754ms
[2023-05-07T02:29:57.394-0300][gc,marking  ] GC(5) Concurrent Rebuild Remembered Sets
[2023-05-07T02:29:57.408-0300][gc,marking  ] GC(5) Concurrent Rebuild Remembered Sets 14,112ms
[2023-05-07T02:29:57.410-0300][gc,start    ] GC(5) Pause Cleanup
[2023-05-07T02:29:57.411-0300][gc          ] GC(5) Pause Cleanup 145M->145M(1024M) 0,236ms
[2023-05-07T02:29:57.411-0300][gc,cpu      ] GC(5) User=0,00s Sys=0,00s Real=0,00s
[2023-05-07T02:29:57.411-0300][gc,marking  ] GC(5) Concurrent Cleanup for Next Mark
[2023-05-07T02:29:57.434-0300][gc,marking  ] GC(5) Concurrent Cleanup for Next Mark 22,961ms
[2023-05-07T02:29:57.434-0300][gc          ] GC(5) Concurrent Mark Cycle 106,000ms
[2023-05-07T02:30:45.490-0300][gc,start    ] GC(6) Pause Young (Normal) (G1 Evacuation Pause)
[2023-05-07T02:30:45.490-0300][gc,task     ] GC(6) Using 4 workers of 4 for evacuation
[2023-05-07T02:30:45.501-0300][gc,phases   ] GC(6)   Pre Evacuate Collection Set: 0,4ms
[2023-05-07T02:30:45.501-0300][gc,phases   ] GC(6)   Merge Heap Roots: 0,6ms
[2023-05-07T02:30:45.501-0300][gc,phases   ] GC(6)   Evacuate Collection Set: 10,1ms
[2023-05-07T02:30:45.501-0300][gc,phases   ] GC(6)   Post Evacuate Collection Set: 0,7ms
[2023-05-07T02:30:45.501-0300][gc,phases   ] GC(6)   Other: 0,2ms
[2023-05-07T02:30:45.501-0300][gc,heap     ] GC(6) Eden regions: 49->0(46)
[2023-05-07T02:30:45.501-0300][gc,heap     ] GC(6) Survivor regions: 2->5(7)
[2023-05-07T02:30:45.501-0300][gc,heap     ] GC(6) Old regions: 13->13
[2023-05-07T02:30:45.501-0300][gc,heap     ] GC(6) Archive regions: 2->2
[2023-05-07T02:30:45.501-0300][gc,heap     ] GC(6) Humongous regions: 129->129
[2023-05-07T02:30:45.501-0300][gc,metaspace] GC(6) Metaspace: 41516K(42112K)->41516K(42112K) NonClass: 36558K(36864K)->36558K(36864K) Class: 4957K(5248K)->4957K(5248K)
[2023-05-07T02:30:45.502-0300][gc          ] GC(6) Pause Young (Normal) (G1 Evacuation Pause) 192M->146M(1024M) 11,999ms
[2023-05-07T02:30:45.502-0300][gc,cpu      ] GC(6) User=0,02s Sys=0,00s Real=0,01s
[2023-05-07T02:33:01.813-0300][gc,start    ] GC(7) Pause Young (Normal) (G1 Evacuation Pause)
[2023-05-07T02:33:01.817-0300][gc,task     ] GC(7) Using 4 workers of 4 for evacuation
[2023-05-07T02:33:01.834-0300][gc,phases   ] GC(7)   Pre Evacuate Collection Set: 0,4ms
[2023-05-07T02:33:01.834-0300][gc,phases   ] GC(7)   Merge Heap Roots: 0,1ms
[2023-05-07T02:33:01.834-0300][gc,phases   ] GC(7)   Evacuate Collection Set: 15,6ms
[2023-05-07T02:33:01.834-0300][gc,phases   ] GC(7)   Post Evacuate Collection Set: 0,5ms
[2023-05-07T02:33:01.834-0300][gc,phases   ] GC(7)   Other: 4,4ms
[2023-05-07T02:33:01.834-0300][gc,heap     ] GC(7) Eden regions: 46->0(48)
[2023-05-07T02:33:01.834-0300][gc,heap     ] GC(7) Survivor regions: 5->3(7)
[2023-05-07T02:33:01.834-0300][gc,heap     ] GC(7) Old regions: 13->17
[2023-05-07T02:33:01.834-0300][gc,heap     ] GC(7) Archive regions: 2->2
[2023-05-07T02:33:01.834-0300][gc,heap     ] GC(7) Humongous regions: 129->129
[2023-05-07T02:33:01.834-0300][gc,metaspace] GC(7) Metaspace: 42360K(42944K)->42360K(42944K) NonClass: 37402K(37696K)->37402K(37696K) Class: 4958K(5248K)->4958K(5248K)
[2023-05-07T02:33:01.834-0300][gc          ] GC(7) Pause Young (Normal) (G1 Evacuation Pause) 192M->149M(1024M) 21,211ms
[2023-05-07T02:33:01.834-0300][gc,cpu      ] GC(7) User=0,03s Sys=0,00s Real=0,02s
[2023-05-07T02:34:09.659-0300][gc,heap,exit] Heap
[2023-05-07T02:34:09.659-0300][gc,heap,exit]  garbage-first heap   total 1048576K, used 199922K [0x00000000c0000000, 0x0000000100000000)
[2023-05-07T02:34:09.659-0300][gc,heap,exit]   region size 1024K, 50 young (51200K), 3 survivors (3072K)
[2023-05-07T02:34:09.659-0300][gc,heap,exit]  Metaspace       used 43439K, committed 44032K, reserved 1089536K
[2023-05-07T02:34:09.659-0300][gc,heap,exit]   class space    used 5112K, committed 5376K, reserved 1048576K
