[2023-05-07T01:00:36.248-0300][gc] Using G1
[2023-05-07T01:00:36.318-0300][gc,init] Version: 17.0.6+10-Ubuntu-0ubuntu122.04 (release)
[2023-05-07T01:00:36.318-0300][gc,init] CPUs: 4 total, 4 available
[2023-05-07T01:00:36.318-0300][gc,init] Memory: 7834M
[2023-05-07T01:00:36.318-0300][gc,init] Large Page Support: Disabled
[2023-05-07T01:00:36.318-0300][gc,init] NUMA Support: Disabled
[2023-05-07T01:00:36.318-0300][gc,init] Compressed Oops: Enabled (32-bit)
[2023-05-07T01:00:36.318-0300][gc,init] Heap Region Size: 1M
[2023-05-07T01:00:36.318-0300][gc,init] Heap Min Capacity: 1G
[2023-05-07T01:00:36.318-0300][gc,init] Heap Initial Capacity: 1G
[2023-05-07T01:00:36.318-0300][gc,init] Heap Max Capacity: 1G
[2023-05-07T01:00:36.318-0300][gc,init] Pre-touch: Disabled
[2023-05-07T01:00:36.318-0300][gc,init] Parallel Workers: 4
[2023-05-07T01:00:36.318-0300][gc,init] Concurrent Workers: 1
[2023-05-07T01:00:36.318-0300][gc,init] Concurrent Refinement Workers: 4
[2023-05-07T01:00:36.318-0300][gc,init] Periodic GC: Disabled
[2023-05-07T01:00:36.319-0300][gc,metaspace] CDS archive(s) mapped at: [0x0000000800000000-0x0000000800be3000-0x0000000800be3000), size 12464128, SharedBaseAddress: 0x0000000800000000, ArchiveRelocationMode: 0.
[2023-05-07T01:00:36.319-0300][gc,metaspace] Compressed class space mapped at: 0x0000000800c00000-0x0000000840c00000, reserved size: 1073741824
[2023-05-07T01:00:36.319-0300][gc,metaspace] Narrow klass base: 0x0000000800000000, Narrow klass shift: 0, Narrow klass range: 0x100000000
[2023-05-07T01:00:40.216-0300][gc,start    ] GC(0) Pause Young (Normal) (G1 Evacuation Pause)
[2023-05-07T01:00:40.218-0300][gc,task     ] GC(0) Using 4 workers of 4 for evacuation
[2023-05-07T01:00:40.230-0300][gc,phases   ] GC(0)   Pre Evacuate Collection Set: 0,2ms
[2023-05-07T01:00:40.230-0300][gc,phases   ] GC(0)   Merge Heap Roots: 0,1ms
[2023-05-07T01:00:40.230-0300][gc,phases   ] GC(0)   Evacuate Collection Set: 10,5ms
[2023-05-07T01:00:40.230-0300][gc,phases   ] GC(0)   Post Evacuate Collection Set: 0,8ms
[2023-05-07T01:00:40.230-0300][gc,phases   ] GC(0)   Other: 2,2ms
[2023-05-07T01:00:40.230-0300][gc,heap     ] GC(0) Eden regions: 51->0(44)
[2023-05-07T01:00:40.230-0300][gc,heap     ] GC(0) Survivor regions: 0->7(7)
[2023-05-07T01:00:40.230-0300][gc,heap     ] GC(0) Old regions: 0->1
[2023-05-07T01:00:40.230-0300][gc,heap     ] GC(0) Archive regions: 2->2
[2023-05-07T01:00:40.230-0300][gc,heap     ] GC(0) Humongous regions: 0->0
[2023-05-07T01:00:40.230-0300][gc,metaspace] GC(0) Metaspace: 18441K(18624K)->18441K(18624K) NonClass: 16259K(16384K)->16259K(16384K) Class: 2182K(2240K)->2182K(2240K)
[2023-05-07T01:00:40.230-0300][gc          ] GC(0) Pause Young (Normal) (G1 Evacuation Pause) 51M->8M(1024M) 14,036ms
[2023-05-07T01:00:40.230-0300][gc,cpu      ] GC(0) User=0,02s Sys=0,01s Real=0,01s
[2023-05-07T01:00:41.106-0300][gc,start    ] GC(1) Pause Young (Concurrent Start) (Metadata GC Threshold)
[2023-05-07T01:00:41.106-0300][gc,task     ] GC(1) Using 4 workers of 4 for evacuation
[2023-05-07T01:00:41.130-0300][gc,mmu      ] GC(1) MMU target violated: 21,0ms (20,0ms/21,0ms)
[2023-05-07T01:00:41.130-0300][gc,phases   ] GC(1)   Pre Evacuate Collection Set: 0,2ms
[2023-05-07T01:00:41.130-0300][gc,phases   ] GC(1)   Merge Heap Roots: 0,1ms
[2023-05-07T01:00:41.130-0300][gc,phases   ] GC(1)   Evacuate Collection Set: 21,9ms
[2023-05-07T01:00:41.130-0300][gc,phases   ] GC(1)   Post Evacuate Collection Set: 0,9ms
[2023-05-07T01:00:41.130-0300][gc,phases   ] GC(1)   Other: 0,4ms
[2023-05-07T01:00:41.130-0300][gc,heap     ] GC(1) Eden regions: 13->0(49)
[2023-05-07T01:00:41.130-0300][gc,heap     ] GC(1) Survivor regions: 7->2(7)
[2023-05-07T01:00:41.130-0300][gc,heap     ] GC(1) Old regions: 1->8
[2023-05-07T01:00:41.130-0300][gc,heap     ] GC(1) Archive regions: 2->2
[2023-05-07T01:00:41.130-0300][gc,heap     ] GC(1) Humongous regions: 129->129
[2023-05-07T01:00:41.130-0300][gc,metaspace] GC(1) Metaspace: 21249K(21504K)->21249K(21504K) NonClass: 18698K(18816K)->18698K(18816K) Class: 2550K(2688K)->2550K(2688K)
[2023-05-07T01:00:41.130-0300][gc          ] GC(1) Pause Young (Concurrent Start) (Metadata GC Threshold) 149M->138M(1024M) 23,694ms
[2023-05-07T01:00:41.130-0300][gc,cpu      ] GC(1) User=0,03s Sys=0,01s Real=0,02s
[2023-05-07T01:00:41.130-0300][gc          ] GC(2) Concurrent Mark Cycle
[2023-05-07T01:00:41.130-0300][gc,marking  ] GC(2) Concurrent Clear Claimed Marks
[2023-05-07T01:00:41.130-0300][gc,marking  ] GC(2) Concurrent Clear Claimed Marks 0,028ms
[2023-05-07T01:00:41.130-0300][gc,marking  ] GC(2) Concurrent Scan Root Regions
[2023-05-07T01:00:41.143-0300][gc,marking  ] GC(2) Concurrent Scan Root Regions 12,403ms
[2023-05-07T01:00:41.143-0300][gc,marking  ] GC(2) Concurrent Mark
[2023-05-07T01:00:41.143-0300][gc,marking  ] GC(2) Concurrent Mark From Roots
[2023-05-07T01:00:41.143-0300][gc,task     ] GC(2) Using 1 workers of 1 for marking
[2023-05-07T01:00:41.148-0300][gc,marking  ] GC(2) Concurrent Mark From Roots 4,782ms
[2023-05-07T01:00:41.148-0300][gc,marking  ] GC(2) Concurrent Preclean
[2023-05-07T01:00:41.148-0300][gc,marking  ] GC(2) Concurrent Preclean 0,084ms
[2023-05-07T01:00:41.148-0300][gc,start    ] GC(2) Pause Remark
[2023-05-07T01:00:41.153-0300][gc          ] GC(2) Pause Remark 139M->139M(1024M) 4,597ms
[2023-05-07T01:00:41.153-0300][gc,cpu      ] GC(2) User=0,01s Sys=0,00s Real=0,01s
[2023-05-07T01:00:41.153-0300][gc,marking  ] GC(2) Concurrent Mark 10,294ms
[2023-05-07T01:00:41.153-0300][gc,marking  ] GC(2) Concurrent Rebuild Remembered Sets
[2023-05-07T01:00:41.167-0300][gc,marking  ] GC(2) Concurrent Rebuild Remembered Sets 13,727ms
[2023-05-07T01:00:41.182-0300][gc,start    ] GC(2) Pause Cleanup
[2023-05-07T01:00:41.183-0300][gc          ] GC(2) Pause Cleanup 139M->139M(1024M) 0,285ms
[2023-05-07T01:00:41.183-0300][gc,cpu      ] GC(2) User=0,00s Sys=0,00s Real=0,00s
[2023-05-07T01:00:41.183-0300][gc,marking  ] GC(2) Concurrent Cleanup for Next Mark
[2023-05-07T01:00:41.195-0300][gc,marking  ] GC(2) Concurrent Cleanup for Next Mark 12,158ms
[2023-05-07T01:00:41.195-0300][gc          ] GC(2) Concurrent Mark Cycle 64,864ms
[2023-05-07T01:00:43.628-0300][gc,start    ] GC(3) Pause Young (Normal) (G1 Evacuation Pause)
[2023-05-07T01:00:43.628-0300][gc,task     ] GC(3) Using 4 workers of 4 for evacuation
[2023-05-07T01:00:43.654-0300][gc,mmu      ] GC(3) MMU target violated: 21,0ms (20,0ms/21,0ms)
[2023-05-07T01:00:43.654-0300][gc,phases   ] GC(3)   Pre Evacuate Collection Set: 0,5ms
[2023-05-07T01:00:43.654-0300][gc,phases   ] GC(3)   Merge Heap Roots: 0,1ms
[2023-05-07T01:00:43.654-0300][gc,phases   ] GC(3)   Evacuate Collection Set: 24,1ms
[2023-05-07T01:00:43.654-0300][gc,phases   ] GC(3)   Post Evacuate Collection Set: 0,9ms
[2023-05-07T01:00:43.654-0300][gc,phases   ] GC(3)   Other: 0,3ms
[2023-05-07T01:00:43.654-0300][gc,heap     ] GC(3) Eden regions: 49->0(45)
[2023-05-07T01:00:43.654-0300][gc,heap     ] GC(3) Survivor regions: 2->6(7)
[2023-05-07T01:00:43.654-0300][gc,heap     ] GC(3) Old regions: 8->8
[2023-05-07T01:00:43.654-0300][gc,heap     ] GC(3) Archive regions: 2->2
[2023-05-07T01:00:43.654-0300][gc,heap     ] GC(3) Humongous regions: 129->129
[2023-05-07T01:00:43.654-0300][gc,metaspace] GC(3) Metaspace: 32925K(33152K)->32925K(33152K) NonClass: 29229K(29376K)->29229K(29376K) Class: 3696K(3776K)->3696K(3776K)
[2023-05-07T01:00:43.654-0300][gc          ] GC(3) Pause Young (Normal) (G1 Evacuation Pause) 187M->142M(1024M) 26,032ms
[2023-05-07T01:00:43.654-0300][gc,cpu      ] GC(3) User=0,04s Sys=0,00s Real=0,03s
[2023-05-07T01:00:51.302-0300][gc,start    ] GC(4) Pause Young (Concurrent Start) (Metadata GC Threshold)
[2023-05-07T01:00:51.302-0300][gc,task     ] GC(4) Using 4 workers of 4 for evacuation
[2023-05-07T01:00:51.316-0300][gc,phases   ] GC(4)   Pre Evacuate Collection Set: 0,3ms
[2023-05-07T01:00:51.316-0300][gc,phases   ] GC(4)   Merge Heap Roots: 0,1ms
[2023-05-07T01:00:51.316-0300][gc,phases   ] GC(4)   Evacuate Collection Set: 13,4ms
[2023-05-07T01:00:51.316-0300][gc,phases   ] GC(4)   Post Evacuate Collection Set: 0,5ms
[2023-05-07T01:00:51.316-0300][gc,phases   ] GC(4)   Other: 0,3ms
[2023-05-07T01:00:51.316-0300][gc,heap     ] GC(4) Eden regions: 15->0(49)
[2023-05-07T01:00:51.317-0300][gc,heap     ] GC(4) Survivor regions: 6->2(7)
[2023-05-07T01:00:51.317-0300][gc,heap     ] GC(4) Old regions: 8->13
[2023-05-07T01:00:51.317-0300][gc,heap     ] GC(4) Archive regions: 2->2
[2023-05-07T01:00:51.317-0300][gc,heap     ] GC(4) Humongous regions: 129->129
[2023-05-07T01:00:51.317-0300][gc,metaspace] GC(4) Metaspace: 35759K(36096K)->35759K(36096K) NonClass: 31574K(31744K)->31574K(31744K) Class: 4185K(4352K)->4185K(4352K)
[2023-05-07T01:00:51.317-0300][gc          ] GC(4) Pause Young (Concurrent Start) (Metadata GC Threshold) 156M->143M(1024M) 14,700ms
[2023-05-07T01:00:51.317-0300][gc,cpu      ] GC(4) User=0,03s Sys=0,01s Real=0,02s
[2023-05-07T01:00:51.317-0300][gc          ] GC(5) Concurrent Mark Cycle
[2023-05-07T01:00:51.317-0300][gc,marking  ] GC(5) Concurrent Clear Claimed Marks
[2023-05-07T01:00:51.317-0300][gc,marking  ] GC(5) Concurrent Clear Claimed Marks 0,037ms
[2023-05-07T01:00:51.317-0300][gc,marking  ] GC(5) Concurrent Scan Root Regions
[2023-05-07T01:00:51.324-0300][gc,marking  ] GC(5) Concurrent Scan Root Regions 6,757ms
[2023-05-07T01:00:51.324-0300][gc,marking  ] GC(5) Concurrent Mark
[2023-05-07T01:00:51.324-0300][gc,marking  ] GC(5) Concurrent Mark From Roots
[2023-05-07T01:00:51.324-0300][gc,task     ] GC(5) Using 1 workers of 1 for marking
[2023-05-07T01:00:51.340-0300][gc,marking  ] GC(5) Concurrent Mark From Roots 16,447ms
[2023-05-07T01:00:51.340-0300][gc,marking  ] GC(5) Concurrent Preclean
[2023-05-07T01:00:51.340-0300][gc,marking  ] GC(5) Concurrent Preclean 0,171ms
[2023-05-07T01:00:51.341-0300][gc,start    ] GC(5) Pause Remark
[2023-05-07T01:00:51.345-0300][gc          ] GC(5) Pause Remark 144M->144M(1024M) 4,627ms
[2023-05-07T01:00:51.345-0300][gc,cpu      ] GC(5) User=0,01s Sys=0,00s Real=0,01s
[2023-05-07T01:00:51.346-0300][gc,marking  ] GC(5) Concurrent Mark 22,001ms
[2023-05-07T01:00:51.346-0300][gc,marking  ] GC(5) Concurrent Rebuild Remembered Sets
[2023-05-07T01:00:51.362-0300][gc,marking  ] GC(5) Concurrent Rebuild Remembered Sets 16,509ms
[2023-05-07T01:00:51.362-0300][gc,start    ] GC(5) Pause Cleanup
[2023-05-07T01:00:51.363-0300][gc          ] GC(5) Pause Cleanup 144M->144M(1024M) 0,269ms
[2023-05-07T01:00:51.363-0300][gc,cpu      ] GC(5) User=0,00s Sys=0,00s Real=0,00s
[2023-05-07T01:00:51.363-0300][gc,marking  ] GC(5) Concurrent Cleanup for Next Mark
[2023-05-07T01:00:51.378-0300][gc,marking  ] GC(5) Concurrent Cleanup for Next Mark 14,717ms
[2023-05-07T01:00:51.378-0300][gc          ] GC(5) Concurrent Mark Cycle 61,130ms
[2023-05-07T01:01:59.854-0300][gc,start    ] GC(6) Pause Young (Normal) (G1 Evacuation Pause)
[2023-05-07T01:01:59.854-0300][gc,task     ] GC(6) Using 4 workers of 4 for evacuation
[2023-05-07T01:01:59.881-0300][gc,mmu      ] GC(6) MMU target violated: 21,0ms (20,0ms/21,0ms)
[2023-05-07T01:01:59.881-0300][gc,phases   ] GC(6)   Pre Evacuate Collection Set: 0,6ms
[2023-05-07T01:01:59.881-0300][gc,phases   ] GC(6)   Merge Heap Roots: 0,9ms
[2023-05-07T01:01:59.881-0300][gc,phases   ] GC(6)   Evacuate Collection Set: 24,2ms
[2023-05-07T01:01:59.881-0300][gc,phases   ] GC(6)   Post Evacuate Collection Set: 1,0ms
[2023-05-07T01:01:59.881-0300][gc,phases   ] GC(6)   Other: 0,3ms
[2023-05-07T01:01:59.881-0300][gc,heap     ] GC(6) Eden regions: 49->0(46)
[2023-05-07T01:01:59.881-0300][gc,heap     ] GC(6) Survivor regions: 2->5(7)
[2023-05-07T01:01:59.881-0300][gc,heap     ] GC(6) Old regions: 13->13
[2023-05-07T01:01:59.881-0300][gc,heap     ] GC(6) Archive regions: 2->2
[2023-05-07T01:01:59.881-0300][gc,heap     ] GC(6) Humongous regions: 129->129
[2023-05-07T01:01:59.881-0300][gc,metaspace] GC(6) Metaspace: 41330K(41920K)->41330K(41920K) NonClass: 36411K(36736K)->36411K(36736K) Class: 4919K(5184K)->4919K(5184K)
[2023-05-07T01:01:59.881-0300][gc          ] GC(6) Pause Young (Normal) (G1 Evacuation Pause) 192M->147M(1024M) 27,494ms
[2023-05-07T01:01:59.881-0300][gc,cpu      ] GC(6) User=0,02s Sys=0,00s Real=0,02s
[2023-05-07T01:02:02.332-0300][gc,heap,exit] Heap
[2023-05-07T01:02:02.332-0300][gc,heap,exit]  garbage-first heap   total 1048576K, used 161454K [0x00000000c0000000, 0x0000000100000000)
[2023-05-07T01:02:02.332-0300][gc,heap,exit]   region size 1024K, 16 young (16384K), 5 survivors (5120K)
[2023-05-07T01:02:02.332-0300][gc,heap,exit]  Metaspace       used 42011K, committed 42560K, reserved 1089536K
[2023-05-07T01:02:02.332-0300][gc,heap,exit]   class space    used 5076K, committed 5312K, reserved 1048576K
