[2023-05-07T02:19:18.912-0300][gc] Using G1
[2023-05-07T02:19:18.924-0300][gc,init] Version: 17.0.6+10-Ubuntu-0ubuntu122.04 (release)
[2023-05-07T02:19:18.924-0300][gc,init] CPUs: 4 total, 4 available
[2023-05-07T02:19:18.924-0300][gc,init] Memory: 7834M
[2023-05-07T02:19:18.924-0300][gc,init] Large Page Support: Disabled
[2023-05-07T02:19:18.924-0300][gc,init] NUMA Support: Disabled
[2023-05-07T02:19:18.924-0300][gc,init] Compressed Oops: Enabled (32-bit)
[2023-05-07T02:19:18.924-0300][gc,init] Heap Region Size: 1M
[2023-05-07T02:19:18.924-0300][gc,init] Heap Min Capacity: 1G
[2023-05-07T02:19:18.924-0300][gc,init] Heap Initial Capacity: 1G
[2023-05-07T02:19:18.924-0300][gc,init] Heap Max Capacity: 1G
[2023-05-07T02:19:18.924-0300][gc,init] Pre-touch: Disabled
[2023-05-07T02:19:18.924-0300][gc,init] Parallel Workers: 4
[2023-05-07T02:19:18.924-0300][gc,init] Concurrent Workers: 1
[2023-05-07T02:19:18.924-0300][gc,init] Concurrent Refinement Workers: 4
[2023-05-07T02:19:18.924-0300][gc,init] Periodic GC: Disabled
[2023-05-07T02:19:18.924-0300][gc,metaspace] CDS archive(s) mapped at: [0x0000000800000000-0x0000000800be3000-0x0000000800be3000), size 12464128, SharedBaseAddress: 0x0000000800000000, ArchiveRelocationMode: 0.
[2023-05-07T02:19:18.924-0300][gc,metaspace] Compressed class space mapped at: 0x0000000800c00000-0x0000000840c00000, reserved size: 1073741824
[2023-05-07T02:19:18.924-0300][gc,metaspace] Narrow klass base: 0x0000000800000000, Narrow klass shift: 0, Narrow klass range: 0x100000000
[2023-05-07T02:19:22.186-0300][gc,start    ] GC(0) Pause Young (Normal) (G1 Evacuation Pause)
[2023-05-07T02:19:22.186-0300][gc,task     ] GC(0) Using 4 workers of 4 for evacuation
[2023-05-07T02:19:22.198-0300][gc,phases   ] GC(0)   Pre Evacuate Collection Set: 0,1ms
[2023-05-07T02:19:22.199-0300][gc,phases   ] GC(0)   Merge Heap Roots: 0,1ms
[2023-05-07T02:19:22.199-0300][gc,phases   ] GC(0)   Evacuate Collection Set: 10,6ms
[2023-05-07T02:19:22.199-0300][gc,phases   ] GC(0)   Post Evacuate Collection Set: 1,0ms
[2023-05-07T02:19:22.199-0300][gc,phases   ] GC(0)   Other: 1,0ms
[2023-05-07T02:19:22.199-0300][gc,heap     ] GC(0) Eden regions: 51->0(44)
[2023-05-07T02:19:22.199-0300][gc,heap     ] GC(0) Survivor regions: 0->7(7)
[2023-05-07T02:19:22.199-0300][gc,heap     ] GC(0) Old regions: 0->1
[2023-05-07T02:19:22.199-0300][gc,heap     ] GC(0) Archive regions: 2->2
[2023-05-07T02:19:22.199-0300][gc,heap     ] GC(0) Humongous regions: 0->0
[2023-05-07T02:19:22.199-0300][gc,metaspace] GC(0) Metaspace: 18659K(18816K)->18659K(18816K) NonClass: 16433K(16512K)->16433K(16512K) Class: 2225K(2304K)->2225K(2304K)
[2023-05-07T02:19:22.199-0300][gc          ] GC(0) Pause Young (Normal) (G1 Evacuation Pause) 51M->8M(1024M) 13,063ms
[2023-05-07T02:19:22.199-0300][gc,cpu      ] GC(0) User=0,01s Sys=0,02s Real=0,01s
[2023-05-07T02:19:22.788-0300][gc,start    ] GC(1) Pause Young (Concurrent Start) (Metadata GC Threshold)
[2023-05-07T02:19:22.788-0300][gc,task     ] GC(1) Using 4 workers of 4 for evacuation
[2023-05-07T02:19:22.812-0300][gc,mmu      ] GC(1) MMU target violated: 21,0ms (20,0ms/21,0ms)
[2023-05-07T02:19:22.812-0300][gc,phases   ] GC(1)   Pre Evacuate Collection Set: 0,2ms
[2023-05-07T02:19:22.812-0300][gc,phases   ] GC(1)   Merge Heap Roots: 0,1ms
[2023-05-07T02:19:22.812-0300][gc,phases   ] GC(1)   Evacuate Collection Set: 22,9ms
[2023-05-07T02:19:22.812-0300][gc,phases   ] GC(1)   Post Evacuate Collection Set: 1,1ms
[2023-05-07T02:19:22.812-0300][gc,phases   ] GC(1)   Other: 0,3ms
[2023-05-07T02:19:22.812-0300][gc,heap     ] GC(1) Eden regions: 12->0(49)
[2023-05-07T02:19:22.812-0300][gc,heap     ] GC(1) Survivor regions: 7->2(7)
[2023-05-07T02:19:22.812-0300][gc,heap     ] GC(1) Old regions: 1->8
[2023-05-07T02:19:22.812-0300][gc,heap     ] GC(1) Archive regions: 2->2
[2023-05-07T02:19:22.813-0300][gc,heap     ] GC(1) Humongous regions: 129->129
[2023-05-07T02:19:22.813-0300][gc,metaspace] GC(1) Metaspace: 21252K(21504K)->21252K(21504K) NonClass: 18702K(18816K)->18702K(18816K) Class: 2549K(2688K)->2549K(2688K)
[2023-05-07T02:19:22.813-0300][gc          ] GC(1) Pause Young (Concurrent Start) (Metadata GC Threshold) 149M->138M(1024M) 24,753ms
[2023-05-07T02:19:22.813-0300][gc,cpu      ] GC(1) User=0,02s Sys=0,01s Real=0,03s
[2023-05-07T02:19:22.813-0300][gc          ] GC(2) Concurrent Mark Cycle
[2023-05-07T02:19:22.813-0300][gc,marking  ] GC(2) Concurrent Clear Claimed Marks
[2023-05-07T02:19:22.813-0300][gc,marking  ] GC(2) Concurrent Clear Claimed Marks 0,025ms
[2023-05-07T02:19:22.813-0300][gc,marking  ] GC(2) Concurrent Scan Root Regions
[2023-05-07T02:19:22.822-0300][gc,marking  ] GC(2) Concurrent Scan Root Regions 9,171ms
[2023-05-07T02:19:22.822-0300][gc,marking  ] GC(2) Concurrent Mark
[2023-05-07T02:19:22.822-0300][gc,marking  ] GC(2) Concurrent Mark From Roots
[2023-05-07T02:19:22.822-0300][gc,task     ] GC(2) Using 1 workers of 1 for marking
[2023-05-07T02:19:22.826-0300][gc,marking  ] GC(2) Concurrent Mark From Roots 4,110ms
[2023-05-07T02:19:22.826-0300][gc,marking  ] GC(2) Concurrent Preclean
[2023-05-07T02:19:22.826-0300][gc,marking  ] GC(2) Concurrent Preclean 0,122ms
[2023-05-07T02:19:22.826-0300][gc,start    ] GC(2) Pause Remark
[2023-05-07T02:19:22.831-0300][gc          ] GC(2) Pause Remark 139M->139M(1024M) 4,176ms
[2023-05-07T02:19:22.831-0300][gc,cpu      ] GC(2) User=0,01s Sys=0,00s Real=0,01s
[2023-05-07T02:19:22.831-0300][gc,marking  ] GC(2) Concurrent Mark 8,803ms
[2023-05-07T02:19:22.831-0300][gc,marking  ] GC(2) Concurrent Rebuild Remembered Sets
[2023-05-07T02:19:22.849-0300][gc,marking  ] GC(2) Concurrent Rebuild Remembered Sets 18,617ms
[2023-05-07T02:19:22.850-0300][gc,start    ] GC(2) Pause Cleanup
[2023-05-07T02:19:22.850-0300][gc          ] GC(2) Pause Cleanup 139M->139M(1024M) 0,223ms
[2023-05-07T02:19:22.850-0300][gc,cpu      ] GC(2) User=0,00s Sys=0,00s Real=0,00s
[2023-05-07T02:19:22.850-0300][gc,marking  ] GC(2) Concurrent Cleanup for Next Mark
[2023-05-07T02:19:22.874-0300][gc,marking  ] GC(2) Concurrent Cleanup for Next Mark 24,320ms
[2023-05-07T02:19:22.874-0300][gc          ] GC(2) Concurrent Mark Cycle 61,691ms
[2023-05-07T02:19:25.111-0300][gc,start    ] GC(3) Pause Young (Normal) (G1 Evacuation Pause)
[2023-05-07T02:19:25.111-0300][gc,task     ] GC(3) Using 4 workers of 4 for evacuation
[2023-05-07T02:19:25.123-0300][gc,phases   ] GC(3)   Pre Evacuate Collection Set: 0,2ms
[2023-05-07T02:19:25.123-0300][gc,phases   ] GC(3)   Merge Heap Roots: 0,1ms
[2023-05-07T02:19:25.123-0300][gc,phases   ] GC(3)   Evacuate Collection Set: 11,7ms
[2023-05-07T02:19:25.123-0300][gc,phases   ] GC(3)   Post Evacuate Collection Set: 0,6ms
[2023-05-07T02:19:25.123-0300][gc,phases   ] GC(3)   Other: 0,2ms
[2023-05-07T02:19:25.123-0300][gc,heap     ] GC(3) Eden regions: 49->0(45)
[2023-05-07T02:19:25.123-0300][gc,heap     ] GC(3) Survivor regions: 2->6(7)
[2023-05-07T02:19:25.123-0300][gc,heap     ] GC(3) Old regions: 8->8
[2023-05-07T02:19:25.123-0300][gc,heap     ] GC(3) Archive regions: 2->2
[2023-05-07T02:19:25.123-0300][gc,heap     ] GC(3) Humongous regions: 129->129
[2023-05-07T02:19:25.123-0300][gc,metaspace] GC(3) Metaspace: 32765K(32960K)->32765K(32960K) NonClass: 29083K(29184K)->29083K(29184K) Class: 3681K(3776K)->3681K(3776K)
[2023-05-07T02:19:25.123-0300][gc          ] GC(3) Pause Young (Normal) (G1 Evacuation Pause) 187M->142M(1024M) 12,882ms
[2023-05-07T02:19:25.124-0300][gc,cpu      ] GC(3) User=0,02s Sys=0,00s Real=0,01s
[2023-05-07T02:19:33.671-0300][gc,start    ] GC(4) Pause Young (Concurrent Start) (Metadata GC Threshold)
[2023-05-07T02:19:33.671-0300][gc,task     ] GC(4) Using 4 workers of 4 for evacuation
[2023-05-07T02:19:33.693-0300][gc,mmu      ] GC(4) MMU target violated: 21,0ms (20,0ms/21,0ms)
[2023-05-07T02:19:33.693-0300][gc,phases   ] GC(4)   Pre Evacuate Collection Set: 0,3ms
[2023-05-07T02:19:33.693-0300][gc,phases   ] GC(4)   Merge Heap Roots: 0,1ms
[2023-05-07T02:19:33.693-0300][gc,phases   ] GC(4)   Evacuate Collection Set: 20,7ms
[2023-05-07T02:19:33.693-0300][gc,phases   ] GC(4)   Post Evacuate Collection Set: 0,7ms
[2023-05-07T02:19:33.693-0300][gc,phases   ] GC(4)   Other: 0,3ms
[2023-05-07T02:19:33.693-0300][gc,heap     ] GC(4) Eden regions: 15->0(49)
[2023-05-07T02:19:33.693-0300][gc,heap     ] GC(4) Survivor regions: 6->2(7)
[2023-05-07T02:19:33.693-0300][gc,heap     ] GC(4) Old regions: 8->13
[2023-05-07T02:19:33.693-0300][gc,heap     ] GC(4) Archive regions: 2->2
[2023-05-07T02:19:33.693-0300][gc,heap     ] GC(4) Humongous regions: 129->129
[2023-05-07T02:19:33.693-0300][gc,metaspace] GC(4) Metaspace: 35747K(36096K)->35747K(36096K) NonClass: 31561K(31744K)->31561K(31744K) Class: 4185K(4352K)->4185K(4352K)
[2023-05-07T02:19:33.693-0300][gc          ] GC(4) Pause Young (Concurrent Start) (Metadata GC Threshold) 157M->143M(1024M) 22,265ms
[2023-05-07T02:19:33.693-0300][gc,cpu      ] GC(4) User=0,02s Sys=0,00s Real=0,02s
[2023-05-07T02:19:33.693-0300][gc          ] GC(5) Concurrent Mark Cycle
[2023-05-07T02:19:33.693-0300][gc,marking  ] GC(5) Concurrent Clear Claimed Marks
[2023-05-07T02:19:33.693-0300][gc,marking  ] GC(5) Concurrent Clear Claimed Marks 0,033ms
[2023-05-07T02:19:33.693-0300][gc,marking  ] GC(5) Concurrent Scan Root Regions
[2023-05-07T02:19:33.702-0300][gc,marking  ] GC(5) Concurrent Scan Root Regions 8,659ms
[2023-05-07T02:19:33.702-0300][gc,marking  ] GC(5) Concurrent Mark
[2023-05-07T02:19:33.702-0300][gc,marking  ] GC(5) Concurrent Mark From Roots
[2023-05-07T02:19:33.702-0300][gc,task     ] GC(5) Using 1 workers of 1 for marking
[2023-05-07T02:19:33.725-0300][gc,marking  ] GC(5) Concurrent Mark From Roots 22,539ms
[2023-05-07T02:19:33.725-0300][gc,marking  ] GC(5) Concurrent Preclean
[2023-05-07T02:19:33.725-0300][gc,marking  ] GC(5) Concurrent Preclean 0,167ms
[2023-05-07T02:19:33.725-0300][gc,start    ] GC(5) Pause Remark
[2023-05-07T02:19:33.729-0300][gc          ] GC(5) Pause Remark 144M->144M(1024M) 3,439ms
[2023-05-07T02:19:33.729-0300][gc,cpu      ] GC(5) User=0,01s Sys=0,00s Real=0,00s
[2023-05-07T02:19:33.729-0300][gc,marking  ] GC(5) Concurrent Mark 26,572ms
[2023-05-07T02:19:33.729-0300][gc,marking  ] GC(5) Concurrent Rebuild Remembered Sets
[2023-05-07T02:19:33.743-0300][gc,marking  ] GC(5) Concurrent Rebuild Remembered Sets 14,184ms
[2023-05-07T02:19:33.747-0300][gc,start    ] GC(5) Pause Cleanup
[2023-05-07T02:19:33.748-0300][gc          ] GC(5) Pause Cleanup 145M->145M(1024M) 0,232ms
[2023-05-07T02:19:33.748-0300][gc,cpu      ] GC(5) User=0,00s Sys=0,00s Real=0,00s
[2023-05-07T02:19:33.748-0300][gc,marking  ] GC(5) Concurrent Cleanup for Next Mark
[2023-05-07T02:19:33.783-0300][gc,marking  ] GC(5) Concurrent Cleanup for Next Mark 35,807ms
[2023-05-07T02:19:33.784-0300][gc          ] GC(5) Concurrent Mark Cycle 90,140ms
[2023-05-07T02:20:21.394-0300][gc,start    ] GC(6) Pause Young (Prepare Mixed) (G1 Evacuation Pause)
[2023-05-07T02:20:21.398-0300][gc,task     ] GC(6) Using 4 workers of 4 for evacuation
[2023-05-07T02:20:21.414-0300][gc,phases   ] GC(6)   Pre Evacuate Collection Set: 0,3ms
[2023-05-07T02:20:21.414-0300][gc,phases   ] GC(6)   Merge Heap Roots: 0,2ms
[2023-05-07T02:20:21.414-0300][gc,phases   ] GC(6)   Evacuate Collection Set: 13,7ms
[2023-05-07T02:20:21.414-0300][gc,phases   ] GC(6)   Post Evacuate Collection Set: 1,2ms
[2023-05-07T02:20:21.414-0300][gc,phases   ] GC(6)   Other: 4,6ms
[2023-05-07T02:20:21.414-0300][gc,heap     ] GC(6) Eden regions: 49->0(46)
[2023-05-07T02:20:21.414-0300][gc,heap     ] GC(6) Survivor regions: 2->5(7)
[2023-05-07T02:20:21.414-0300][gc,heap     ] GC(6) Old regions: 13->13
[2023-05-07T02:20:21.414-0300][gc,heap     ] GC(6) Archive regions: 2->2
[2023-05-07T02:20:21.414-0300][gc,heap     ] GC(6) Humongous regions: 129->129
[2023-05-07T02:20:21.414-0300][gc,metaspace] GC(6) Metaspace: 41461K(42048K)->41461K(42048K) NonClass: 36522K(36864K)->36522K(36864K) Class: 4938K(5184K)->4938K(5184K)
[2023-05-07T02:20:21.414-0300][gc          ] GC(6) Pause Young (Prepare Mixed) (G1 Evacuation Pause) 192M->147M(1024M) 20,116ms
[2023-05-07T02:20:21.414-0300][gc,cpu      ] GC(6) User=0,02s Sys=0,00s Real=0,02s
[2023-05-07T02:22:27.346-0300][gc,start    ] GC(7) Pause Young (Mixed) (G1 Evacuation Pause)
[2023-05-07T02:22:27.346-0300][gc,task     ] GC(7) Using 4 workers of 4 for evacuation
[2023-05-07T02:22:27.366-0300][gc,phases   ] GC(7)   Pre Evacuate Collection Set: 0,2ms
[2023-05-07T02:22:27.366-0300][gc,phases   ] GC(7)   Merge Heap Roots: 0,1ms
[2023-05-07T02:22:27.366-0300][gc,phases   ] GC(7)   Evacuate Collection Set: 18,3ms
[2023-05-07T02:22:27.366-0300][gc,phases   ] GC(7)   Post Evacuate Collection Set: 1,2ms
[2023-05-07T02:22:27.366-0300][gc,phases   ] GC(7)   Other: 0,2ms
[2023-05-07T02:22:27.366-0300][gc,heap     ] GC(7) Eden regions: 46->0(48)
[2023-05-07T02:22:27.366-0300][gc,heap     ] GC(7) Survivor regions: 5->3(7)
[2023-05-07T02:22:27.366-0300][gc,heap     ] GC(7) Old regions: 13->17
[2023-05-07T02:22:27.366-0300][gc,heap     ] GC(7) Archive regions: 2->2
[2023-05-07T02:22:27.366-0300][gc,heap     ] GC(7) Humongous regions: 129->129
[2023-05-07T02:22:27.366-0300][gc,metaspace] GC(7) Metaspace: 42345K(42880K)->42345K(42880K) NonClass: 37403K(37696K)->37403K(37696K) Class: 4941K(5184K)->4941K(5184K)
[2023-05-07T02:22:27.366-0300][gc          ] GC(7) Pause Young (Mixed) (G1 Evacuation Pause) 193M->148M(1024M) 20,259ms
[2023-05-07T02:22:27.366-0300][gc,cpu      ] GC(7) User=0,04s Sys=0,01s Real=0,02s
[2023-05-07T02:22:52.778-0300][gc,heap,exit] Heap
[2023-05-07T02:22:52.778-0300][gc,heap,exit]  garbage-first heap   total 1048576K, used 169454K [0x00000000c0000000, 0x0000000100000000)
[2023-05-07T02:22:52.778-0300][gc,heap,exit]   region size 1024K, 20 young (20480K), 3 survivors (3072K)
[2023-05-07T02:22:52.778-0300][gc,heap,exit]  Metaspace       used 43099K, committed 43712K, reserved 1089536K
[2023-05-07T02:22:52.778-0300][gc,heap,exit]   class space    used 5103K, committed 5376K, reserved 1048576K
