[2023-05-07T00:49:30.942-0300][gc] Using G1
[2023-05-07T00:49:30.955-0300][gc,init] Version: 17.0.6+10-Ubuntu-0ubuntu122.04 (release)
[2023-05-07T00:49:30.955-0300][gc,init] CPUs: 4 total, 4 available
[2023-05-07T00:49:30.956-0300][gc,init] Memory: 7834M
[2023-05-07T00:49:30.956-0300][gc,init] Large Page Support: Disabled
[2023-05-07T00:49:30.956-0300][gc,init] NUMA Support: Disabled
[2023-05-07T00:49:30.956-0300][gc,init] Compressed Oops: Enabled (32-bit)
[2023-05-07T00:49:30.956-0300][gc,init] Heap Region Size: 1M
[2023-05-07T00:49:30.956-0300][gc,init] Heap Min Capacity: 1G
[2023-05-07T00:49:30.956-0300][gc,init] Heap Initial Capacity: 1G
[2023-05-07T00:49:30.956-0300][gc,init] Heap Max Capacity: 1G
[2023-05-07T00:49:30.956-0300][gc,init] Pre-touch: Disabled
[2023-05-07T00:49:30.956-0300][gc,init] Parallel Workers: 4
[2023-05-07T00:49:30.956-0300][gc,init] Concurrent Workers: 1
[2023-05-07T00:49:30.956-0300][gc,init] Concurrent Refinement Workers: 4
[2023-05-07T00:49:30.956-0300][gc,init] Periodic GC: Disabled
[2023-05-07T00:49:30.956-0300][gc,metaspace] CDS archive(s) mapped at: [0x0000000800000000-0x0000000800be3000-0x0000000800be3000), size 12464128, SharedBaseAddress: 0x0000000800000000, ArchiveRelocationMode: 0.
[2023-05-07T00:49:30.956-0300][gc,metaspace] Compressed class space mapped at: 0x0000000800c00000-0x0000000840c00000, reserved size: 1073741824
[2023-05-07T00:49:30.956-0300][gc,metaspace] Narrow klass base: 0x0000000800000000, Narrow klass shift: 0, Narrow klass range: 0x100000000
[2023-05-07T00:49:33.989-0300][gc,start    ] GC(0) Pause Young (Normal) (G1 Evacuation Pause)
[2023-05-07T00:49:33.994-0300][gc,task     ] GC(0) Using 4 workers of 4 for evacuation
[2023-05-07T00:49:34.018-0300][gc,mmu      ] GC(0) MMU target violated: 21,0ms (20,0ms/21,0ms)
[2023-05-07T00:49:34.018-0300][gc,phases   ] GC(0)   Pre Evacuate Collection Set: 0,3ms
[2023-05-07T00:49:34.018-0300][gc,phases   ] GC(0)   Merge Heap Roots: 0,1ms
[2023-05-07T00:49:34.018-0300][gc,phases   ] GC(0)   Evacuate Collection Set: 22,1ms
[2023-05-07T00:49:34.018-0300][gc,phases   ] GC(0)   Post Evacuate Collection Set: 0,7ms
[2023-05-07T00:49:34.018-0300][gc,phases   ] GC(0)   Other: 5,9ms
[2023-05-07T00:49:34.018-0300][gc,heap     ] GC(0) Eden regions: 51->0(44)
[2023-05-07T00:49:34.018-0300][gc,heap     ] GC(0) Survivor regions: 0->7(7)
[2023-05-07T00:49:34.018-0300][gc,heap     ] GC(0) Old regions: 0->1
[2023-05-07T00:49:34.018-0300][gc,heap     ] GC(0) Archive regions: 2->2
[2023-05-07T00:49:34.018-0300][gc,heap     ] GC(0) Humongous regions: 0->0
[2023-05-07T00:49:34.018-0300][gc,metaspace] GC(0) Metaspace: 18575K(18752K)->18575K(18752K) NonClass: 16371K(16448K)->16371K(16448K) Class: 2204K(2304K)->2204K(2304K)
[2023-05-07T00:49:34.018-0300][gc          ] GC(0) Pause Young (Normal) (G1 Evacuation Pause) 51M->8M(1024M) 29,263ms
[2023-05-07T00:49:34.018-0300][gc,cpu      ] GC(0) User=0,01s Sys=0,01s Real=0,03s
[2023-05-07T00:49:34.559-0300][gc,start    ] GC(1) Pause Young (Concurrent Start) (Metadata GC Threshold)
[2023-05-07T00:49:34.559-0300][gc,task     ] GC(1) Using 4 workers of 4 for evacuation
[2023-05-07T00:49:34.571-0300][gc,phases   ] GC(1)   Pre Evacuate Collection Set: 0,3ms
[2023-05-07T00:49:34.571-0300][gc,phases   ] GC(1)   Merge Heap Roots: 0,1ms
[2023-05-07T00:49:34.571-0300][gc,phases   ] GC(1)   Evacuate Collection Set: 10,7ms
[2023-05-07T00:49:34.571-0300][gc,phases   ] GC(1)   Post Evacuate Collection Set: 1,2ms
[2023-05-07T00:49:34.571-0300][gc,phases   ] GC(1)   Other: 0,3ms
[2023-05-07T00:49:34.571-0300][gc,heap     ] GC(1) Eden regions: 13->0(49)
[2023-05-07T00:49:34.571-0300][gc,heap     ] GC(1) Survivor regions: 7->2(7)
[2023-05-07T00:49:34.571-0300][gc,heap     ] GC(1) Old regions: 1->8
[2023-05-07T00:49:34.571-0300][gc,heap     ] GC(1) Archive regions: 2->2
[2023-05-07T00:49:34.571-0300][gc,heap     ] GC(1) Humongous regions: 129->129
[2023-05-07T00:49:34.571-0300][gc,metaspace] GC(1) Metaspace: 21267K(21504K)->21267K(21504K) NonClass: 18717K(18816K)->18717K(18816K) Class: 2550K(2688K)->2550K(2688K)
[2023-05-07T00:49:34.571-0300][gc          ] GC(1) Pause Young (Concurrent Start) (Metadata GC Threshold) 149M->138M(1024M) 12,717ms
[2023-05-07T00:49:34.571-0300][gc,cpu      ] GC(1) User=0,02s Sys=0,01s Real=0,02s
[2023-05-07T00:49:34.571-0300][gc          ] GC(2) Concurrent Mark Cycle
[2023-05-07T00:49:34.571-0300][gc,marking  ] GC(2) Concurrent Clear Claimed Marks
[2023-05-07T00:49:34.571-0300][gc,marking  ] GC(2) Concurrent Clear Claimed Marks 0,024ms
[2023-05-07T00:49:34.571-0300][gc,marking  ] GC(2) Concurrent Scan Root Regions
[2023-05-07T00:49:34.578-0300][gc,marking  ] GC(2) Concurrent Scan Root Regions 6,790ms
[2023-05-07T00:49:34.578-0300][gc,marking  ] GC(2) Concurrent Mark
[2023-05-07T00:49:34.578-0300][gc,marking  ] GC(2) Concurrent Mark From Roots
[2023-05-07T00:49:34.578-0300][gc,task     ] GC(2) Using 1 workers of 1 for marking
[2023-05-07T00:49:34.583-0300][gc,marking  ] GC(2) Concurrent Mark From Roots 4,492ms
[2023-05-07T00:49:34.583-0300][gc,marking  ] GC(2) Concurrent Preclean
[2023-05-07T00:49:34.583-0300][gc,marking  ] GC(2) Concurrent Preclean 0,095ms
[2023-05-07T00:49:34.583-0300][gc,start    ] GC(2) Pause Remark
[2023-05-07T00:49:34.586-0300][gc          ] GC(2) Pause Remark 139M->139M(1024M) 2,828ms
[2023-05-07T00:49:34.586-0300][gc,cpu      ] GC(2) User=0,00s Sys=0,00s Real=0,00s
[2023-05-07T00:49:34.586-0300][gc,marking  ] GC(2) Concurrent Mark 8,058ms
[2023-05-07T00:49:34.586-0300][gc,marking  ] GC(2) Concurrent Rebuild Remembered Sets
[2023-05-07T00:49:34.594-0300][gc,marking  ] GC(2) Concurrent Rebuild Remembered Sets 7,411ms
[2023-05-07T00:49:34.594-0300][gc,start    ] GC(2) Pause Cleanup
[2023-05-07T00:49:34.594-0300][gc          ] GC(2) Pause Cleanup 139M->139M(1024M) 0,314ms
[2023-05-07T00:49:34.594-0300][gc,cpu      ] GC(2) User=0,00s Sys=0,00s Real=0,00s
[2023-05-07T00:49:34.595-0300][gc,marking  ] GC(2) Concurrent Cleanup for Next Mark
[2023-05-07T00:49:34.607-0300][gc,marking  ] GC(2) Concurrent Cleanup for Next Mark 12,540ms
[2023-05-07T00:49:34.607-0300][gc          ] GC(2) Concurrent Mark Cycle 35,917ms
[2023-05-07T00:49:36.093-0300][gc,start    ] GC(3) Pause Young (Normal) (G1 Evacuation Pause)
[2023-05-07T00:49:36.093-0300][gc,task     ] GC(3) Using 4 workers of 4 for evacuation
[2023-05-07T00:49:36.123-0300][gc,mmu      ] GC(3) MMU target violated: 21,0ms (20,0ms/21,0ms)
[2023-05-07T00:49:36.124-0300][gc,phases   ] GC(3)   Pre Evacuate Collection Set: 0,2ms
[2023-05-07T00:49:36.124-0300][gc,phases   ] GC(3)   Merge Heap Roots: 0,1ms
[2023-05-07T00:49:36.124-0300][gc,phases   ] GC(3)   Evacuate Collection Set: 28,1ms
[2023-05-07T00:49:36.124-0300][gc,phases   ] GC(3)   Post Evacuate Collection Set: 1,9ms
[2023-05-07T00:49:36.124-0300][gc,phases   ] GC(3)   Other: 0,4ms
[2023-05-07T00:49:36.124-0300][gc,heap     ] GC(3) Eden regions: 49->0(45)
[2023-05-07T00:49:36.124-0300][gc,heap     ] GC(3) Survivor regions: 2->6(7)
[2023-05-07T00:49:36.124-0300][gc,heap     ] GC(3) Old regions: 8->8
[2023-05-07T00:49:36.124-0300][gc,heap     ] GC(3) Archive regions: 2->2
[2023-05-07T00:49:36.124-0300][gc,heap     ] GC(3) Humongous regions: 129->129
[2023-05-07T00:49:36.124-0300][gc,metaspace] GC(3) Metaspace: 32497K(32704K)->32497K(32704K) NonClass: 28867K(28992K)->28867K(28992K) Class: 3630K(3712K)->3630K(3712K)
[2023-05-07T00:49:36.124-0300][gc          ] GC(3) Pause Young (Normal) (G1 Evacuation Pause) 187M->142M(1024M) 30,833ms
[2023-05-07T00:49:36.124-0300][gc,cpu      ] GC(3) User=0,04s Sys=0,00s Real=0,03s
[2023-05-07T00:49:46.956-0300][gc,start    ] GC(4) Pause Young (Concurrent Start) (Metadata GC Threshold)
[2023-05-07T00:49:46.956-0300][gc,task     ] GC(4) Using 4 workers of 4 for evacuation
[2023-05-07T00:49:46.964-0300][gc,phases   ] GC(4)   Pre Evacuate Collection Set: 0,5ms
[2023-05-07T00:49:46.964-0300][gc,phases   ] GC(4)   Merge Heap Roots: 0,1ms
[2023-05-07T00:49:46.964-0300][gc,phases   ] GC(4)   Evacuate Collection Set: 7,1ms
[2023-05-07T00:49:46.964-0300][gc,phases   ] GC(4)   Post Evacuate Collection Set: 0,6ms
[2023-05-07T00:49:46.964-0300][gc,phases   ] GC(4)   Other: 0,3ms
[2023-05-07T00:49:46.964-0300][gc,heap     ] GC(4) Eden regions: 16->0(49)
[2023-05-07T00:49:46.964-0300][gc,heap     ] GC(4) Survivor regions: 6->2(7)
[2023-05-07T00:49:46.964-0300][gc,heap     ] GC(4) Old regions: 8->13
[2023-05-07T00:49:46.964-0300][gc,heap     ] GC(4) Archive regions: 2->2
[2023-05-07T00:49:46.964-0300][gc,heap     ] GC(4) Humongous regions: 129->129
[2023-05-07T00:49:46.964-0300][gc,metaspace] GC(4) Metaspace: 35772K(36096K)->35772K(36096K) NonClass: 31585K(31744K)->31585K(31744K) Class: 4186K(4352K)->4186K(4352K)
[2023-05-07T00:49:46.964-0300][gc          ] GC(4) Pause Young (Concurrent Start) (Metadata GC Threshold) 158M->144M(1024M) 8,722ms
[2023-05-07T00:49:46.964-0300][gc,cpu      ] GC(4) User=0,03s Sys=0,00s Real=0,01s
[2023-05-07T00:49:46.965-0300][gc          ] GC(5) Concurrent Mark Cycle
[2023-05-07T00:49:46.965-0300][gc,marking  ] GC(5) Concurrent Clear Claimed Marks
[2023-05-07T00:49:46.965-0300][gc,marking  ] GC(5) Concurrent Clear Claimed Marks 0,035ms
[2023-05-07T00:49:46.965-0300][gc,marking  ] GC(5) Concurrent Scan Root Regions
[2023-05-07T00:49:46.973-0300][gc,marking  ] GC(5) Concurrent Scan Root Regions 8,025ms
[2023-05-07T00:49:46.973-0300][gc,marking  ] GC(5) Concurrent Mark
[2023-05-07T00:49:46.973-0300][gc,marking  ] GC(5) Concurrent Mark From Roots
[2023-05-07T00:49:46.973-0300][gc,task     ] GC(5) Using 1 workers of 1 for marking
[2023-05-07T00:49:46.989-0300][gc,marking  ] GC(5) Concurrent Mark From Roots 16,213ms
[2023-05-07T00:49:46.989-0300][gc,marking  ] GC(5) Concurrent Preclean
[2023-05-07T00:49:46.989-0300][gc,marking  ] GC(5) Concurrent Preclean 0,158ms
[2023-05-07T00:49:46.990-0300][gc,start    ] GC(5) Pause Remark
[2023-05-07T00:49:46.993-0300][gc          ] GC(5) Pause Remark 145M->145M(1024M) 2,759ms
[2023-05-07T00:49:46.993-0300][gc,cpu      ] GC(5) User=0,00s Sys=0,00s Real=0,01s
[2023-05-07T00:49:46.993-0300][gc,marking  ] GC(5) Concurrent Mark 20,299ms
[2023-05-07T00:49:46.993-0300][gc,marking  ] GC(5) Concurrent Rebuild Remembered Sets
[2023-05-07T00:49:47.005-0300][gc,marking  ] GC(5) Concurrent Rebuild Remembered Sets 12,404ms
[2023-05-07T00:49:47.006-0300][gc,start    ] GC(5) Pause Cleanup
[2023-05-07T00:49:47.006-0300][gc          ] GC(5) Pause Cleanup 145M->145M(1024M) 0,179ms
[2023-05-07T00:49:47.006-0300][gc,cpu      ] GC(5) User=0,00s Sys=0,00s Real=0,00s
[2023-05-07T00:49:47.006-0300][gc,marking  ] GC(5) Concurrent Cleanup for Next Mark
[2023-05-07T00:49:47.018-0300][gc,marking  ] GC(5) Concurrent Cleanup for Next Mark 12,140ms
[2023-05-07T00:49:47.018-0300][gc          ] GC(5) Concurrent Mark Cycle 53,576ms
[2023-05-07T00:50:18.862-0300][gc,start    ] GC(6) Pause Young (Concurrent Start) (G1 Evacuation Pause)
[2023-05-07T00:50:18.862-0300][gc,task     ] GC(6) Using 4 workers of 4 for evacuation
[2023-05-07T00:50:18.882-0300][gc,phases   ] GC(6)   Pre Evacuate Collection Set: 0,6ms
[2023-05-07T00:50:18.882-0300][gc,phases   ] GC(6)   Merge Heap Roots: 0,2ms
[2023-05-07T00:50:18.882-0300][gc,phases   ] GC(6)   Evacuate Collection Set: 14,2ms
[2023-05-07T00:50:18.882-0300][gc,phases   ] GC(6)   Post Evacuate Collection Set: 4,5ms
[2023-05-07T00:50:18.882-0300][gc,phases   ] GC(6)   Other: 0,3ms
[2023-05-07T00:50:18.882-0300][gc,heap     ] GC(6) Eden regions: 49->0(47)
[2023-05-07T00:50:18.882-0300][gc,heap     ] GC(6) Survivor regions: 2->4(7)
[2023-05-07T00:50:18.882-0300][gc,heap     ] GC(6) Old regions: 13->13
[2023-05-07T00:50:18.882-0300][gc,heap     ] GC(6) Archive regions: 2->2
[2023-05-07T00:50:18.882-0300][gc,heap     ] GC(6) Humongous regions: 129->129
[2023-05-07T00:50:18.882-0300][gc,metaspace] GC(6) Metaspace: 41407K(42048K)->41407K(42048K) NonClass: 36341K(36736K)->36341K(36736K) Class: 5065K(5312K)->5065K(5312K)
[2023-05-07T00:50:18.882-0300][gc          ] GC(6) Pause Young (Concurrent Start) (G1 Evacuation Pause) 193M->146M(1024M) 20,012ms
[2023-05-07T00:50:18.882-0300][gc,cpu      ] GC(6) User=0,03s Sys=0,00s Real=0,02s
[2023-05-07T00:50:18.882-0300][gc          ] GC(7) Concurrent Mark Cycle
[2023-05-07T00:50:18.882-0300][gc,marking  ] GC(7) Concurrent Clear Claimed Marks
[2023-05-07T00:50:18.882-0300][gc,marking  ] GC(7) Concurrent Clear Claimed Marks 0,075ms
[2023-05-07T00:50:18.882-0300][gc,marking  ] GC(7) Concurrent Scan Root Regions
[2023-05-07T00:50:18.889-0300][gc,marking  ] GC(7) Concurrent Scan Root Regions 7,055ms
[2023-05-07T00:50:18.889-0300][gc,marking  ] GC(7) Concurrent Mark
[2023-05-07T00:50:18.889-0300][gc,marking  ] GC(7) Concurrent Mark From Roots
[2023-05-07T00:50:18.890-0300][gc,task     ] GC(7) Using 1 workers of 1 for marking
[2023-05-07T00:50:18.943-0300][gc,marking  ] GC(7) Concurrent Mark From Roots 53,201ms
[2023-05-07T00:50:18.943-0300][gc,marking  ] GC(7) Concurrent Preclean
[2023-05-07T00:50:18.943-0300][gc,marking  ] GC(7) Concurrent Preclean 0,145ms
[2023-05-07T00:50:18.943-0300][gc,start    ] GC(7) Pause Remark
[2023-05-07T00:50:18.951-0300][gc          ] GC(7) Pause Remark 147M->18M(1024M) 7,566ms
[2023-05-07T00:50:18.951-0300][gc,cpu      ] GC(7) User=0,01s Sys=0,00s Real=0,01s
[2023-05-07T00:50:18.951-0300][gc,marking  ] GC(7) Concurrent Mark 61,594ms
[2023-05-07T00:50:18.951-0300][gc,marking  ] GC(7) Concurrent Rebuild Remembered Sets
[2023-05-07T00:50:18.987-0300][gc,marking  ] GC(7) Concurrent Rebuild Remembered Sets 35,413ms
[2023-05-07T00:50:18.987-0300][gc,start    ] GC(7) Pause Cleanup
[2023-05-07T00:50:18.987-0300][gc          ] GC(7) Pause Cleanup 18M->18M(1024M) 0,233ms
[2023-05-07T00:50:18.987-0300][gc,cpu      ] GC(7) User=0,01s Sys=0,00s Real=0,00s
[2023-05-07T00:50:18.987-0300][gc,marking  ] GC(7) Concurrent Cleanup for Next Mark
[2023-05-07T00:50:18.989-0300][gc,marking  ] GC(7) Concurrent Cleanup for Next Mark 1,611ms
[2023-05-07T00:50:18.989-0300][gc          ] GC(7) Concurrent Mark Cycle 106,677ms
[2023-05-07T00:50:18.989-0300][gc,heap,exit] Heap
[2023-05-07T00:50:18.989-0300][gc,heap,exit]  garbage-first heap   total 1048576K, used 18461K [0x00000000c0000000, 0x0000000100000000)
[2023-05-07T00:50:18.989-0300][gc,heap,exit]   region size 1024K, 5 young (5120K), 4 survivors (4096K)
[2023-05-07T00:50:18.989-0300][gc,heap,exit]  Metaspace       used 41430K, committed 42048K, reserved 1089536K
[2023-05-07T00:50:18.989-0300][gc,heap,exit]   class space    used 5072K, committed 5312K, reserved 1048576K
