[2023-05-07T02:29:44.355-0300][gc] Using G1
[2023-05-07T02:29:44.363-0300][gc,init] Version: 17.0.6+10-Ubuntu-0ubuntu122.04 (release)
[2023-05-07T02:29:44.363-0300][gc,init] CPUs: 4 total, 4 available
[2023-05-07T02:29:44.363-0300][gc,init] Memory: 7834M
[2023-05-07T02:29:44.363-0300][gc,init] Large Page Support: Disabled
[2023-05-07T02:29:44.363-0300][gc,init] NUMA Support: Disabled
[2023-05-07T02:29:44.363-0300][gc,init] Compressed Oops: Enabled (32-bit)
[2023-05-07T02:29:44.363-0300][gc,init] Heap Region Size: 1M
[2023-05-07T02:29:44.363-0300][gc,init] Heap Min Capacity: 512M
[2023-05-07T02:29:44.363-0300][gc,init] Heap Initial Capacity: 512M
[2023-05-07T02:29:44.363-0300][gc,init] Heap Max Capacity: 512M
[2023-05-07T02:29:44.363-0300][gc,init] Pre-touch: Disabled
[2023-05-07T02:29:44.363-0300][gc,init] Parallel Workers: 4
[2023-05-07T02:29:44.363-0300][gc,init] Concurrent Workers: 1
[2023-05-07T02:29:44.363-0300][gc,init] Concurrent Refinement Workers: 4
[2023-05-07T02:29:44.363-0300][gc,init] Periodic GC: Disabled
[2023-05-07T02:29:44.364-0300][gc,metaspace] CDS archive(s) mapped at: [0x0000000800000000-0x0000000800be3000-0x0000000800be3000), size 12464128, SharedBaseAddress: 0x0000000800000000, ArchiveRelocationMode: 0.
[2023-05-07T02:29:44.364-0300][gc,metaspace] Compressed class space mapped at: 0x0000000800c00000-0x0000000840c00000, reserved size: 1073741824
[2023-05-07T02:29:44.364-0300][gc,metaspace] Narrow klass base: 0x0000000800000000, Narrow klass shift: 0, Narrow klass range: 0x100000000
[2023-05-07T02:29:46.546-0300][gc,start    ] GC(0) Pause Young (Normal) (G1 Evacuation Pause)
[2023-05-07T02:29:46.547-0300][gc,task     ] GC(0) Using 4 workers of 4 for evacuation
[2023-05-07T02:29:46.558-0300][gc,phases   ] GC(0)   Pre Evacuate Collection Set: 0,1ms
[2023-05-07T02:29:46.558-0300][gc,phases   ] GC(0)   Merge Heap Roots: 0,1ms
[2023-05-07T02:29:46.558-0300][gc,phases   ] GC(0)   Evacuate Collection Set: 10,4ms
[2023-05-07T02:29:46.558-0300][gc,phases   ] GC(0)   Post Evacuate Collection Set: 0,5ms
[2023-05-07T02:29:46.558-0300][gc,phases   ] GC(0)   Other: 1,1ms
[2023-05-07T02:29:46.558-0300][gc,heap     ] GC(0) Eden regions: 25->0(21)
[2023-05-07T02:29:46.558-0300][gc,heap     ] GC(0) Survivor regions: 0->4(4)
[2023-05-07T02:29:46.558-0300][gc,heap     ] GC(0) Old regions: 0->4
[2023-05-07T02:29:46.558-0300][gc,heap     ] GC(0) Archive regions: 2->2
[2023-05-07T02:29:46.558-0300][gc,heap     ] GC(0) Humongous regions: 0->0
[2023-05-07T02:29:46.558-0300][gc,metaspace] GC(0) Metaspace: 7987K(8128K)->7987K(8128K) NonClass: 7092K(7168K)->7092K(7168K) Class: 894K(960K)->894K(960K)
[2023-05-07T02:29:46.558-0300][gc          ] GC(0) Pause Young (Normal) (G1 Evacuation Pause) 25M->8M(512M) 12,421ms
[2023-05-07T02:29:46.558-0300][gc,cpu      ] GC(0) User=0,02s Sys=0,01s Real=0,01s
[2023-05-07T02:34:07.970-0300][gc,heap,exit] Heap
[2023-05-07T02:34:07.970-0300][gc,heap,exit]  garbage-first heap   total 524288K, used 16455K [0x00000000e0000000, 0x0000000100000000)
[2023-05-07T02:34:07.970-0300][gc,heap,exit]   region size 1024K, 13 young (13312K), 4 survivors (4096K)
[2023-05-07T02:34:07.970-0300][gc,heap,exit]  Metaspace       used 8563K, committed 8768K, reserved 1064960K
[2023-05-07T02:34:07.970-0300][gc,heap,exit]   class space    used 916K, committed 1024K, reserved 1048576K
