[2023-05-07T01:02:15.642-0300][gc] Using G1
[2023-05-07T01:02:15.702-0300][gc,init] Version: 17.0.6+10-Ubuntu-0ubuntu122.04 (release)
[2023-05-07T01:02:15.702-0300][gc,init] CPUs: 4 total, 4 available
[2023-05-07T01:02:15.702-0300][gc,init] Memory: 7834M
[2023-05-07T01:02:15.702-0300][gc,init] Large Page Support: Disabled
[2023-05-07T01:02:15.702-0300][gc,init] NUMA Support: Disabled
[2023-05-07T01:02:15.702-0300][gc,init] Compressed Oops: Enabled (32-bit)
[2023-05-07T01:02:15.702-0300][gc,init] Heap Region Size: 1M
[2023-05-07T01:02:15.702-0300][gc,init] Heap Min Capacity: 512M
[2023-05-07T01:02:15.702-0300][gc,init] Heap Initial Capacity: 512M
[2023-05-07T01:02:15.702-0300][gc,init] Heap Max Capacity: 512M
[2023-05-07T01:02:15.702-0300][gc,init] Pre-touch: Disabled
[2023-05-07T01:02:15.702-0300][gc,init] Parallel Workers: 4
[2023-05-07T01:02:15.702-0300][gc,init] Concurrent Workers: 1
[2023-05-07T01:02:15.702-0300][gc,init] Concurrent Refinement Workers: 4
[2023-05-07T01:02:15.702-0300][gc,init] Periodic GC: Disabled
[2023-05-07T01:02:15.702-0300][gc,metaspace] CDS archive(s) mapped at: [0x0000000800000000-0x0000000800be3000-0x0000000800be3000), size 12464128, SharedBaseAddress: 0x0000000800000000, ArchiveRelocationMode: 0.
[2023-05-07T01:02:15.702-0300][gc,metaspace] Compressed class space mapped at: 0x0000000800c00000-0x0000000840c00000, reserved size: 1073741824
[2023-05-07T01:02:15.702-0300][gc,metaspace] Narrow klass base: 0x0000000800000000, Narrow klass shift: 0, Narrow klass range: 0x100000000
[2023-05-07T01:02:19.642-0300][gc,start    ] GC(0) Pause Young (Normal) (G1 Evacuation Pause)
[2023-05-07T01:02:19.658-0300][gc,task     ] GC(0) Using 4 workers of 4 for evacuation
[2023-05-07T01:02:19.666-0300][gc,phases   ] GC(0)   Pre Evacuate Collection Set: 0,2ms
[2023-05-07T01:02:19.666-0300][gc,phases   ] GC(0)   Merge Heap Roots: 0,1ms
[2023-05-07T01:02:19.666-0300][gc,phases   ] GC(0)   Evacuate Collection Set: 7,3ms
[2023-05-07T01:02:19.666-0300][gc,phases   ] GC(0)   Post Evacuate Collection Set: 0,5ms
[2023-05-07T01:02:19.666-0300][gc,phases   ] GC(0)   Other: 15,7ms
[2023-05-07T01:02:19.666-0300][gc,heap     ] GC(0) Eden regions: 25->0(21)
[2023-05-07T01:02:19.666-0300][gc,heap     ] GC(0) Survivor regions: 0->4(4)
[2023-05-07T01:02:19.666-0300][gc,heap     ] GC(0) Old regions: 0->4
[2023-05-07T01:02:19.666-0300][gc,heap     ] GC(0) Archive regions: 2->2
[2023-05-07T01:02:19.666-0300][gc,heap     ] GC(0) Humongous regions: 0->0
[2023-05-07T01:02:19.666-0300][gc,metaspace] GC(0) Metaspace: 8015K(8192K)->8015K(8192K) NonClass: 7120K(7232K)->7120K(7232K) Class: 895K(960K)->895K(960K)
[2023-05-07T01:02:19.666-0300][gc          ] GC(0) Pause Young (Normal) (G1 Evacuation Pause) 25M->8M(512M) 23,980ms
[2023-05-07T01:02:19.666-0300][gc,cpu      ] GC(0) User=0,02s Sys=0,00s Real=0,02s
[2023-05-07T01:14:36.394-0300][gc,heap,exit] Heap
[2023-05-07T01:14:36.394-0300][gc,heap,exit]  garbage-first heap   total 524288K, used 17156K [0x00000000e0000000, 0x0000000100000000)
[2023-05-07T01:14:36.394-0300][gc,heap,exit]   region size 1024K, 13 young (13312K), 4 survivors (4096K)
[2023-05-07T01:14:36.394-0300][gc,heap,exit]  Metaspace       used 8647K, committed 8896K, reserved 1064960K
[2023-05-07T01:14:36.394-0300][gc,heap,exit]   class space    used 917K, committed 1024K, reserved 1048576K
